Component: ARM Compiler 5.06 update 7 (build 960) Tool: armlink [4d3601]

==============================================================================

Section Cross References

    main.o(i.main) refers to bsp.o(i.BSP_Init) for BSP_Init
    main.o(i.main) refers to delay.o(i.delay_ms) for delay_ms
    main.o(i.main) refers to printfa.o(i.__0printf) for __2printf
    main.o(i.main) refers to usbh_core.o(i.USBH_Process) for USBH_Process
    main.o(i.main) refers to usbh_core.o(i.USBH_DeInit) for USBH_DeInit
    main.o(i.main) refers to iap.o(i.iap_load_app) for iap_load_app
    main.o(i.main) refers to usbh_usr.o(.data) for jump_flag
    main.o(i.main) refers to main.o(.data) for Start_Loop
    main.o(i.main) refers to bsp.o(.bss) for USB_Host
    bsp.o(i.BSP_Init) refers to misc.o(i.NVIC_SetVectorTable) for NVIC_SetVectorTable
    bsp.o(i.BSP_Init) refers to misc.o(i.NVIC_PriorityGroupConfig) for NVIC_PriorityGroupConfig
    bsp.o(i.BSP_Init) refers to delay.o(i.delay_init) for delay_init
    bsp.o(i.BSP_Init) refers to delay.o(i.delay_ms) for delay_ms
    bsp.o(i.BSP_Init) refers to bsp.o(i.GOIO_OUT_Init) for GOIO_OUT_Init
    bsp.o(i.BSP_Init) refers to usart.o(i.HMI_USART_Init) for HMI_USART_Init
    bsp.o(i.BSP_Init) refers to printfa.o(i.__0printf) for __2printf
    bsp.o(i.BSP_Init) refers to malloc.o(i.my_mem_init) for my_mem_init
    bsp.o(i.BSP_Init) refers to exfuns.o(i.exfuns_init) for exfuns_init
    bsp.o(i.BSP_Init) refers to usbh_core.o(i.USBH_Init) for USBH_Init
    bsp.o(i.BSP_Init) refers to cmd_queue.o(i.queue_reset) for queue_reset
    bsp.o(i.BSP_Init) refers to usbh_usr.o(.data) for USR_Callbacks
    bsp.o(i.BSP_Init) refers to usbh_msc_core.o(.data) for USBH_MSC_cb
    bsp.o(i.BSP_Init) refers to bsp.o(.bss) for USB_Host
    bsp.o(i.GOIO_OUT_Init) refers to stm32f4xx_rcc.o(i.RCC_AHB1PeriphClockCmd) for RCC_AHB1PeriphClockCmd
    bsp.o(i.GOIO_OUT_Init) refers to stm32f4xx_gpio.o(i.GPIO_Init) for GPIO_Init
    bsp.o(i.GOIO_OUT_Init) refers to stm32f4xx_gpio.o(i.GPIO_ResetBits) for GPIO_ResetBits
    iap.o(i.iap_load_app) refers to sys.o(.emb_text) for MSR_MSP
    iap.o(i.iap_load_app) refers to iap.o(.data) for jump2app
    iap.o(i.iap_write_appbin) refers to stmflash.o(i.STMFLASH_Write) for STMFLASH_Write
    iap.o(i.iap_write_appbin) refers to iap.o(.bss) for iapbuf
    stmflash.o(i.STMFLASH_Read) refers to stmflash.o(i.STMFLASH_ReadWord) for STMFLASH_ReadWord
    stmflash.o(i.STMFLASH_Write) refers to stm32f4xx_flash.o(i.FLASH_Unlock) for FLASH_Unlock
    stmflash.o(i.STMFLASH_Write) refers to stm32f4xx_flash.o(i.FLASH_DataCacheCmd) for FLASH_DataCacheCmd
    stmflash.o(i.STMFLASH_Write) refers to stmflash.o(i.STMFLASH_ReadWord) for STMFLASH_ReadWord
    stmflash.o(i.STMFLASH_Write) refers to stmflash.o(i.STMFLASH_GetFlashSector) for STMFLASH_GetFlashSector
    stmflash.o(i.STMFLASH_Write) refers to stm32f4xx_flash.o(i.FLASH_EraseSector) for FLASH_EraseSector
    stmflash.o(i.STMFLASH_Write) refers to stm32f4xx_flash.o(i.FLASH_ProgramWord) for FLASH_ProgramWord
    stmflash.o(i.STMFLASH_Write) refers to stm32f4xx_flash.o(i.FLASH_Lock) for FLASH_Lock
    usb_hcd.o(i.HCD_HC_Init) refers to usb_core.o(i.USB_OTG_HC_Init) for USB_OTG_HC_Init
    usb_hcd.o(i.HCD_Init) refers to usb_core.o(i.USB_OTG_SelectCore) for USB_OTG_SelectCore
    usb_hcd.o(i.HCD_Init) refers to usb_core.o(i.USB_OTG_DisableGlobalInt) for USB_OTG_DisableGlobalInt
    usb_hcd.o(i.HCD_Init) refers to usb_core.o(i.USB_OTG_CoreInit) for USB_OTG_CoreInit
    usb_hcd.o(i.HCD_Init) refers to usb_core.o(i.USB_OTG_SetCurrentMode) for USB_OTG_SetCurrentMode
    usb_hcd.o(i.HCD_Init) refers to usb_core.o(i.USB_OTG_CoreInitHost) for USB_OTG_CoreInitHost
    usb_hcd.o(i.HCD_Init) refers to usb_core.o(i.USB_OTG_EnableGlobalInt) for USB_OTG_EnableGlobalInt
    usb_hcd.o(i.HCD_ResetPort) refers to usb_core.o(i.USB_OTG_ResetPort) for USB_OTG_ResetPort
    usb_hcd.o(i.HCD_SubmitRequest) refers to usb_core.o(i.USB_OTG_HC_StartXfer) for USB_OTG_HC_StartXfer
    usb_core.o(i.USB_OTG_CoreInit) refers to usb_core.o(i.USB_OTG_CoreReset) for USB_OTG_CoreReset
    usb_core.o(i.USB_OTG_CoreInit) refers to usb_bsp.o(i.USB_OTG_BSP_mDelay) for USB_OTG_BSP_mDelay
    usb_core.o(i.USB_OTG_CoreInitHost) refers to usb_bsp.o(i.USB_OTG_BSP_ConfigVBUS) for USB_OTG_BSP_ConfigVBUS
    usb_core.o(i.USB_OTG_CoreInitHost) refers to usb_core.o(i.USB_OTG_InitFSLSPClkSel) for USB_OTG_InitFSLSPClkSel
    usb_core.o(i.USB_OTG_CoreInitHost) refers to usb_core.o(i.USB_OTG_ResetPort) for USB_OTG_ResetPort
    usb_core.o(i.USB_OTG_CoreInitHost) refers to usb_core.o(i.USB_OTG_FlushTxFifo) for USB_OTG_FlushTxFifo
    usb_core.o(i.USB_OTG_CoreInitHost) refers to usb_core.o(i.USB_OTG_FlushRxFifo) for USB_OTG_FlushRxFifo
    usb_core.o(i.USB_OTG_CoreInitHost) refers to usb_core.o(i.USB_OTG_DriveVbus) for USB_OTG_DriveVbus
    usb_core.o(i.USB_OTG_CoreInitHost) refers to usb_core.o(i.USB_OTG_EnableHostInt) for USB_OTG_EnableHostInt
[...]
    maxLunExceed                             0x20000054   Data           1  usbh_msc_core.o(.data)
    .data                                    0x20000055   Section        1  usbh_msc_scsi.o(.data)
    status                                   0x20000055   Data           1  usbh_msc_scsi.o(.data)
    .data                                    0x20000058   Section       84  usbh_usr.o(.data)
    AppState                                 0x2000005c   Data           1  usbh_usr.o(.data)
    .data                                    0x200000ac   Section        4  delay.o(.data)
    fac_us                                   0x200000ac   Data           1  delay.o(.data)
    fac_ms                                   0x200000ae   Data           2  delay.o(.data)
    .data                                    0x200000b0   Section        6  cmd_queue.o(.data)
    cmd_state                                0x200000b0   Data           4  cmd_queue.o(.data)
    cmd_pos                                  0x200000b4   Data           2  cmd_queue.o(.data)
    .data                                    0x200000b6   Section        2  hmi_app.o(.data)
    current_screen_id                        0x200000b6   Data           2  hmi_app.o(.data)
    .data                                    0x200000b8   Section       12  usart.o(.data)
    .data                                    0x200000c4   Section        2  diskio.o(.data)
    .data                                    0x200000c6   Section        2  ff.o(.data)
    Fsid                                     0x200000c6   Data           2  ff.o(.data)
    .data                                    0x200000c8   Section       20  exfuns.o(.data)
    .data                                    0x200000dc   Section       16  stm32f4xx_rcc.o(.data)
    APBAHBPrescTable                         0x200000dc   Data          16  stm32f4xx_rcc.o(.data)
    .data                                    0x200000ec   Section       36  malloc.o(.data)
    .bss                                     0x20000110   Section     1584  bsp.o(.bss)
    .bss                                     0x20000740   Section     2048  iap.o(.bss)
    .bss                                     0x20000f40   Section      512  usbh_stdreq.o(.bss)
    .bss                                     0x20001140   Section       64  usbh_msc_bot.o(.bss)
    .bss                                     0x20001180   Section       74  usbh_msc_core.o(.bss)
    .bss                                     0x200011cc   Section     1040  usbh_msc_scsi.o(.bss)
    .bss                                     0x200015dc   Section     4926  usbh_usr.o(.bss)
    .bss                                     0x2000291a   Section     1028  cmd_queue.o(.bss)
    que                                      0x2000291a   Data        1028  cmd_queue.o(.bss)
    .bss                                     0x20002d1e   Section      500  hmi_app.o(.bss)
    .bss                                     0x20002f14   Section       12  ff.o(.bss)
    FatFs                                    0x20002f14   Data          12  ff.o(.bss)
    .bss                                     0x20002f20   Section       80  exfuns.o(.bss)
    .bss                                     0x20002f80   Section    108800  malloc.o(.bss)
    STACK                                    0x2001d880   Section     1024  startup_stm32f40_41xxx.o(STACK)
    .ARM.__AT_0x68000000                     0x68000000   Section    983040  malloc.o(.ARM.__AT_0x68000000)
    .ARM.__AT_0x680F0000                     0x680f0000   Section    61440  malloc.o(.ARM.__AT_0x680F0000)

    Global Symbols

    Symbol Name                              Value     Ov Type        Size  Object(Section)

    BuildAttributes$$THM_ISAv4$E$P$D$K$B$S$7EM$VFPi3$EXTD16$VFPS$VFMA$PE$A:L22UL41UL21$X:L11$S22US41US21$IEEE1$IW$USESV6$~STKCKD$USESV7$~SHL$OSPACE$ROPI$EBA8$MICROLIB$REQ8$PRES8$EABIv2 0x00000000   Number         0  anon$$obj.o ABSOLUTE
    __ARM_use_no_argv                        0x00000000   Number         0  main.o ABSOLUTE
    __use_no_errno                           0x00000000   Number         0  useno.o ABSOLUTE
    __use_no_exception_handling              0x00000000   Number         0  useno.o ABSOLUTE
    __use_no_fp                              0x00000000   Number         0  useno.o ABSOLUTE
    __use_no_heap                            0x00000000   Number         0  useno.o ABSOLUTE
    __use_no_heap_region                     0x00000000   Number         0  useno.o ABSOLUTE
    __use_no_semihosting                     0x00000000   Number         0  useno.o ABSOLUTE
    __use_no_semihosting_swi                 0x00000000   Number         0  useno.o ABSOLUTE
    __use_no_signal_handling                 0x00000000   Number         0  useno.o ABSOLUTE
    _printf_a                                0x00000000   Number         0  stubs.o ABSOLUTE
    _printf_c                                0x00000000   Number         0  stubs.o ABSOLUTE
    _printf_charcount                        0x00000000   Number         0  stubs.o ABSOLUTE
    _printf_d                                0x00000000   Number         0  stubs.o ABSOLUTE
    _printf_e                                0x00000000   Number         0  stubs.o ABSOLUTE
    _printf_f                                0x00000000   Number         0  stubs.o ABSOLUTE
    _printf_flags                            0x00000000   Number         0  stubs.o ABSOLUTE
    _printf_fp_dec                           0x00000000   Number         0  stubs.o ABSOLUTE
    _printf_fp_hex                           0x00000000   Number         0  stubs.o ABSOLUTE
    _printf_g                                0x00000000   Number         0  stubs.o ABSOLUTE
    _printf_i                                0x00000000   Number         0  stubs.o ABSOLUTE
    _printf_int_dec                          0x00000000   Number         0  stubs.o ABSOLUTE
    _printf_l                                0x00000000   Number         0  stubs.o ABSOLUTE
    _printf_lc                               0x00000000   Number         0  stubs.o ABSOLUTE
    _printf_ll                               0x00000000   Number         0  stubs.o ABSOLUTE
    _printf_lld                              0x00000000   Number         0  stubs.o ABSOLUTE
    _printf_lli                              0x00000000   Number         0  stubs.o ABSOLUTE
    _printf_llo                              0x00000000   Number         0  stubs.o ABSOLUTE
    _printf_llu                              0x00000000   Number         0  stubs.o ABSOLUTE
    _printf_llx                              0x00000000   Number         0  stubs.o ABSOLUTE
    _printf_longlong_dec                     0x00000000   Number         0  stubs.o ABSOLUTE
    _printf_longlong_hex                     0x00000000   Number         0  stubs.o ABSOLUTE
    _printf_longlong_oct                     0x00000000   Number         0  stubs.o ABSOLUTE
    _printf_ls                               0x00000000   Number         0  stubs.o ABSOLUTE
    _printf_mbtowc                           0x00000000   Number         0  stubs.o ABSOLUTE
    _printf_n                                0x00000000   Number         0  stubs.o ABSOLUTE
    _printf_o                                0x00000000   Number         0  stubs.o ABSOLUTE
    _printf_p                                0x00000000   Number         0  stubs.o ABSOLUTE
    _printf_percent                          0x00000000   Number         0  stubs.o ABSOLUTE
    _printf_pre_padding                      0x00000000   Number         0  stubs.o ABSOLUTE
    _printf_return_value                     0x00000000   Number         0  stubs.o ABSOLUTE
    _printf_s                                0x00000000   Number         0  stubs.o ABSOLUTE
    _printf_sizespec                         0x00000000   Number         0  stubs.o ABSOLUTE
    _printf_str                              0x00000000   Number         0  stubs.o ABSOLUTE
    _printf_truncate_signed                  0x00000000   Number         0  stubs.o ABSOLUTE
    _printf_truncate_unsigned                0x00000000   Number         0  stubs.o ABSOLUTE
    _printf_u                                0x00000000   Number         0  stubs.o ABSOLUTE
    _printf_wc                               0x00000000   Number         0  stubs.o ABSOLUTE
    _printf_wctomb                           0x00000000   Number         0  stubs.o ABSOLUTE
    _printf_widthprec                        0x00000000   Number         0  stubs.o ABSOLUTE
    _printf_x                                0x00000000   Number         0  stubs.o ABSOLUTE
    __arm_fini_                               - Undefined Weak Reference
    __cpp_initialize__aeabi_                  - Undefined Weak Reference
    __cxa_finalize                            - Undefined Weak Reference
    __decompress                              - Undefined Weak Reference
    _clock_init                               - Undefined Weak Reference
    _microlib_exit                            - Undefined Weak Reference
    __Vectors_Size                           0x00000188   Number         0  startup_stm32f40_41xxx.o ABSOLUTE
    __Vectors                                0x08000000   Data           4  startup_stm32f40_41xxx.o(RESET)
    __Vectors_End                            0x08000188   Data           0  startup_stm32f40_41xxx.o(RESET)
    __main                                   0x08000189   Thumb Code     0  entry.o(.ARM.Collect$$$$00000000)
    _main_stk                                0x08000189   Thumb Code     0  entry2.o(.ARM.Collect$$$$00000001)
    _main_scatterload                        0x0800018d   Thumb Code     0  entry5.o(.ARM.Collect$$$$00000004)
    __main_after_scatterload                 0x08000191   Thumb Code     0  entry5.o(.ARM.Collect$$$$00000004)
    _main_clock                              0x08000191   Thumb Code     0  entry7b.o(.ARM.Collect$$$$00000008)
    _main_cpp_init                           0x08000191   Thumb Code     0  entry8b.o(.ARM.Collect$$$$0000000A)
    _main_init                               0x08000191   Thumb Code     0  entry9a.o(.ARM.Collect$$$$0000000B)
    __rt_lib_shutdown_fini                   0x08000199   Thumb Code     0  entry12b.o(.ARM.Collect$$$$0000000E)
    __rt_final_cpp                           0x0800019d   Thumb Code     0  entry10a.o(.ARM.Collect$$$$0000000F)
    __rt_final_exit                          0x0800019d   Thumb Code     0  entry11a.o(.ARM.Collect$$$$00000011)
    WFI_SET                                  0x080001a1   Thumb Code     2  sys.o(.emb_text)
    INTX_DISABLE                             0x080001a3   Thumb Code     4  sys.o(.emb_text)
    INTX_ENABLE                              0x080001a7   Thumb Code     4  sys.o(.emb_text)
    MSR_MSP                                  0x080001ab   Thumb Code     6  sys.o(.emb_text)
    Reset_Handler                            0x080001b1   Thumb Code     8  startup_stm32f40_41xxx.o(.text)
    SVC_Handler                              0x080001c3   Thumb Code     2  startup_stm32f40_41xxx.o(.text)
    PendSV_Handler                           0x080001c7   Thumb Code     2  startup_stm32f40_41xxx.o(.text)
    SysTick_Handler                          0x080001c9   Thumb Code     2  startup_stm32f40_41xxx.o(.text)
    ADC_IRQHandler                           0x080001cb   Thumb Code     0  startup_stm32f40_41xxx.o(.text)
    CAN1_RX0_IRQHandler                      0x080001cb   Thumb Code     0  startup_stm32f40_41xxx.o(.text)
    CAN1_RX1_IRQHandler                      0x080001cb   Thumb Code     0  startup_stm32f40_41xxx.o(.text)
    CAN1_SCE_IRQHandler                      0x080001cb   Thumb Code     0  startup_stm32f40_41xxx.o(.text)
    CAN1_TX_IRQHandler                       0x080001cb   Thumb Code     0  startup_stm32f40_41xxx.o(.text)
    CAN2_RX0_IRQHandler                      0x080001cb   Thumb Code     0  startup_stm32f40_41xxx.o(.text)
    CAN2_RX1_IRQHandler                      0x080001cb   Thumb Code     0  startup_stm32f40_41xxx.o(.text)
    CAN2_SCE_IRQHandler                      0x080001cb   Thumb Code     0  startup_stm32f40_41xxx.o(.text)
    CAN2_TX_IRQHandler                       0x080001cb   Thumb Code     0  startup_stm32f40_41xxx.o(.text)
    CRYP_IRQHandler                          0x080001cb   Thumb Code     0  startup_stm32f40_41xxx.o(.text)
    DCMI_IRQHandler                          0x080001cb   Thumb Code     0  startup_stm32f40_41xxx.o(.text)
    DMA1_Stream0_IRQHandler                  0x080001cb   Thumb Code     0  startup_stm32f40_41xxx.o(.text)
    DMA1_Stream1_IRQHandler                  0x080001cb   Thumb Code     0  startup_stm32f40_41xxx.o(.text)
    DMA1_Stream2_IRQHandler                  0x080001cb   Thumb Code     0  startup_stm32f40_41xxx.o(.text)
    DMA1_Stream3_IRQHandler                  0x080001cb   Thumb Code     0  startup_stm32f40_41xxx.o(.text)
    DMA1_Stream4_IRQHandler                  0x080001cb   Thumb Code     0  startup_stm32f40_41xxx.o(.text)
    DMA1_Stream5_IRQHandler                  0x080001cb   Thumb Code     0  startup_stm32f40_41xxx.o(.text)
    DMA1_Stream6_IRQHandler                  0x080001cb   Thumb Code     0  startup_stm32f40_41xxx.o(.text)
    DMA1_Stream7_IRQHandler                  0x080001cb   Thumb Code     0  startup_stm32f40_41xxx.o(.text)
    DMA2_Stream0_IRQHandler                  0x080001cb   Thumb Code     0  startup_stm32f40_41xxx.o(.text)
    DMA2_Stream1_IRQHandler                  0x080001cb   Thumb Code     0  startup_stm32f40_41xxx.o(.text)
    DMA2_Stream2_IRQHandler                  0x080001cb   Thumb Code     0  startup_stm32f40_41xxx.o(.text)
    DMA2_Stream3_IRQHandler                  0x080001cb   Thumb Code     0  startup_stm32f40_41xxx.o(.text)
    DMA2_Stream4_IRQHandler                  0x080001cb   Thumb Code     0  startup_stm32f40_41xxx.o(.text)
    DMA2_Stream5_IRQHandler                  0x080001cb   Thumb Code     0  startup_stm32f40_41xxx.o(.text)
    DMA2_Stream6_IRQHandler                  0x080001cb   Thumb Code     0  startup_stm32f40_41xxx.o(.text)
    DMA2_Stream7_IRQHandler                  0x080001cb   Thumb Code     0  startup_stm32f40_41xxx.o(.text)
    ETH_IRQHandler                           0x080001cb   Thumb Code     0  startup_stm32f40_41xxx.o(.text)
    ETH_WKUP_IRQHandler                      0x080001cb   Thumb Code     0  startup_stm32f40_41xxx.o(.text)
    EXTI0_IRQHandler                         0x080001cb   Thumb Code     0  startup_stm32f40_41xxx.o(.text)
    EXTI15_10_IRQHandler                     0x080001cb   Thumb Code     0  startup_stm32f40_41xxx.o(.text)
    EXTI1_IRQHandler                         0x080001cb   Thumb Code     0  startup_stm32f40_41xxx.o(.text)
    EXTI2_IRQHandler                         0x080001cb   Thumb Code     0  startup_stm32f40_41xxx.o(.text)
    EXTI3_IRQHandler                         0x080001cb   Thumb Code     0  startup_stm32f40_41xxx.o(.text)
    EXTI4_IRQHandler                         0x080001cb   Thumb Code     0  startup_stm32f40_41xxx.o(.text)
    EXTI9_5_IRQHandler                       0x080001cb   Thumb Code     0  startup_stm32f40_41xxx.o(.text)
    FLASH_IRQHandler                         0x080001cb   Thumb Code     0  startup_stm32f40_41xxx.o(.text)
    FPU_IRQHandler                           0x080001cb   Thumb Code     0  startup_stm32f40_41xxx.o(.text)
    FSMC_IRQHandler                          0x080001cb   Thumb Code     0  startup_stm32f40_41xxx.o(.text)
    HASH_RNG_IRQHandler                      0x080001cb   Thumb Code     0  startup_stm32f40_41xxx.o(.text)
    I2C1_ER_IRQHandler                       0x080001cb   Thumb Code     0  startup_stm32f40_41xxx.o(.text)
    I2C1_EV_IRQHandler                       0x080001cb   Thumb Code     0  startup_stm32f40_41xxx.o(.text)
    I2C2_ER_IRQHandler                       0x080001cb   Thumb Code     0  startup_stm32f40_41xxx.o(.text)
    I2C2_EV_IRQHandler                       0x080001cb   Thumb Code     0  startup_stm32f40_41xxx.o(.text)
    I2C3_ER_IRQHandler                       0x080001cb   Thumb Code     0  startup_stm32f40_41xxx.o(.text)
    I2C3_EV_IRQHandler                       0x080001cb   Thumb Code     0  startup_stm32f40_41xxx.o(.text)
    OTG_FS_WKUP_IRQHandler                   0x080001cb   Thumb Code     0  startup_stm32f40_41xxx.o(.text)
    OTG_HS_EP1_IN_IRQHandler                 0x080001cb   Thumb Code     0  startup_stm32f40_41xxx.o(.text)
    OTG_HS_EP1_OUT_IRQHandler                0x080001cb   Thumb Code     0  startup_stm32f40_41xxx.o(.text)
    OTG_HS_IRQHandler                        0x080001cb   Thumb Code     0  startup_stm32f40_41xxx.o(.text)
    OTG_HS_WKUP_IRQHandler                   0x080001cb   Thumb Code     0  startup_stm32f40_41xxx.o(.text)
    PVD_IRQHandler                           0x080001cb   Thumb Code     0  startup_stm32f40_41xxx.o(.text)
    RCC_IRQHandler                           0x080001cb   Thumb Code     0  startup_stm32f40_41xxx.o(.text)
    RTC_Alarm_IRQHandler                     0x080001cb   Thumb Code     0  startup_stm32f40_41xxx.o(.text)
    RTC_WKUP_IRQHandler                      0x080001cb   Thumb Code     0  startup_stm32f40_41xxx.o(.text)
    SDIO_IRQHandler                          0x080001cb   Thumb Code     0  startup_stm32f40_41xxx.o(.text)
    SPI1_IRQHandler                          0x080001cb   Thumb Code     0  startup_stm32f40_41xxx.o(.text)
    SPI2_IRQHandler                          0x080001cb   Thumb Code     0  startup_stm32f40_41xxx.o(.text)
    SPI3_IRQHandler                          0x080001cb   Thumb Code     0  startup_stm32f40_41xxx.o(.text)
    TAMP_STAMP_IRQHandler                    0x080001cb   Thumb Code     0  startup_stm32f40_41xxx.o(.text)
    TIM1_BRK_TIM9_IRQHandler                 0x080001cb   Thumb Code     0  startup_stm32f40_41xxx.o(.text)
    TIM1_CC_IRQHandler                       0x080001cb   Thumb Code     0  startup_stm32f40_41xxx.o(.text)
    TIM1_TRG_COM_TIM11_IRQHandler            0x080001cb   Thumb Code     0  startup_stm32f40_41xxx.o(.text)
    TIM1_UP_TIM10_IRQHandler                 0x080001cb   Thumb Code     0  startup_stm32f40_41xxx.o(.text)
    TIM2_IRQHandler                          0x080001cb   Thumb Code     0  startup_stm32f40_41xxx.o(.text)
    TIM3_IRQHandler                          0x080001cb   Thumb Code     0  startup_stm32f40_41xxx.o(.text)
    TIM4_IRQHandler                          0x080001cb   Thumb Code     0  startup_stm32f40_41xxx.o(.text)
    TIM5_IRQHandler                          0x080001cb   Thumb Code     0  startup_stm32f40_41xxx.o(.text)
    TIM6_DAC_IRQHandler                      0x080001cb   Thumb Code     0  startup_stm32f40_41xxx.o(.text)
    TIM7_IRQHandler                          0x080001cb   Thumb Code     0  startup_stm32f40_41xxx.o(.text)
    TIM8_BRK_TIM12_IRQHandler                0x080001cb   Thumb Code     0  startup_stm32f40_41xxx.o(.text)
    TIM8_CC_IRQHandler                       0x080001cb   Thumb Code     0  startup_stm32f40_41xxx.o(.text)
    TIM8_TRG_COM_TIM14_IRQHandler            0x080001cb   Thumb Code     0  startup_stm32f40_41xxx.o(.text)
    TIM8_UP_TIM13_IRQHandler                 0x080001cb   Thumb Code     0  startup_stm32f40_41xxx.o(.text)
    UART4_IRQHandler                         0x080001cb   Thumb Code     0  startup_stm32f40_41xxx.o(.text)
    UART5_IRQHandler                         0x080001cb   Thumb Code     0  startup_stm32f40_41xxx.o(.text)
    USART2_IRQHandler                        0x080001cb   Thumb Code     0  startup_stm32f40_41xxx.o(.text)
    USART3_IRQHandler                        0x080001cb   Thumb Code     0  startup_stm32f40_41xxx.o(.text)
    USART6_IRQHandler                        0x080001cb   Thumb Code     0  startup_stm32f40_41xxx.o(.text)
    WWDG_IRQHandler                          0x080001cb   Thumb Code     0  startup_stm32f40_41xxx.o(.text)
    __aeabi_f2d                              0x080001d5   Thumb Code    38  f2d.o(.text)
    __aeabi_uidiv                            0x080001fb   Thumb Code     0  uidiv.o(.text)
    __aeabi_uidivmod                         0x080001fb   Thumb Code    44  uidiv.o(.text)
    __aeabi_uldivmod                         0x08000227   Thumb Code    98  uldiv.o(.text)
    __I$use$fp                               0x08000289   Thumb Code     0  iusefp.o(.text)
    __aeabi_dadd                             0x08000289   Thumb Code   322  dadd.o(.text)
    __aeabi_dsub                             0x080003cb   Thumb Code     6  dadd.o(.text)
    __aeabi_drsub                            0x080003d1   Thumb Code     6  dadd.o(.text)
    __aeabi_dmul                             0x080003d7   Thumb Code   228  dmul.o(.text)
    __aeabi_ddiv                             0x080004bb   Thumb Code   222  ddiv.o(.text)
    __aeabi_d2ulz                            0x08000599   Thumb Code    48  dfixul.o(.text)
    __aeabi_cdrcmple                         0x080005c9   Thumb Code    48  cdrcmple.o(.text)
    __scatterload                            0x080005f9   Thumb Code    28  init.o(.text)
    __scatterload_rt2                        0x080005f9   Thumb Code     0  init.o(.text)
    __aeabi_llsl                             0x0800061d   Thumb Code    30  llshl.o(.text)
    _ll_shift_l                              0x0800061d   Thumb Code     0  llshl.o(.text)
    __aeabi_llsr                             0x0800063b   Thumb Code    32  llushr.o(.text)
    _ll_ushift_r                             0x0800063b   Thumb Code     0  llushr.o(.text)
    __aeabi_lasr                             0x0800065b   Thumb Code    36  llsshr.o(.text)
    _ll_sshift_r                             0x0800065b   Thumb Code     0  llsshr.o(.text)
    _double_round                            0x0800067f   Thumb Code    30  depilogue.o(.text)
    _double_epilogue                         0x0800069d   Thumb Code   156  depilogue.o(.text)
    BELL_Work                                0x08000739   Thumb Code     2  bell.o(i.BELL_Work)
    BSP_Init                                 0x0800073d   Thumb Code   152  bsp.o(i.BSP_Init)
    BeginUpdateHMI                           0x0800087d   Thumb Code    22  hmi_driver.o(i.BeginUpdateHMI)
    BusFault_Handler                         0x0800089d   Thumb Code     8  stm32f4xx_it.o(i.BusFault_Handler)
    CheckHMIUpdateFiles                      0x080008a5   Thumb Code   148  usbh_usr.o(i.CheckHMIUpdateFiles)
    Check_HMI_Image_Index                    0x0800098d   Thumb Code   222  usbh_usr.o(i.Check_HMI_Image_Index)
    DebugMon_Handler                         0x08000a7d   Thumb Code     2  stm32f4xx_it.o(i.DebugMon_Handler)
    EndUpdateHMI                             0x08000a81   Thumb Code    20  hmi_driver.o(i.EndUpdateHMI)
    FLASH_DataCacheCmd                       0x08000a99   Thumb Code    30  stm32f4xx_flash.o(i.FLASH_DataCacheCmd)
    FLASH_EraseSector                        0x08000abd   Thumb Code   130  stm32f4xx_flash.o(i.FLASH_EraseSector)
    FLASH_GetStatus                          0x08000b45   Thumb Code    80  stm32f4xx_flash.o(i.FLASH_GetStatus)
    FLASH_Lock                               0x08000b99   Thumb Code    14  stm32f4xx_flash.o(i.FLASH_Lock)
    FLASH_ProgramWord                        0x08000bad   Thumb Code    74  stm32f4xx_flash.o(i.FLASH_ProgramWord)
    FLASH_Unlock                             0x08000bfd   Thumb Code    24  stm32f4xx_flash.o(i.FLASH_Unlock)
    FLASH_WaitForLastOperation               0x08000c21   Thumb Code    34  stm32f4xx_flash.o(i.FLASH_WaitForLastOperation)
    GOIO_OUT_Init                            0x08000c45   Thumb Code    56  bsp.o(i.GOIO_OUT_Init)
    GPIO_Init                                0x08000c81   Thumb Code   144  stm32f4xx_gpio.o(i.GPIO_Init)
    GPIO_PinAFConfig                         0x08000d11   Thumb Code    70  stm32f4xx_gpio.o(i.GPIO_PinAFConfig)
    GPIO_ResetBits                           0x08000d57   Thumb Code     4  stm32f4xx_gpio.o(i.GPIO_ResetBits)
    HCD_GetCurrentFrame                      0x08000d5b   Thumb Code    10  usb_hcd.o(i.HCD_GetCurrentFrame)
    HCD_GetCurrentSpeed                      0x08000d65   Thumb Code    20  usb_hcd.o(i.HCD_GetCurrentSpeed)
    HCD_GetURB_State                         0x08000d79   Thumb Code    10  usb_hcd.o(i.HCD_GetURB_State)
    HCD_GetXferCnt                           0x08000d83   Thumb Code    12  usb_hcd.o(i.HCD_GetXferCnt)
    HCD_Init                                 0x08000d8f   Thumb Code    96  usb_hcd.o(i.HCD_Init)
    HCD_IsDeviceConnected                    0x08000def   Thumb Code     8  usb_hcd.o(i.HCD_IsDeviceConnected)
    HCD_ResetPort                            0x08000df7   Thumb Code    14  usb_hcd.o(i.HCD_ResetPort)
    HCD_SubmitRequest                        0x08000e05   Thumb Code    32  usb_hcd.o(i.HCD_SubmitRequest)
    HMI_SendSingleChar                       0x08000e25   Thumb Code    42  usart.o(i.HMI_SendSingleChar)
    HMI_USART_Init                           0x08000e55   Thumb Code   172  usart.o(i.HMI_USART_Init)
    HardFault_Handler                        0x08000f09   Thumb Code     8  stm32f4xx_it.o(i.HardFault_Handler)
    MemManage_Handler                        0x08000f11   Thumb Code     8  stm32f4xx_it.o(i.MemManage_Handler)
    NMI_Handler                              0x08000f19   Thumb Code     2  stm32f4xx_it.o(i.NMI_Handler)
    NVIC_Init                                0x08000f1d   Thumb Code   106  misc.o(i.NVIC_Init)
    NVIC_PriorityGroupConfig                 0x08000f95   Thumb Code    10  misc.o(i.NVIC_PriorityGroupConfig)
    NVIC_SetVectorTable                      0x08000fa9   Thumb Code    12  misc.o(i.NVIC_SetVectorTable)
    NotifyButton                             0x08000fe5   Thumb Code    42  hmi_app.o(i.NotifyButton)
    NotifyScreen                             0x08001021   Thumb Code    14  hmi_app.o(i.NotifyScreen)
    OTG_FS_IRQHandler                        0x08001035   Thumb Code    10  usbh_usr.o(i.OTG_FS_IRQHandler)
    ProcessMessage                           0x08001045   Thumb Code    76  hmi_app.o(i.ProcessMessage)
    RCC_AHB1PeriphClockCmd                   0x08001091   Thumb Code    26  stm32f4xx_rcc.o(i.RCC_AHB1PeriphClockCmd)
    RCC_AHB2PeriphClockCmd                   0x080010b1   Thumb Code    26  stm32f4xx_rcc.o(i.RCC_AHB2PeriphClockCmd)
    RCC_APB1PeriphResetCmd                   0x080010d1   Thumb Code    26  stm32f4xx_rcc.o(i.RCC_APB1PeriphResetCmd)
    RCC_APB2PeriphClockCmd                   0x080010f1   Thumb Code    26  stm32f4xx_rcc.o(i.RCC_APB2PeriphClockCmd)
    RCC_APB2PeriphResetCmd                   0x08001111   Thumb Code    26  stm32f4xx_rcc.o(i.RCC_APB2PeriphResetCmd)
    RCC_GetClocksFreq                        0x08001131   Thumb Code   214  stm32f4xx_rcc.o(i.RCC_GetClocksFreq)
    RSRT                                     0x08001219   Thumb Code    68  hmi_driver.o(i.RSRT)
    ReadImgIdx                               0x08001261   Thumb Code    40  hmi_driver.o(i.ReadImgIdx)
    STMFLASH_GetFlashSector                  0x08001289   Thumb Code   116  stmflash.o(i.STMFLASH_GetFlashSector)
    STMFLASH_ReadWord                        0x08001329   Thumb Code     6  stmflash.o(i.STMFLASH_ReadWord)
    STMFLASH_Write                           0x08001331   Thumb Code   146  stmflash.o(i.STMFLASH_Write)
    SendFiledData                            0x080013c9   Thumb Code    30  hmi_driver.o(i.SendFiledData)
    SendNU8                                  0x080013ed   Thumb Code    26  hmi_driver.o(i.SendNU8)
    SetProgressValue                         0x08001407   Thumb Code   104  hmi_driver.o(i.SetProgressValue)
    SetScreen                                0x0800146f   Thumb Code    60  hmi_driver.o(i.SetScreen)
    SysTick_CLKSourceConfig                  0x08001599   Thumb Code    40  misc.o(i.SysTick_CLKSourceConfig)
    SystemInit                               0x080015c1   Thumb Code    88  system_stm32f4xx.o(i.SystemInit)
    USART1_IRQHandler                        0x08001629   Thumb Code   104  usart.o(i.USART1_IRQHandler)
    USART_ClearFlag                          0x08001695   Thumb Code    18  stm32f4xx_usart.o(i.USART_ClearFlag)
    USART_ClearITPendingBit                  0x080016a7   Thumb Code    30  stm32f4xx_usart.o(i.USART_ClearITPendingBit)
    USART_Cmd                                0x080016c5   Thumb Code    24  stm32f4xx_usart.o(i.USART_Cmd)
    USART_DeInit                             0x080016dd   Thumb Code   206  stm32f4xx_usart.o(i.USART_DeInit)
    USART_GetFlagStatus                      0x080017cd   Thumb Code    26  stm32f4xx_usart.o(i.USART_GetFlagStatus)
    USART_GetITStatus                        0x080017e7   Thumb Code    84  stm32f4xx_usart.o(i.USART_GetITStatus)
    USART_ITConfig                           0x0800183b   Thumb Code    74  stm32f4xx_usart.o(i.USART_ITConfig)
    USART_Init                               0x08001885   Thumb Code   204  stm32f4xx_usart.o(i.USART_Init)
    USART_ReceiveData                        0x08001959   Thumb Code    10  stm32f4xx_usart.o(i.USART_ReceiveData)
    USART_SendData                           0x08001963   Thumb Code     8  stm32f4xx_usart.o(i.USART_SendData)
    USBH_Alloc_Channel                       0x0800196b   Thumb Code    38  usbh_hcs.o(i.USBH_Alloc_Channel)
    USBH_BulkReceiveData                     0x08001991   Thumb Code    96  usbh_ioreq.o(i.USBH_BulkReceiveData)
    USBH_BulkSendData                        0x080019f1   Thumb Code    94  usbh_ioreq.o(i.USBH_BulkSendData)
    USBH_ClrFeature                          0x08001a4f   Thumb Code    76  usbh_stdreq.o(i.USBH_ClrFeature)
    USBH_Connected                           0x08001a9b   Thumb Code    12  usbh_core.o(i.USBH_Connected)
    USBH_CtlReceiveData                      0x08001aa7   Thumb Code    70  usbh_ioreq.o(i.USBH_CtlReceiveData)
    USBH_CtlReq                              0x08001aed   Thumb Code   100  usbh_ioreq.o(i.USBH_CtlReq)
    USBH_CtlSendData                         0x08001b51   Thumb Code   110  usbh_ioreq.o(i.USBH_CtlSendData)
    USBH_CtlSendSetup                        0x08001bbf   Thumb Code    66  usbh_ioreq.o(i.USBH_CtlSendSetup)
    USBH_DeAllocate_AllChannel               0x08001c01   Thumb Code    28  usbh_hcs.o(i.USBH_DeAllocate_AllChannel)
    USBH_DeInit                              0x08001c1d   Thumb Code    58  usbh_core.o(i.USBH_DeInit)
    USBH_Disconnected                        0x08001c57   Thumb Code    12  usbh_core.o(i.USBH_Disconnected)
    USBH_ErrorHandle                         0x08001c63   Thumb Code    46  usbh_core.o(i.USBH_ErrorHandle)
    USBH_Free_Channel                        0x08001c91   Thumb Code    30  usbh_hcs.o(i.USBH_Free_Channel)
    USBH_GetDescriptor                       0x08001caf   Thumb Code    68  usbh_stdreq.o(i.USBH_GetDescriptor)
    USBH_GetNextDesc                         0x08001d1b   Thumb Code    18  usbh_stdreq.o(i.USBH_GetNextDesc)
    USBH_Get_CfgDesc                         0x08001d2d   Thumb Code    88  usbh_stdreq.o(i.USBH_Get_CfgDesc)
    USBH_Get_DevDesc                         0x08001d89   Thumb Code    56  usbh_stdreq.o(i.USBH_Get_DevDesc)
    USBH_Get_StringDesc                      0x08001dc1   Thumb Code    60  usbh_stdreq.o(i.USBH_Get_StringDesc)
    USBH_HandleControl                       0x08001dfd   Thumb Code   544  usbh_core.o(i.USBH_HandleControl)
    USBH_Init                                0x080021fd   Thumb Code    68  usbh_core.o(i.USBH_Init)
    USBH_MSC_BOT_Abort                       0x08002265   Thumb Code    86  usbh_msc_bot.o(i.USBH_MSC_BOT_Abort)
    USBH_MSC_DecodeCSW                       0x080022d9   Thumb Code   108  usbh_msc_bot.o(i.USBH_MSC_DecodeCSW)
    USBH_MSC_ErrorHandle                     0x08002359   Thumb Code    58  usbh_msc_core.o(i.USBH_MSC_ErrorHandle)
    USBH_MSC_HandleBOTXfer                   0x08002571   Thumb Code   812  usbh_msc_bot.o(i.USBH_MSC_HandleBOTXfer)
    USBH_MSC_Init                            0x080028c1   Thumb Code    44  usbh_msc_bot.o(i.USBH_MSC_Init)
    USBH_MSC_ModeSense6                      0x08002a21   Thumb Code   192  usbh_msc_scsi.o(i.USBH_MSC_ModeSense6)
    USBH_MSC_Read10                          0x08002af1   Thumb Code   242  usbh_msc_scsi.o(i.USBH_MSC_Read10)
    USBH_MSC_ReadCapacity10                  0x08002bf1   Thumb Code   202  usbh_msc_scsi.o(i.USBH_MSC_ReadCapacity10)
    USBH_MSC_RequestSense                    0x08002ccd   Thumb Code   208  usbh_msc_scsi.o(i.USBH_MSC_RequestSense)
    USBH_MSC_TestUnitReady                   0x08002dad   Thumb Code   162  usbh_msc_scsi.o(i.USBH_MSC_TestUnitReady)
    USBH_MSC_Write10                         0x08002e5d   Thumb Code   218  usbh_msc_scsi.o(i.USBH_MSC_Write10)
    USBH_Modify_Channel                      0x08002f41   Thumb Code   100  usbh_hcs.o(i.USBH_Modify_Channel)
    USBH_OTG_ISR_Handler                     0x08002fa5   Thumb Code   168  usb_hcd_int.o(i.USBH_OTG_ISR_Handler)
    USBH_Open_Channel                        0x0800304d   Thumb Code   154  usbh_hcs.o(i.USBH_Open_Channel)
    USBH_Process                             0x080032d9   Thumb Code   408  usbh_core.o(i.USBH_Process)
    USBH_SOF                                 0x08003471   Thumb Code     6  usbh_core.o(i.USBH_SOF)
    USBH_SetAddress                          0x08003477   Thumb Code    38  usbh_stdreq.o(i.USBH_SetAddress)
    USBH_SetCfg                              0x0800349d   Thumb Code    38  usbh_stdreq.o(i.USBH_SetCfg)
    USBH_UDISK_Read                          0x080034dd   Thumb Code    82  usbh_usr.o(i.USBH_UDISK_Read)
    USBH_UDISK_Status                        0x0800353d   Thumb Code    12  usbh_usr.o(i.USBH_UDISK_Status)
    USBH_UDISK_Write                         0x0800354d   Thumb Code    82  usbh_usr.o(i.USBH_UDISK_Write)
    USBH_USR_Configuration_DescAvailable     0x080035ad   Thumb Code    16  usbh_usr.o(i.USBH_USR_Configuration_DescAvailable)
    USBH_USR_DeInit                          0x080035bd   Thumb Code     8  usbh_usr.o(i.USBH_USR_DeInit)
    USBH_USR_DeviceAddressAssigned           0x080035c9   Thumb Code     2  usbh_usr.o(i.USBH_USR_DeviceAddressAssigned)
    USBH_USR_DeviceAttached                  0x080035cb   Thumb Code     2  usbh_usr.o(i.USBH_USR_DeviceAttached)
    USBH_USR_DeviceDisconnected              0x080035cd   Thumb Code     2  usbh_usr.o(i.USBH_USR_DeviceDisconnected)
    USBH_USR_DeviceNotSupported              0x080035cf   Thumb Code     2  usbh_usr.o(i.USBH_USR_DeviceNotSupported)
    USBH_USR_DeviceSpeedDetected             0x080035d1   Thumb Code    10  usbh_usr.o(i.USBH_USR_DeviceSpeedDetected)
    USBH_USR_Device_DescAvailable            0x080035db   Thumb Code     2  usbh_usr.o(i.USBH_USR_Device_DescAvailable)
    USBH_USR_EnumerationDone                 0x080035dd   Thumb Code    10  usbh_usr.o(i.USBH_USR_EnumerationDone)
    USBH_USR_Init                            0x080035fd   Thumb Code     2  usbh_usr.o(i.USBH_USR_Init)
    USBH_USR_MSC_Application                 0x08003601   Thumb Code    50  usbh_usr.o(i.USBH_USR_MSC_Application)
    USBH_USR_Manufacturer_String             0x08003639   Thumb Code     2  usbh_usr.o(i.USBH_USR_Manufacturer_String)
    USBH_USR_OverCurrentDetected             0x0800363b   Thumb Code     2  usbh_usr.o(i.USBH_USR_OverCurrentDetected)
    USBH_USR_Product_String                  0x0800363d   Thumb Code     2  usbh_usr.o(i.USBH_USR_Product_String)
    USBH_USR_ResetDevice                     0x0800363f   Thumb Code     2  usbh_usr.o(i.USBH_USR_ResetDevice)
    USBH_USR_SerialNum_String                0x08003641   Thumb Code     2  usbh_usr.o(i.USBH_USR_SerialNum_String)
    USBH_USR_UnrecoveredError                0x08003643   Thumb Code     2  usbh_usr.o(i.USBH_USR_UnrecoveredError)
    USBH_USR_UserInput                       0x08003645   Thumb Code     4  usbh_usr.o(i.USBH_USR_UserInput)
    USB_OTG_BSP_ConfigVBUS                   0x08003649   Thumb Code     2  usb_bsp.o(i.USB_OTG_BSP_ConfigVBUS)
    USB_OTG_BSP_DriveVBUS                    0x0800364b   Thumb Code     2  usb_bsp.o(i.USB_OTG_BSP_DriveVBUS)
    USB_OTG_BSP_EnableInterrupt              0x0800364d   Thumb Code    36  usb_bsp.o(i.USB_OTG_BSP_EnableInterrupt)
    USB_OTG_BSP_Init                         0x08003671   Thumb Code    80  usb_bsp.o(i.USB_OTG_BSP_Init)
    USB_OTG_BSP_mDelay                       0x080036c5   Thumb Code    12  usb_bsp.o(i.USB_OTG_BSP_mDelay)
    USB_OTG_BSP_uDelay                       0x080036d1   Thumb Code    12  usb_bsp.o(i.USB_OTG_BSP_uDelay)
    USB_OTG_CoreInit                         0x080036dd   Thumb Code   294  usb_core.o(i.USB_OTG_CoreInit)
    USB_OTG_CoreInitHost                     0x08003803   Thumb Code   214  usb_core.o(i.USB_OTG_CoreInitHost)
    USB_OTG_DisableGlobalInt                 0x08003949   Thumb Code    34  usb_core.o(i.USB_OTG_DisableGlobalInt)
    USB_OTG_DriveVbus                        0x0800396b   Thumb Code    92  usb_core.o(i.USB_OTG_DriveVbus)
    USB_OTG_EnableGlobalInt                  0x080039fb   Thumb Code    34  usb_core.o(i.USB_OTG_EnableGlobalInt)
    USB_OTG_EnableHostInt                    0x08003a1d   Thumb Code   116  usb_core.o(i.USB_OTG_EnableHostInt)
    USB_OTG_FlushRxFifo                      0x08003a91   Thumb Code    70  usb_core.o(i.USB_OTG_FlushRxFifo)
    USB_OTG_FlushTxFifo                      0x08003add   Thumb Code    80  usb_core.o(i.USB_OTG_FlushTxFifo)
    USB_OTG_GetMode                          0x08003b31   Thumb Code    12  usb_core.o(i.USB_OTG_GetMode)
    USB_OTG_HC_DoPing                        0x08003b3d   Thumb Code    90  usb_core.o(i.USB_OTG_HC_DoPing)
    USB_OTG_HC_Halt                          0x08003b97   Thumb Code   130  usb_core.o(i.USB_OTG_HC_Halt)
    USB_OTG_HC_Init                          0x08003c19   Thumb Code   568  usb_core.o(i.USB_OTG_HC_Init)
    USB_OTG_HC_StartXfer                     0x08003e51   Thumb Code   502  usb_core.o(i.USB_OTG_HC_StartXfer)
    USB_OTG_InitFSLSPClkSel                  0x08004047   Thumb Code    24  usb_core.o(i.USB_OTG_InitFSLSPClkSel)
    USB_OTG_IsEvenFrame                      0x0800405f   Thumb Code    16  usb_core.o(i.USB_OTG_IsEvenFrame)
    USB_OTG_IsHostMode                       0x0800406f   Thumb Code    20  usb_core.o(i.USB_OTG_IsHostMode)
    USB_OTG_ReadCoreItr                      0x08004083   Thumb Code    16  usb_core.o(i.USB_OTG_ReadCoreItr)
    USB_OTG_ReadHPRT0                        0x08004093   Thumb Code    48  usb_core.o(i.USB_OTG_ReadHPRT0)
    USB_OTG_ReadHostAllChannels_intr         0x080040c3   Thumb Code     8  usb_core.o(i.USB_OTG_ReadHostAllChannels_intr)
    USB_OTG_ReadPacket                       0x080040cb   Thumb Code    40  usb_core.o(i.USB_OTG_ReadPacket)
    USB_OTG_ResetPort                        0x080040f3   Thumb Code    64  usb_core.o(i.USB_OTG_ResetPort)
    USB_OTG_SelectCore                       0x08004135   Thumb Code   204  usb_core.o(i.USB_OTG_SelectCore)
    USB_OTG_SetCurrentMode                   0x08004205   Thumb Code    78  usb_core.o(i.USB_OTG_SetCurrentMode)
    USB_OTG_WritePacket                      0x08005025   Thumb Code    64  usb_core.o(i.USB_OTG_WritePacket)
    USH_User_App                             0x08005065   Thumb Code   424  usbh_usr.o(i.USH_User_App)
    UpdateHMI                                0x080052c1   Thumb Code   190  usbh_usr.o(i.UpdateHMI)
    UpdateHMIByFileIndex                     0x08005489   Thumb Code   560  usbh_usr.o(i.UpdateHMIByFileIndex)
    UpdateHMI_Image                          0x08005779   Thumb Code   626  usbh_usr.o(i.UpdateHMI_Image)
    UsageFault_Handler                       0x08005ac1   Thumb Code     8  stm32f4xx_it.o(i.UsageFault_Handler)
    __0printf                                0x08005ac9   Thumb Code    22  printfa.o(i.__0printf)
    __1printf                                0x08005ac9   Thumb Code     0  printfa.o(i.__0printf)
    __2printf                                0x08005ac9   Thumb Code     0  printfa.o(i.__0printf)
    __c89printf                              0x08005ac9   Thumb Code     0  printfa.o(i.__0printf)
    printf                                   0x08005ac9   Thumb Code     0  printfa.o(i.__0printf)
    __0sprintf                               0x08005ae9   Thumb Code    34  printfa.o(i.__0sprintf)
    __1sprintf                               0x08005ae9   Thumb Code     0  printfa.o(i.__0sprintf)
    __2sprintf                               0x08005ae9   Thumb Code     0  printfa.o(i.__0sprintf)
    __c89sprintf                             0x08005ae9   Thumb Code     0  printfa.o(i.__0sprintf)
    sprintf                                  0x08005ae9   Thumb Code     0  printfa.o(i.__0sprintf)
    __scatterload_copy                       0x08005b11   Thumb Code    14  handlers.o(i.__scatterload_copy)
    __scatterload_null                       0x08005b1f   Thumb Code     2  handlers.o(i.__scatterload_null)
    __scatterload_zeroinit                   0x08005b21   Thumb Code    14  handlers.o(i.__scatterload_zeroinit)
    clust2sect                               0x080064a1   Thumb Code    26  ff.o(i.clust2sect)
    delay_init                               0x08006895   Thumb Code    52  delay.o(i.delay_init)
    delay_ms                                 0x080068d1   Thumb Code    56  delay.o(i.delay_ms)
    delay_us                                 0x08006909   Thumb Code    72  delay.o(i.delay_us)
    delay_xms                                0x08006955   Thumb Code    72  delay.o(i.delay_xms)
    dir_sdi                                  0x08006d4d   Thumb Code   200  ff.o(i.dir_sdi)
    disk_initialize                          0x08006e15   Thumb Code    52  diskio.o(i.disk_initialize)
    disk_ioctl                               0x08006e49   Thumb Code   172  diskio.o(i.disk_ioctl)
    disk_read                                0x08006efd   Thumb Code    76  diskio.o(i.disk_read)
    disk_status                              0x08006f49   Thumb Code     6  diskio.o(i.disk_status)
    disk_write                               0x08006f4f   Thumb Code    76  diskio.o(i.disk_write)
    exfuns_init                              0x08006f9d   Thumb Code   114  exfuns.o(i.exfuns_init)
    f_close                                  0x08007021   Thumb Code    36  ff.o(i.f_close)
    f_mount                                  0x08007045   Thumb Code    86  ff.o(i.f_mount)
    f_open                                   0x080070a1   Thumb Code   384  ff.o(i.f_open)
    f_read                                   0x08007221   Thumb Code   482  ff.o(i.f_read)
    f_sync                                   0x08007403   Thumb Code   176  ff.o(i.f_sync)
    ff_convert                               0x080074b5   Thumb Code   116  cc936.o(i.ff_convert)
    ff_memalloc                              0x08007531   Thumb Code    14  diskio.o(i.ff_memalloc)
    ff_memfree                               0x0800753f   Thumb Code    14  diskio.o(i.ff_memfree)
    ff_wtoupper                              0x0800754d   Thumb Code    46  cc936.o(i.ff_wtoupper)
    fputc                                    0x08007a5d   Thumb Code     4  usart.o(i.fputc)
    get_fat                                  0x08007b29   Thumb Code   306  ff.o(i.get_fat)
    get_fattime                              0x08007c5b   Thumb Code     4  diskio.o(i.get_fattime)
    iap_load_app                             0x08007ca9   Thumb Code    36  iap.o(i.iap_load_app)
    iap_write_appbin                         0x08007cd5   Thumb Code   100  iap.o(i.iap_write_appbin)
    main                                     0x08007d5d   Thumb Code   138  main.o(i.main)
    my_mem_free                              0x08007ed1   Thumb Code    96  malloc.o(i.my_mem_free)
    my_mem_init                              0x08007f3d   Thumb Code    54  malloc.o(i.my_mem_init)
    my_mem_malloc                            0x08007f81   Thumb Code   156  malloc.o(i.my_mem_malloc)
    my_mem_perused                           0x08008029   Thumb Code    54  malloc.o(i.my_mem_perused)
    myfree                                   0x08008069   Thumb Code    30  malloc.o(i.myfree)
    mymalloc                                 0x0800808d   Thumb Code    34  malloc.o(i.mymalloc)
    mymemset                                 0x080080b5   Thumb Code    20  malloc.o(i.mymemset)
    put_fat                                  0x080080c9   Thumb Code   384  ff.o(i.put_fat)
    queue_find_cmd                           0x08008249   Thumb Code   122  cmd_queue.o(i.queue_find_cmd)
    queue_push                               0x08008301   Thumb Code    44  cmd_queue.o(i.queue_push)
    queue_reset                              0x08008331   Thumb Code    18  cmd_queue.o(i.queue_reset)
    memtblsize                               0x0803325c   Data          12  malloc.o(.constdata)
    memblksize                               0x08033268   Data          12  malloc.o(.constdata)
    memsize                                  0x08033274   Data          12  malloc.o(.constdata)
    Region$$Table$$Base                      0x08033280   Number         0  anon$$obj.o(Region$$Table)
    Region$$Table$$Limit                     0x080332a0   Number         0  anon$$obj.o(Region$$Table)
    mem3base                                 0x10000000   Data       61440  malloc.o(.ARM.__AT_0x10000000)
    mem3mapbase                              0x1000f000   Data        3840  malloc.o(.ARM.__AT_0x1000F000)
    Start_Loop                               0x20000000   Data           4  main.o(.data)
    jump2app                                 0x20000004   Data           4  iap.o(.data)
    iap_pos                                  0x20000008   Data           4  iap.o(.data)
    USBH_HCD_INT_cb                          0x2000000c   Data          12  usbh_core.o(.data)
    USBH_HCD_INT_fops                        0x20000018   Data           4  usbh_core.o(.data)
    MSC_Setup                                0x20000038   Data           8  usbh_msc_core.o(.data)
    MSCErrorCount                            0x20000040   Data           1  usbh_msc_core.o(.data)
    USBH_MSC_cb                              0x20000044   Data          16  usbh_msc_core.o(.data)
    Update_HMI_Status                        0x20000058   Data           1  usbh_usr.o(.data)
    HMI_Update_Index                         0x20000059   Data           1  usbh_usr.o(.data)
    Detect_USB                               0x2000005a   Data           1  usbh_usr.o(.data)
    jump_flag                                0x2000005b   Data           1  usbh_usr.o(.data)
    answer                                   0x2000005d   Data           1  usbh_usr.o(.data)
    LoadImageIndex                           0x2000005e   Data           1  usbh_usr.o(.data)
    MAX_INDEX                                0x20000060   Data           2  usbh_usr.o(.data)
    USR_Callbacks                            0x20000064   Data          72  usbh_usr.o(.data)
    cmd_Updata_Mark                          0x200000b8   Data           1  usart.o(.data)
    HMI_MAIN_INDEX                           0x200000b9   Data           1  usart.o(.data)
    HMI_UPGRAD_INDEX                         0x200000ba   Data           1  usart.o(.data)
    HMI_PROGRAS_CONTROL_INDEX                0x200000bb   Data           1  usart.o(.data)
    HMI_ENTRY_BUTTON_INDEX                   0x200000bc   Data           1  usart.o(.data)
    HMI_CANCEL_BUTTON_INDEX                  0x200000bd   Data           1  usart.o(.data)
    __stdout                                 0x200000c0   Data           4  usart.o(.data)
    FLASH_SECTOR_COUNT                       0x200000c4   Data           2  diskio.o(.data)
    file                                     0x200000c8   Data           4  exfuns.o(.data)
    ftemp                                    0x200000cc   Data           4  exfuns.o(.data)
    br                                       0x200000d0   Data           4  exfuns.o(.data)
    bw                                       0x200000d4   Data           4  exfuns.o(.data)
    fatbuf                                   0x200000d8   Data           4  exfuns.o(.data)
    mallco_dev                               0x200000ec   Data          36  malloc.o(.data)
    USB_Host                                 0x20000110   Data         132  bsp.o(.bss)
    USB_OTG_Core                             0x20000194   Data        1452  bsp.o(.bss)
    iapbuf                                   0x20000740   Data        2048  iap.o(.bss)
    USBH_CfgDesc                             0x20000f40   Data         512  usbh_stdreq.o(.bss)
    USBH_MSC_CBWData                         0x20001140   Data          32  usbh_msc_bot.o(.bss)
    USBH_MSC_CSWData                         0x20001160   Data          16  usbh_msc_bot.o(.bss)
    USBH_MSC_BOTXferParam                    0x20001170   Data          16  usbh_msc_bot.o(.bss)
    MSC_Machine                              0x20001180   Data          74  usbh_msc_core.o(.bss)
    USBH_MSC_Param                           0x200011cc   Data          16  usbh_msc_scsi.o(.bss)
    USBH_DataInBuffer                        0x200011dc   Data         512  usbh_msc_scsi.o(.bss)
    USBH_DataOutBuffer                       0x200013dc   Data         512  usbh_msc_scsi.o(.bss)
    update_buf                               0x200015dc   Data        2048  usbh_usr.o(.bss)
    updateRead_buf                           0x20001ddc   Data        2048  usbh_usr.o(.bss)
    hmi_Image_Index_Data                     0x200025dc   Data         800  usbh_usr.o(.bss)
    buffer                                   0x200028fc   Data          30  usbh_usr.o(.bss)
    cmd_buffer                               0x20002d1e   Data         500  hmi_app.o(.bss)
    fs                                       0x20002f20   Data          12  exfuns.o(.bss)
    fileinfo                                 0x20002f2c   Data          32  exfuns.o(.bss)
    dir                                      0x20002f4c   Data          36  exfuns.o(.bss)
    mem1base                                 0x20002f80   Data       102400  malloc.o(.bss)
    mem1mapbase                              0x2001bf80   Data        6400  malloc.o(.bss)
    __initial_sp                             0x2001dc80   Data           0  startup_stm32f40_41xxx.o(STACK)
    mem2base                                 0x68000000   Data       983040  malloc.o(.ARM.__AT_0x68000000)
    mem2mapbase                              0x680f0000   Data       61440  malloc.o(.ARM.__AT_0x680F0000)



==============================================================================

Memory Map of the image

  Image Entry point : 0x08000189

  Load Region LR_IROM1 (Base: 0x08000000, Size: 0x000333b0, Max: 0x00100000, ABSOLUTE)

    Execution Region ER_IROM1 (Exec base: 0x08000000, Load base: 0x08000000, Size: 0x000332a0, Max: 0x00100000, ABSOLUTE)

    Exec Addr    Load Addr    Size         Type   Attr      Idx    E Section Name        Object

    0x08000000   0x08000000   0x00000188   Data   RO         3221    RESET               startup_stm32f40_41xxx.o
    0x08000188   0x08000188   0x00000000   Code   RO         4479  * .ARM.Collect$$$$00000000  mc_w.l(entry.o)
    0x08000188   0x08000188   0x00000004   Code   RO         4751    .ARM.Collect$$$$00000001  mc_w.l(entry2.o)
    0x0800018c   0x0800018c   0x00000004   Code   RO         4754    .ARM.Collect$$$$00000004  mc_w.l(entry5.o)
    0x08000190   0x08000190   0x00000000   Code   RO         4756    .ARM.Collect$$$$00000008  mc_w.l(entry7b.o)
    0x08000190   0x08000190   0x00000000   Code   RO         4758    .ARM.Collect$$$$0000000A  mc_w.l(entry8b.o)
    0x08000190   0x08000190   0x00000008   Code   RO         4759    .ARM.Collect$$$$0000000B  mc_w.l(entry9a.o)
    0x08000198   0x08000198   0x00000004   Code   RO         4766    .ARM.Collect$$$$0000000E  mc_w.l(entry12b.o)
    0x0800019c   0x0800019c   0x00000000   Code   RO         4761    .ARM.Collect$$$$0000000F  mc_w.l(entry10a.o)
    0x0800019c   0x0800019c   0x00000000   Code   RO         4763    .ARM.Collect$$$$00000011  mc_w.l(entry11a.o)
    0x0800019c   0x0800019c   0x00000004   Code   RO         4752    .ARM.Collect$$$$00002712  mc_w.l(entry2.o)
    0x080001a0   0x080001a0   0x00000010   Code   RO         1482    .emb_text           sys.o
    0x080001b0   0x080001b0   0x00000024   Code   RO         3222    .text               startup_stm32f40_41xxx.o
    0x080001d4   0x080001d4   0x00000026   Code   RO         4749    .text               mf_w.l(f2d.o)
    0x080001fa   0x080001fa   0x0000002c   Code   RO         4767    .text               mc_w.l(uidiv.o)
    0x08000226   0x08000226   0x00000062   Code   RO         4769    .text               mc_w.l(uldiv.o)
    0x08000288   0x08000288   0x00000000   Code   RO         4771    .text               mc_w.l(iusefp.o)
    0x08000288   0x08000288   0x0000014e   Code   RO         4772    .text               mf_w.l(dadd.o)
    0x080003d6   0x080003d6   0x000000e4   Code   RO         4774    .text               mf_w.l(dmul.o)
    0x080004ba   0x080004ba   0x000000de   Code   RO         4776    .text               mf_w.l(ddiv.o)
    0x08000598   0x08000598   0x00000030   Code   RO         4778    .text               mf_w.l(dfixul.o)
    0x080005c8   0x080005c8   0x00000030   Code   RO         4780    .text               mf_w.l(cdrcmple.o)
    0x080005f8   0x080005f8   0x00000024   Code   RO         4782    .text               mc_w.l(init.o)
    0x0800061c   0x0800061c   0x0000001e   Code   RO         4784    .text               mc_w.l(llshl.o)
    0x0800063a   0x0800063a   0x00000020   Code   RO         4786    .text               mc_w.l(llushr.o)
    0x0800065a   0x0800065a   0x00000024   Code   RO         4788    .text               mc_w.l(llsshr.o)
    0x0800067e   0x0800067e   0x000000ba   Code   RO         4790    .text               mf_w.l(depilogue.o)
    0x08000738   0x08000738   0x00000002   Code   RO         4453    i.BELL_Work         bell.o
    0x0800073a   0x0800073a   0x00000002   PAD
    0x0800073c   0x0800073c   0x00000140   Code   RO          258    i.BSP_Init          bsp.o
    0x0800087c   0x0800087c   0x00000020   Code   RO         1640    i.BeginUpdateHMI    hmi_driver.o
    0x0800089c   0x0800089c   0x00000008   Code   RO         3122    i.BusFault_Handler  stm32f4xx_it.o
    0x080008a4   0x080008a4   0x000000e8   Code   RO         1158    i.CheckHMIUpdateFiles  usbh_usr.o
    0x0800098c   0x0800098c   0x000000f0   Code   RO         1159    i.Check_HMI_Image_Index  usbh_usr.o
    0x08000a7c   0x08000a7c   0x00000002   Code   RO         3123    i.DebugMon_Handler  stm32f4xx_it.o
    0x08000a7e   0x08000a7e   0x00000002   PAD
    0x08000a80   0x08000a80   0x00000018   Code   RO         1652    i.EndUpdateHMI      hmi_driver.o
    0x08000a98   0x08000a98   0x00000024   Code   RO         3335    i.FLASH_DataCacheCmd  stm32f4xx_flash.o
    0x08000abc   0x08000abc   0x00000088   Code   RO         3340    i.FLASH_EraseSector  stm32f4xx_flash.o
    0x08000b44   0x08000b44   0x00000054   Code   RO         3342    i.FLASH_GetStatus   stm32f4xx_flash.o
    0x08000b98   0x08000b98   0x00000014   Code   RO         3346    i.FLASH_Lock        stm32f4xx_flash.o
    0x08000bac   0x08000bac   0x00000050   Code   RO         3370    i.FLASH_ProgramWord  stm32f4xx_flash.o
    0x08000bfc   0x08000bfc   0x00000024   Code   RO         3372    i.FLASH_Unlock      stm32f4xx_flash.o
    0x08000c20   0x08000c20   0x00000022   Code   RO         3373    i.FLASH_WaitForLastOperation  stm32f4xx_flash.o
    0x08000c42   0x08000c42   0x00000002   PAD
    0x08000c44   0x08000c44   0x0000003c   Code   RO          259    i.GOIO_OUT_Init     bsp.o
    0x08000c80   0x08000c80   0x00000090   Code   RO         3589    i.GPIO_Init         stm32f4xx_gpio.o
    0x08000d10   0x08000d10   0x00000046   Code   RO         3590    i.GPIO_PinAFConfig  stm32f4xx_gpio.o
    0x08000d56   0x08000d56   0x00000004   Code   RO         3596    i.GPIO_ResetBits    stm32f4xx_gpio.o
    0x08000d5a   0x08000d5a   0x0000000a   Code   RO          368    i.HCD_GetCurrentFrame  usb_hcd.o
    0x08000d64   0x08000d64   0x00000014   Code   RO          369    i.HCD_GetCurrentSpeed  usb_hcd.o
    0x08000d78   0x08000d78   0x0000000a   Code   RO          371    i.HCD_GetURB_State  usb_hcd.o
    0x08000d82   0x08000d82   0x0000000c   Code   RO          372    i.HCD_GetXferCnt    usb_hcd.o
    0x08000d8e   0x08000d8e   0x00000060   Code   RO          374    i.HCD_Init          usb_hcd.o
    0x08000dee   0x08000dee   0x00000008   Code   RO          375    i.HCD_IsDeviceConnected  usb_hcd.o
    0x08000df6   0x08000df6   0x0000000e   Code   RO          376    i.HCD_ResetPort     usb_hcd.o
    0x08000e04   0x08000e04   0x00000020   Code   RO          377    i.HCD_SubmitRequest  usb_hcd.o
    0x08000e24   0x08000e24   0x00000030   Code   RO         2241    i.HMI_SendSingleChar  usart.o
    0x08000e54   0x08000e54   0x000000b4   Code   RO         2242    i.HMI_USART_Init    usart.o
    0x08000f08   0x08000f08   0x00000008   Code   RO         3124    i.HardFault_Handler  stm32f4xx_it.o
    0x08000f10   0x08000f10   0x00000008   Code   RO         3125    i.MemManage_Handler  stm32f4xx_it.o
    0x08000f18   0x08000f18   0x00000002   Code   RO         3126    i.NMI_Handler       stm32f4xx_it.o
    0x08000f1a   0x08000f1a   0x00000002   PAD
    0x08000f1c   0x08000f1c   0x00000078   Code   RO         3228    i.NVIC_Init         misc.o
    0x08000f94   0x08000f94   0x00000014   Code   RO         3229    i.NVIC_PriorityGroupConfig  misc.o
    0x08000fa8   0x08000fa8   0x00000014   Code   RO         3230    i.NVIC_SetVectorTable  misc.o
    0x08000fbc   0x08000fbc   0x00000028   Code   RO         3127    i.NVIC_SystemReset  stm32f4xx_it.o
    0x08000fe4   0x08000fe4   0x0000003c   Code   RO         1569    i.NotifyButton      hmi_app.o
    0x08001020   0x08001020   0x00000014   Code   RO         1570    i.NotifyScreen      hmi_app.o
    0x08001034   0x08001034   0x00000010   Code   RO         1163    i.OTG_FS_IRQHandler  usbh_usr.o
    0x08001044   0x08001044   0x0000004c   Code   RO         1572    i.ProcessMessage    hmi_app.o
    0x08001090   0x08001090   0x00000020   Code   RO         3686    i.RCC_AHB1PeriphClockCmd  stm32f4xx_rcc.o
    0x080010b0   0x080010b0   0x00000020   Code   RO         3689    i.RCC_AHB2PeriphClockCmd  stm32f4xx_rcc.o
    0x080010d0   0x080010d0   0x00000020   Code   RO         3697    i.RCC_APB1PeriphResetCmd  stm32f4xx_rcc.o
    0x080010f0   0x080010f0   0x00000020   Code   RO         3698    i.RCC_APB2PeriphClockCmd  stm32f4xx_rcc.o
    0x08001110   0x08001110   0x00000020   Code   RO         3700    i.RCC_APB2PeriphResetCmd  stm32f4xx_rcc.o
    0x08001130   0x08001130   0x000000e8   Code   RO         3707    i.RCC_GetClocksFreq  stm32f4xx_rcc.o
    0x08001218   0x08001218   0x00000048   Code   RO         1681    i.RSRT              hmi_driver.o
    0x08001260   0x08001260   0x00000028   Code   RO         1682    i.ReadImgIdx        hmi_driver.o
    0x08001288   0x08001288   0x000000a0   Code   RO          327    i.STMFLASH_GetFlashSector  stmflash.o
    0x08001328   0x08001328   0x00000006   Code   RO          329    i.STMFLASH_ReadWord  stmflash.o
    0x0800132e   0x0800132e   0x00000002   PAD
    0x08001330   0x08001330   0x00000098   Code   RO          330    i.STMFLASH_Write    stmflash.o
    0x080013c8   0x080013c8   0x00000024   Code   RO         1685    i.SendFiledData     hmi_driver.o
    0x080013ec   0x080013ec   0x0000001a   Code   RO         1687    i.SendNU8           hmi_driver.o
    0x08001406   0x08001406   0x00000068   Code   RO         1706    i.SetProgressValue  hmi_driver.o
    0x0800146e   0x0800146e   0x0000003c   Code   RO         1707    i.SetScreen         hmi_driver.o
    0x080014aa   0x080014aa   0x00000002   PAD
    0x080014ac   0x080014ac   0x000000ec   Code   RO         3184    i.SetSysClock       system_stm32f4xx.o
    0x08001598   0x08001598   0x00000028   Code   RO         3232    i.SysTick_CLKSourceConfig  misc.o
    0x080015c0   0x080015c0   0x00000068   Code   RO         3186    i.SystemInit        system_stm32f4xx.o
    0x08001628   0x08001628   0x0000006c   Code   RO         2243    i.USART1_IRQHandler  usart.o
    0x08001694   0x08001694   0x00000012   Code   RO         4020    i.USART_ClearFlag   stm32f4xx_usart.o
    0x080016a6   0x080016a6   0x0000001e   Code   RO         4021    i.USART_ClearITPendingBit  stm32f4xx_usart.o
    0x080016c4   0x080016c4   0x00000018   Code   RO         4024    i.USART_Cmd         stm32f4xx_usart.o
    0x080016dc   0x080016dc   0x000000f0   Code   RO         4026    i.USART_DeInit      stm32f4xx_usart.o
    0x080017cc   0x080017cc   0x0000001a   Code   RO         4027    i.USART_GetFlagStatus  stm32f4xx_usart.o
    0x080017e6   0x080017e6   0x00000054   Code   RO         4028    i.USART_GetITStatus  stm32f4xx_usart.o
    0x0800183a   0x0800183a   0x0000004a   Code   RO         4030    i.USART_ITConfig    stm32f4xx_usart.o
    0x08001884   0x08001884   0x000000d4   Code   RO         4031    i.USART_Init        stm32f4xx_usart.o
    0x08001958   0x08001958   0x0000000a   Code   RO         4038    i.USART_ReceiveData  stm32f4xx_usart.o
    0x08001962   0x08001962   0x00000008   Code   RO         4041    i.USART_SendData    stm32f4xx_usart.o
    0x0800196a   0x0800196a   0x00000026   Code   RO          771    i.USBH_Alloc_Channel  usbh_hcs.o
    0x08001990   0x08001990   0x00000060   Code   RO          820    i.USBH_BulkReceiveData  usbh_ioreq.o
    0x080019f0   0x080019f0   0x0000005e   Code   RO          821    i.USBH_BulkSendData  usbh_ioreq.o
    0x08001a4e   0x08001a4e   0x0000004c   Code   RO          899    i.USBH_ClrFeature   usbh_stdreq.o
    0x08001a9a   0x08001a9a   0x0000000c   Code   RO          698    i.USBH_Connected    usbh_core.o
    0x08001aa6   0x08001aa6   0x00000046   Code   RO          822    i.USBH_CtlReceiveData  usbh_ioreq.o
    0x08001aec   0x08001aec   0x00000064   Code   RO          823    i.USBH_CtlReq       usbh_ioreq.o
    0x08001b50   0x08001b50   0x0000006e   Code   RO          824    i.USBH_CtlSendData  usbh_ioreq.o
    0x08001bbe   0x08001bbe   0x00000042   Code   RO          825    i.USBH_CtlSendSetup  usbh_ioreq.o
    0x08001c00   0x08001c00   0x0000001c   Code   RO          772    i.USBH_DeAllocate_AllChannel  usbh_hcs.o
    0x08001c1c   0x08001c1c   0x0000003a   Code   RO          699    i.USBH_DeInit       usbh_core.o
    0x08001c56   0x08001c56   0x0000000c   Code   RO          700    i.USBH_Disconnected  usbh_core.o
    0x08001c62   0x08001c62   0x0000002e   Code   RO          701    i.USBH_ErrorHandle  usbh_core.o
    0x08001c90   0x08001c90   0x0000001e   Code   RO          773    i.USBH_Free_Channel  usbh_hcs.o
    0x08001cae   0x08001cae   0x00000044   Code   RO          900    i.USBH_GetDescriptor  usbh_stdreq.o
    0x08001cf2   0x08001cf2   0x00000028   Code   RO          774    i.USBH_GetFreeChannel  usbh_hcs.o
    0x08001d1a   0x08001d1a   0x00000012   Code   RO          901    i.USBH_GetNextDesc  usbh_stdreq.o
    0x08001d2c   0x08001d2c   0x0000005c   Code   RO          902    i.USBH_Get_CfgDesc  usbh_stdreq.o
    0x08001d88   0x08001d88   0x00000038   Code   RO          903    i.USBH_Get_DevDesc  usbh_stdreq.o
    0x08001dc0   0x08001dc0   0x0000003c   Code   RO          904    i.USBH_Get_StringDesc  usbh_stdreq.o
    0x08001dfc   0x08001dfc   0x00000224   Code   RO          702    i.USBH_HandleControl  usbh_core.o
    0x08002020   0x08002020   0x000001dc   Code   RO          703    i.USBH_HandleEnum   usbh_core.o
    0x080021fc   0x080021fc   0x00000044   Code   RO          704    i.USBH_Init         usbh_core.o
    0x08002240   0x08002240   0x00000024   Code   RO         1044    i.USBH_MSC_BOTReset  usbh_msc_core.o
    0x08002264   0x08002264   0x00000060   Code   RO          999    i.USBH_MSC_BOT_Abort  usbh_msc_bot.o
    0x080022c4   0x080022c4   0x00000014   Code   RO         1045    i.USBH_MSC_ClassRequest  usbh_msc_core.o
    0x080022d8   0x080022d8   0x00000080   Code   RO         1000    i.USBH_MSC_DecodeCSW  usbh_msc_bot.o
    0x08002358   0x08002358   0x00000044   Code   RO         1046    i.USBH_MSC_ErrorHandle  usbh_msc_core.o
    0x0800239c   0x0800239c   0x0000002c   Code   RO         1047    i.USBH_MSC_GETMaxLUN  usbh_msc_core.o
    0x080023c8   0x080023c8   0x000001a8   Code   RO         1048    i.USBH_MSC_Handle   usbh_msc_core.o
    0x08002570   0x08002570   0x00000350   Code   RO         1001    i.USBH_MSC_HandleBOTXfer  usbh_msc_bot.o
    0x080028c0   0x080028c0   0x00000044   Code   RO         1002    i.USBH_MSC_Init     usbh_msc_bot.o
    0x08002904   0x08002904   0x0000004c   Code   RO         1049    i.USBH_MSC_InterfaceDeInit  usbh_msc_core.o
    0x08002950   0x08002950   0x000000d0   Code   RO         1050    i.USBH_MSC_InterfaceInit  usbh_msc_core.o
    0x08002a20   0x08002a20   0x000000d0   Code   RO         1101    i.USBH_MSC_ModeSense6  usbh_msc_scsi.o
    0x08002af0   0x08002af0   0x00000100   Code   RO         1102    i.USBH_MSC_Read10   usbh_msc_scsi.o
    0x08002bf0   0x08002bf0   0x000000dc   Code   RO         1103    i.USBH_MSC_ReadCapacity10  usbh_msc_scsi.o
    0x08002ccc   0x08002ccc   0x000000e0   Code   RO         1104    i.USBH_MSC_RequestSense  usbh_msc_scsi.o
    0x08002dac   0x08002dac   0x000000b0   Code   RO         1105    i.USBH_MSC_TestUnitReady  usbh_msc_scsi.o
    0x08002e5c   0x08002e5c   0x000000e4   Code   RO         1106    i.USBH_MSC_Write10  usbh_msc_scsi.o
    0x08002f40   0x08002f40   0x00000064   Code   RO          775    i.USBH_Modify_Channel  usbh_hcs.o
    0x08002fa4   0x08002fa4   0x000000a8   Code   RO          628    i.USBH_OTG_ISR_Handler  usb_hcd_int.o
    0x0800304c   0x0800304c   0x0000009a   Code   RO          776    i.USBH_Open_Channel  usbh_hcs.o
    0x080030e6   0x080030e6   0x00000002   PAD
    0x080030e8   0x080030e8   0x0000011c   Code   RO          905    i.USBH_ParseCfgDesc  usbh_stdreq.o
    0x08003204   0x08003204   0x00000058   Code   RO          906    i.USBH_ParseDevDesc  usbh_stdreq.o
    0x0800325c   0x0800325c   0x00000020   Code   RO          907    i.USBH_ParseEPDesc  usbh_stdreq.o
    0x0800327c   0x0800327c   0x00000026   Code   RO          908    i.USBH_ParseInterfaceDesc  usbh_stdreq.o
    0x080032a2   0x080032a2   0x00000036   Code   RO          909    i.USBH_ParseStringDesc  usbh_stdreq.o
    0x080032d8   0x080032d8   0x00000198   Code   RO          705    i.USBH_Process      usbh_core.o
    0x08003470   0x08003470   0x00000006   Code   RO          706    i.USBH_SOF          usbh_core.o
    0x08003476   0x08003476   0x00000026   Code   RO          910    i.USBH_SetAddress   usbh_stdreq.o
    0x0800349c   0x0800349c   0x00000026   Code   RO          911    i.USBH_SetCfg       usbh_stdreq.o
    0x080034c2   0x080034c2   0x00000018   Code   RO          830    i.USBH_SubmitSetupRequest  usbh_ioreq.o
    0x080034da   0x080034da   0x00000002   PAD
    0x080034dc   0x080034dc   0x00000060   Code   RO         1164    i.USBH_UDISK_Read   usbh_usr.o
    0x0800353c   0x0800353c   0x00000010   Code   RO         1165    i.USBH_UDISK_Status  usbh_usr.o
    0x0800354c   0x0800354c   0x00000060   Code   RO         1166    i.USBH_UDISK_Write  usbh_usr.o
    0x080035ac   0x080035ac   0x00000010   Code   RO         1167    i.USBH_USR_Configuration_DescAvailable  usbh_usr.o
    0x080035bc   0x080035bc   0x0000000c   Code   RO         1168    i.USBH_USR_DeInit   usbh_usr.o
    0x080035c8   0x080035c8   0x00000002   Code   RO         1169    i.USBH_USR_DeviceAddressAssigned  usbh_usr.o
    0x080035ca   0x080035ca   0x00000002   Code   RO         1170    i.USBH_USR_DeviceAttached  usbh_usr.o
    0x080035cc   0x080035cc   0x00000002   Code   RO         1171    i.USBH_USR_DeviceDisconnected  usbh_usr.o
    0x080035ce   0x080035ce   0x00000002   Code   RO         1172    i.USBH_USR_DeviceNotSupported  usbh_usr.o
    0x080035d0   0x080035d0   0x0000000a   Code   RO         1173    i.USBH_USR_DeviceSpeedDetected  usbh_usr.o
    0x080035da   0x080035da   0x00000002   Code   RO         1174    i.USBH_USR_Device_DescAvailable  usbh_usr.o
    0x080035dc   0x080035dc   0x00000020   Code   RO         1175    i.USBH_USR_EnumerationDone  usbh_usr.o
    0x080035fc   0x080035fc   0x00000002   Code   RO         1176    i.USBH_USR_Init     usbh_usr.o
    0x080035fe   0x080035fe   0x00000002   PAD
    0x08003600   0x08003600   0x00000038   Code   RO         1177    i.USBH_USR_MSC_Application  usbh_usr.o
    0x08003638   0x08003638   0x00000002   Code   RO         1178    i.USBH_USR_Manufacturer_String  usbh_usr.o
    0x0800363a   0x0800363a   0x00000002   Code   RO         1179    i.USBH_USR_OverCurrentDetected  usbh_usr.o
    0x0800363c   0x0800363c   0x00000002   Code   RO         1180    i.USBH_USR_Product_String  usbh_usr.o
    0x0800363e   0x0800363e   0x00000002   Code   RO         1181    i.USBH_USR_ResetDevice  usbh_usr.o
    0x08003640   0x08003640   0x00000002   Code   RO         1182    i.USBH_USR_SerialNum_String  usbh_usr.o
    0x08003642   0x08003642   0x00000002   Code   RO         1183    i.USBH_USR_UnrecoveredError  usbh_usr.o
    0x08003644   0x08003644   0x00000004   Code   RO         1184    i.USBH_USR_UserInput  usbh_usr.o
    0x08003648   0x08003648   0x00000002   Code   RO         1377    i.USB_OTG_BSP_ConfigVBUS  usb_bsp.o
    0x0800364a   0x0800364a   0x00000002   Code   RO         1379    i.USB_OTG_BSP_DriveVBUS  usb_bsp.o
    0x0800364c   0x0800364c   0x00000024   Code   RO         1380    i.USB_OTG_BSP_EnableInterrupt  usb_bsp.o
    0x08003670   0x08003670   0x00000054   Code   RO         1381    i.USB_OTG_BSP_Init  usb_bsp.o
    0x080036c4   0x080036c4   0x0000000c   Code   RO         1382    i.USB_OTG_BSP_mDelay  usb_bsp.o
    0x080036d0   0x080036d0   0x0000000c   Code   RO         1383    i.USB_OTG_BSP_uDelay  usb_bsp.o
    0x080036dc   0x080036dc   0x00000126   Code   RO          442    i.USB_OTG_CoreInit  usb_core.o
    0x08003802   0x08003802   0x000000d6   Code   RO          443    i.USB_OTG_CoreInitHost  usb_core.o
    0x080038d8   0x080038d8   0x00000070   Code   RO          444    i.USB_OTG_CoreReset  usb_core.o
    0x08003948   0x08003948   0x00000022   Code   RO          445    i.USB_OTG_DisableGlobalInt  usb_core.o
    0x0800396a   0x0800396a   0x0000005c   Code   RO          446    i.USB_OTG_DriveVbus  usb_core.o
    0x080039c6   0x080039c6   0x00000034   Code   RO          447    i.USB_OTG_EnableCommonInt  usb_core.o
    0x080039fa   0x080039fa   0x00000022   Code   RO          448    i.USB_OTG_EnableGlobalInt  usb_core.o
    0x08003a1c   0x08003a1c   0x00000074   Code   RO          449    i.USB_OTG_EnableHostInt  usb_core.o
    0x08003a90   0x08003a90   0x0000004c   Code   RO          450    i.USB_OTG_FlushRxFifo  usb_core.o
    0x08003adc   0x08003adc   0x00000054   Code   RO          451    i.USB_OTG_FlushTxFifo  usb_core.o
    0x08003b30   0x08003b30   0x0000000c   Code   RO          452    i.USB_OTG_GetMode   usb_core.o
    0x08003b3c   0x08003b3c   0x0000005a   Code   RO          453    i.USB_OTG_HC_DoPing  usb_core.o
    0x08003b96   0x08003b96   0x00000082   Code   RO          454    i.USB_OTG_HC_Halt   usb_core.o
    0x08003c18   0x08003c18   0x00000238   Code   RO          455    i.USB_OTG_HC_Init   usb_core.o
    0x08003e50   0x08003e50   0x000001f6   Code   RO          456    i.USB_OTG_HC_StartXfer  usb_core.o
    0x08004046   0x08004046   0x00000018   Code   RO          457    i.USB_OTG_InitFSLSPClkSel  usb_core.o
    0x0800405e   0x0800405e   0x00000010   Code   RO          459    i.USB_OTG_IsEvenFrame  usb_core.o
    0x0800406e   0x0800406e   0x00000014   Code   RO          460    i.USB_OTG_IsHostMode  usb_core.o
    0x08004082   0x08004082   0x00000010   Code   RO          461    i.USB_OTG_ReadCoreItr  usb_core.o
    0x08004092   0x08004092   0x00000030   Code   RO          462    i.USB_OTG_ReadHPRT0  usb_core.o
    0x080040c2   0x080040c2   0x00000008   Code   RO          463    i.USB_OTG_ReadHostAllChannels_intr  usb_core.o
    0x080040ca   0x080040ca   0x00000028   Code   RO          465    i.USB_OTG_ReadPacket  usb_core.o
    0x080040f2   0x080040f2   0x00000040   Code   RO          466    i.USB_OTG_ResetPort  usb_core.o
    0x08004132   0x08004132   0x00000002   PAD
    0x08004134   0x08004134   0x000000d0   Code   RO          467    i.USB_OTG_SelectCore  usb_core.o
    0x08004204   0x08004204   0x0000004e   Code   RO          468    i.USB_OTG_SetCurrentMode  usb_core.o
    0x08004252   0x08004252   0x00000002   PAD
    0x08004254   0x08004254   0x0000002c   Code   RO          629    i.USB_OTG_USBH_handle_Disconnect_ISR  usb_hcd_int.o
    0x08004280   0x08004280   0x00000046   Code   RO          630    i.USB_OTG_USBH_handle_IncompletePeriodicXfer_ISR  usb_hcd_int.o
    0x080042c6   0x080042c6   0x00000056   Code   RO          631    i.USB_OTG_USBH_handle_hc_ISR  usb_hcd_int.o
    0x0800431c   0x0800431c   0x0000042a   Code   RO          632    i.USB_OTG_USBH_handle_hc_n_In_ISR  usb_hcd_int.o
    0x08004746   0x08004746   0x000003d0   Code   RO          633    i.USB_OTG_USBH_handle_hc_n_Out_ISR  usb_hcd_int.o
    0x08004b16   0x08004b16   0x0000012e   Code   RO          634    i.USB_OTG_USBH_handle_nptxfempty_ISR  usb_hcd_int.o
    0x08004c44   0x08004c44   0x00000120   Code   RO          635    i.USB_OTG_USBH_handle_port_ISR  usb_hcd_int.o
    0x08004d64   0x08004d64   0x0000012e   Code   RO          636    i.USB_OTG_USBH_handle_ptxfempty_ISR  usb_hcd_int.o
    0x08004e92   0x08004e92   0x00000164   Code   RO          637    i.USB_OTG_USBH_handle_rx_qlvl_ISR  usb_hcd_int.o
    0x08004ff6   0x08004ff6   0x00000002   PAD
    0x08004ff8   0x08004ff8   0x0000002c   Code   RO          638    i.USB_OTG_USBH_handle_sof_ISR  usb_hcd_int.o
    0x08005024   0x08005024   0x00000040   Code   RO          470    i.USB_OTG_WritePacket  usb_core.o
    0x08005064   0x08005064   0x0000025c   Code   RO         1185    i.USH_User_App      usbh_usr.o
    0x080052c0   0x080052c0   0x000001c8   Code   RO         1186    i.UpdateHMI         usbh_usr.o
    0x08005488   0x08005488   0x000002f0   Code   RO         1187    i.UpdateHMIByFileIndex  usbh_usr.o
    0x08005778   0x08005778   0x00000348   Code   RO         1188    i.UpdateHMI_Image   usbh_usr.o
    0x08005ac0   0x08005ac0   0x00000008   Code   RO         3128    i.UsageFault_Handler  stm32f4xx_it.o
    0x08005ac8   0x08005ac8   0x00000020   Code   RO         4721    i.__0printf         mc_w.l(printfa.o)
    0x08005ae8   0x08005ae8   0x00000028   Code   RO         4723    i.__0sprintf        mc_w.l(printfa.o)
    0x08005b10   0x08005b10   0x0000000e   Code   RO         4794    i.__scatterload_copy  mc_w.l(handlers.o)
    0x08005b1e   0x08005b1e   0x00000002   Code   RO         4795    i.__scatterload_null  mc_w.l(handlers.o)
    0x08005b20   0x08005b20   0x0000000e   Code   RO         4796    i.__scatterload_zeroinit  mc_w.l(handlers.o)
    0x08005b2e   0x08005b2e   0x00000002   PAD
    0x08005b30   0x08005b30   0x00000184   Code   RO         4728    i._fp_digits        mc_w.l(printfa.o)
    0x08005cb4   0x08005cb4   0x000006b4   Code   RO         4729    i._printf_core      mc_w.l(printfa.o)
    0x08006368   0x08006368   0x00000024   Code   RO         4730    i._printf_post_padding  mc_w.l(printfa.o)
    0x0800638c   0x0800638c   0x0000002e   Code   RO         4731    i._printf_pre_padding  mc_w.l(printfa.o)
    0x080063ba   0x080063ba   0x0000000a   Code   RO         4733    i._sputc            mc_w.l(printfa.o)
    0x080063c4   0x080063c4   0x00000090   Code   RO         2377    i.check_fs          ff.o
    0x08006454   0x08006454   0x00000014   Code   RO         2378    i.chk_chr           ff.o
    0x08006468   0x08006468   0x00000038   Code   RO         2379    i.clmt_clust        ff.o
    0x080064a0   0x080064a0   0x0000001a   Code   RO         2380    i.clust2sect        ff.o
    0x080064ba   0x080064ba   0x00000002   PAD
    0x080064bc   0x080064bc   0x00000090   Code   RO         2381    i.cmp_lfn           ff.o
    0x0800654c   0x0800654c   0x000000d6   Code   RO         2382    i.create_chain      ff.o
    0x08006622   0x08006622   0x00000002   PAD
    0x08006624   0x08006624   0x00000270   Code   RO         2383    i.create_name       ff.o
    0x08006894   0x08006894   0x0000003c   Code   RO         1436    i.delay_init        delay.o
    0x080068d0   0x080068d0   0x00000038   Code   RO         1437    i.delay_ms          delay.o
    0x08006908   0x08006908   0x0000004c   Code   RO         1438    i.delay_us          delay.o
    0x08006954   0x08006954   0x0000004c   Code   RO         1439    i.delay_xms         delay.o
    0x080069a0   0x080069a0   0x0000005c   Code   RO         2384    i.dir_alloc         ff.o
    0x080069fc   0x080069fc   0x000000ea   Code   RO         2385    i.dir_find          ff.o
    0x08006ae6   0x08006ae6   0x0000013c   Code   RO         2386    i.dir_next          ff.o
    0x08006c22   0x08006c22   0x0000012a   Code   RO         2388    i.dir_register      ff.o
    0x08006d4c   0x08006d4c   0x000000c8   Code   RO         2390    i.dir_sdi           ff.o
    0x08006e14   0x08006e14   0x00000034   Code   RO         2295    i.disk_initialize   diskio.o
    0x08006e48   0x08006e48   0x000000b4   Code   RO         2296    i.disk_ioctl        diskio.o
    0x08006efc   0x08006efc   0x0000004c   Code   RO         2297    i.disk_read         diskio.o
    0x08006f48   0x08006f48   0x00000006   Code   RO         2298    i.disk_status       diskio.o
    0x08006f4e   0x08006f4e   0x0000004c   Code   RO         2299    i.disk_write        diskio.o
    0x08006f9a   0x08006f9a   0x00000002   PAD
    0x08006f9c   0x08006f9c   0x00000084   Code   RO         2775    i.exfuns_init       exfuns.o
    0x08007020   0x08007020   0x00000024   Code   RO         2392    i.f_close           ff.o
    0x08007044   0x08007044   0x0000005c   Code   RO         2401    i.f_mount           ff.o
    0x080070a0   0x080070a0   0x00000180   Code   RO         2402    i.f_open            ff.o
    0x08007220   0x08007220   0x000001e2   Code   RO         2407    i.f_read            ff.o
    0x08007402   0x08007402   0x000000b0   Code   RO         2412    i.f_sync            ff.o
    0x080074b2   0x080074b2   0x00000002   PAD
    0x080074b4   0x080074b4   0x0000007c   Code   RO         2745    i.ff_convert        cc936.o
    0x08007530   0x08007530   0x0000000e   Code   RO         2300    i.ff_memalloc       diskio.o
    0x0800753e   0x0800753e   0x0000000e   Code   RO         2301    i.ff_memfree        diskio.o
    0x0800754c   0x0800754c   0x00000038   Code   RO         2746    i.ff_wtoupper       cc936.o
    0x08007584   0x08007584   0x000003c8   Code   RO         2417    i.find_volume       ff.o
    0x0800794c   0x0800794c   0x00000080   Code   RO         2418    i.fit_lfn           ff.o
    0x080079cc   0x080079cc   0x00000090   Code   RO         2419    i.follow_path       ff.o
    0x08007a5c   0x08007a5c   0x00000004   Code   RO         2245    i.fputc             usart.o
    0x08007a60   0x08007a60   0x000000c8   Code   RO         2420    i.gen_numname       ff.o
    0x08007b28   0x08007b28   0x00000132   Code   RO         2421    i.get_fat           ff.o
    0x08007c5a   0x08007c5a   0x00000004   Code   RO         2302    i.get_fattime       diskio.o
    0x08007c5e   0x08007c5e   0x0000004a   Code   RO         2423    i.get_ldnumber      ff.o
    0x08007ca8   0x08007ca8   0x0000002c   Code   RO          293    i.iap_load_app      iap.o
    0x08007cd4   0x08007cd4   0x00000068   Code   RO          294    i.iap_write_appbin  iap.o
    0x08007d3c   0x08007d3c   0x00000020   Code   RO         2424    i.ld_clust          ff.o
    0x08007d5c   0x08007d5c   0x000000ec   Code   RO            3    i.main              main.o
    0x08007e48   0x08007e48   0x00000026   Code   RO         2425    i.mem_cmp           ff.o
    0x08007e6e   0x08007e6e   0x0000001a   Code   RO         2426    i.mem_cpy           ff.o
    0x08007e88   0x08007e88   0x00000014   Code   RO         2427    i.mem_set           ff.o
    0x08007e9c   0x08007e9c   0x00000032   Code   RO         2429    i.move_window       ff.o
    0x08007ece   0x08007ece   0x00000002   PAD
    0x08007ed0   0x08007ed0   0x0000006c   Code   RO         4372    i.my_mem_free       malloc.o
    0x08007f3c   0x08007f3c   0x00000044   Code   RO         4373    i.my_mem_init       malloc.o
    0x08007f80   0x08007f80   0x000000a8   Code   RO         4374    i.my_mem_malloc     malloc.o
    0x08008028   0x08008028   0x00000040   Code   RO         4375    i.my_mem_perused    malloc.o
    0x08008068   0x08008068   0x00000024   Code   RO         4376    i.myfree            malloc.o
    0x0800808c   0x0800808c   0x00000028   Code   RO         4377    i.mymalloc          malloc.o
    0x080080b4   0x080080b4   0x00000014   Code   RO         4379    i.mymemset          malloc.o
    0x080080c8   0x080080c8   0x00000180   Code   RO         2431    i.put_fat           ff.o
    0x08008248   0x08008248   0x00000084   Code   RO         1519    i.queue_find_cmd    cmd_queue.o
    0x080082cc   0x080082cc   0x00000034   Code   RO         1520    i.queue_pop         cmd_queue.o
    0x08008300   0x08008300   0x00000030   Code   RO         1521    i.queue_push        cmd_queue.o
    0x08008330   0x08008330   0x00000020   Code   RO         1522    i.queue_reset       cmd_queue.o
    0x08008350   0x08008350   0x00000024   Code   RO         1523    i.queue_size        cmd_queue.o
    0x08008374   0x08008374   0x0000006c   Code   RO         2433    i.remove_chain      ff.o
    0x080083e0   0x080083e0   0x00000010   Code   RO         2434    i.st_clust          ff.o
    0x080083f0   0x080083f0   0x00000020   Code   RO         2435    i.sum_sfn           ff.o
    0x08008410   0x08008410   0x000000c8   Code   RO         2436    i.sync_fs           ff.o
    0x080084d8   0x080084d8   0x0000004c   Code   RO         2437    i.sync_window       ff.o
    0x08008524   0x08008524   0x00000036   Code   RO         2438    i.validate          ff.o
    0x0800855a   0x0800855a   0x0000003a   Data   RO         2440    .constdata          ff.o
    0x08008594   0x08008594   0x0002acc8   Data   RO         2747    .constdata          cc936.o
    0x0803325c   0x0803325c   0x00000024   Data   RO         4386    .constdata          malloc.o
    0x08033280   0x08033280   0x00000020   Data   RO         4792    Region$$Table       anon$$obj.o


    Execution Region RW_IRAM1 (Exec base: 0x20000000, Load base: 0x080332a0, Size: 0x0001dc80, Max: 0x00020000, ABSOLUTE)

    Exec Addr    Load Addr    Size         Type   Attr      Idx    E Section Name        Object

    0x20000000   0x080332a0   0x00000004   Data   RW            4    .data               main.o
    0x20000004   0x080332a4   0x00000008   Data   RW          296    .data               iap.o
    0x2000000c   0x080332ac   0x00000012   Data   RW          707    .data               usbh_core.o
    0x2000001e   0x080332be   0x00000003   Data   RW          914    .data               usbh_stdreq.o
    0x20000021   0x080332c1   0x00000003   PAD
    0x20000024   0x080332c4   0x00000011   Data   RW         1004    .data               usbh_msc_bot.o
    0x20000035   0x080332d5   0x00000003   PAD
    0x20000038   0x080332d8   0x0000001d   Data   RW         1052    .data               usbh_msc_core.o
    0x20000055   0x080332f5   0x00000001   Data   RW         1108    .data               usbh_msc_scsi.o
    0x20000056   0x080332f6   0x00000002   PAD
    0x20000058   0x080332f8   0x00000054   Data   RW         1190    .data               usbh_usr.o
    0x200000ac   0x0803334c   0x00000004   Data   RW         1440    .data               delay.o
    0x200000b0   0x08033350   0x00000006   Data   RW         1525    .data               cmd_queue.o
    0x200000b6   0x08033356   0x00000002   Data   RW         1576    .data               hmi_app.o
    0x200000b8   0x08033358   0x0000000c   Data   RW         2246    .data               usart.o
    0x200000c4   0x08033364   0x00000002   Data   RW         2303    .data               diskio.o
    0x200000c6   0x08033366   0x00000002   Data   RW         2441    .data               ff.o
    0x200000c8   0x08033368   0x00000014   Data   RW         2780    .data               exfuns.o
    0x200000dc   0x0803337c   0x00000010   Data   RW         3739    .data               stm32f4xx_rcc.o
    0x200000ec   0x0803338c   0x00000024   Data   RW         4387    .data               malloc.o
    0x20000110        -       0x00000630   Zero   RW          260    .bss                bsp.o
    0x20000740        -       0x00000800   Zero   RW          295    .bss                iap.o
    0x20000f40        -       0x00000200   Zero   RW          913    .bss                usbh_stdreq.o
    0x20001140        -       0x00000040   Zero   RW         1003    .bss                usbh_msc_bot.o
    0x20001180        -       0x0000004a   Zero   RW         1051    .bss                usbh_msc_core.o
    0x200011ca   0x080333b0   0x00000002   PAD
    0x200011cc        -       0x00000410   Zero   RW         1107    .bss                usbh_msc_scsi.o
    0x200015dc        -       0x0000133e   Zero   RW         1189    .bss                usbh_usr.o
    0x2000291a        -       0x00000404   Zero   RW         1524    .bss                cmd_queue.o
    0x20002d1e        -       0x000001f4   Zero   RW         1575    .bss                hmi_app.o
    0x20002f12   0x080333b0   0x00000002   PAD
    0x20002f14        -       0x0000000c   Zero   RW         2439    .bss                ff.o
    0x20002f20        -       0x00000050   Zero   RW         2777    .bss                exfuns.o
    0x20002f70   0x080333b0   0x00000010   PAD
    0x20002f80        -       0x0001a900   Zero   RW         4385    .bss                malloc.o
    0x2001d880        -       0x00000400   Zero   RW         3219    STACK               startup_stm32f40_41xxx.o



  Load Region LR$$.ARM.__AT_0x10000000 (Base: 0x10000000, Size: 0x00000000, Max: 0x0000f000, ABSOLUTE)

    Execution Region ER$$.ARM.__AT_0x10000000 (Exec base: 0x10000000, Load base: 0x10000000, Size: 0x0000f000, Max: 0x0000f000, ABSOLUTE, UNINIT)

    Exec Addr    Load Addr    Size         Type   Attr      Idx    E Section Name        Object

    0x10000000        -       0x0000f000   Zero   RW         4381    .ARM.__AT_0x10000000  malloc.o



  Load Region LR$$.ARM.__AT_0x1000F000 (Base: 0x1000f000, Size: 0x00000000, Max: 0x00000f00, ABSOLUTE)

    Execution Region ER$$.ARM.__AT_0x1000F000 (Exec base: 0x1000f000, Load base: 0x1000f000, Size: 0x00000f00, Max: 0x00000f00, ABSOLUTE, UNINIT)

    Exec Addr    Load Addr    Size         Type   Attr      Idx    E Section Name        Object

    0x1000f000        -       0x00000f00   Zero   RW         4382    .ARM.__AT_0x1000F000  malloc.o



  Load Region LR$$.ARM.__AT_0x68000000 (Base: 0x68000000, Size: 0x00000000, Max: 0x000f0000, ABSOLUTE)

    Execution Region ER$$.ARM.__AT_0x68000000 (Exec base: 0x68000000, Load base: 0x68000000, Size: 0x000f0000, Max: 0x000f0000, ABSOLUTE, UNINIT)

    Exec Addr    Load Addr    Size         Type   Attr      Idx    E Section Name        Object

    0x68000000        -       0x000f0000   Zero   RW         4383    .ARM.__AT_0x68000000  malloc.o



  Load Region LR$$.ARM.__AT_0x680F0000 (Base: 0x680f0000, Size: 0x00000000, Max: 0x0000f000, ABSOLUTE)

    Execution Region ER$$.ARM.__AT_0x680F0000 (Exec base: 0x680f0000, Load base: 0x680f0000, Size: 0x0000f000, Max: 0x0000f000, ABSOLUTE, UNINIT)

    Exec Addr    Load Addr    Size         Type   Attr      Idx    E Section Name        Object

    0x680f0000        -       0x0000f000   Zero   RW         4384    .ARM.__AT_0x680F0000  malloc.o


==============================================================================

Image component sizes


      Code (inc. data)   RO Data    RW Data    ZI Data      Debug   Object Name

         2          0          0          0          0        476   bell.o
       380        172          0          0       1584       1351   bsp.o
       180         18     175304          0          0       2123   cc936.o
       300         38          0          6       1028       3492   cmd_queue.o
       268         16          0          4          0       2487   delay.o
       422          8          0          2          0       7240   diskio.o
       132         18          0         20         80       1606   exfuns.o
      6394         64         58          2         12      36359   ff.o
       156         24          0          2        500       2536   hmi_app.o
       394         24          0          0          0       5641   hmi_driver.o
       148         12          0          8       2048       2572   iap.o
       236         98          0          4          0     305036   main.o
       504         60         36         36    1218560       6570   malloc.o
       200         32          0          0          0       2715   misc.o
        36          8        392          0       1024        852   startup_stm32f40_41xxx.o
       426         40          0          0          0       4620   stm32f4xx_flash.o
       218          0          0          0          0       2384   stm32f4xx_gpio.o
        76         10          0          0          0      29804   stm32f4xx_it.o
       392         48          0         16          0       5953   stm32f4xx_rcc.o
       726         42          0          0          0       7548   stm32f4xx_usart.o
       318         50          0          0          0       2451   stmflash.o
        16          0          0          0          0        488   sys.o
       340         32          0          0          0       1593   system_stm32f4xx.o
       340         18          0         12          0       4601   usart.o
       148          4          0          0          0       3808   usb_bsp.o
      2996         18          0          0          0      19707   usb_core.o
       202          0          0          0          0       5507   usb_hcd.o
      3702         16          0          0          0      10855   usb_hcd_int.o
      1634         42          0         18          0       9473   usbh_core.o
       390          0          0          0          0       4852   usbh_hcs.o
       560          0          0          0          0       5922   usbh_ioreq.o
      1140        100          0         17         64       7005   usbh_msc_bot.o
       876         62          0         29         74       6961   usbh_msc_core.o
      1312         88          0          1       1040       7616   usbh_msc_scsi.o
       942         14          0          3        512      10973   usbh_stdreq.o
      3502       1044          0         84       4926      23334   usbh_usr.o

    ----------------------------------------------------------------------
     30042       2220     175822        272    1231472     556511   Object Totals
         0          0         32          0          0          0   (incl. Generated)
        34          0          0          8         20          0   (incl. Padding)

    ----------------------------------------------------------------------

      Code (inc. data)   RO Data    RW Data    ZI Data      Debug   Library Member Name

         0          0          0          0          0          0   entry.o
         0          0          0          0          0          0   entry10a.o
         0          0          0          0          0          0   entry11a.o
         4          0          0          0          0          0   entry12b.o
         8          4          0          0          0          0   entry2.o
         4          0          0          0          0          0   entry5.o
         0          0          0          0          0          0   entry7b.o
         0          0          0          0          0          0   entry8b.o
         8          4          0          0          0          0   entry9a.o
        30          0          0          0          0          0   handlers.o
        36          8          0          0          0         68   init.o
         0          0          0          0          0          0   iusefp.o
        30          0          0          0          0         68   llshl.o
        36          0          0          0          0         68   llsshr.o
        32          0          0          0          0         68   llushr.o
      2268         96          0          0          0        616   printfa.o
        44          0          0          0          0         80   uidiv.o
        98          0          0          0          0         92   uldiv.o
        48          0          0          0          0         68   cdrcmple.o
       334          0          0          0          0        148   dadd.o
       222          0          0          0          0        100   ddiv.o
       186          0          0          0          0        176   depilogue.o
        48          0          0          0          0         68   dfixul.o
       228          0          0          0          0         96   dmul.o
        38          0          0          0          0         68   f2d.o

    ----------------------------------------------------------------------
      3704        112          0          0          0       1784   Library Totals
         2          0          0          0          0          0   (incl. Padding)

    ----------------------------------------------------------------------

      Code (inc. data)   RO Data    RW Data    ZI Data      Debug   Library Name

      2598        112          0          0          0       1060   mc_w.l
      1104          0          0          0          0        724   mf_w.l

    ----------------------------------------------------------------------
      3704        112          0          0          0       1784   Library Totals

    ----------------------------------------------------------------------

==============================================================================


      Code (inc. data)   RO Data    RW Data    ZI Data      Debug   

     33746       2332     175822        272    1231472     532615   Grand Totals
     33746       2332     175822        272    1231472     532615   ELF Image Totals
     33746       2332     175822        272          0          0   ROM Totals

==============================================================================

    Total RO  Size (Code + RO Data)               209568 ( 204.66kB)
    Total RW  Size (RW Data + ZI Data)           1231744 (1202.88kB)
    Total ROM Size (Code + RO Data + RW Data)     209840 ( 204.92kB)

==============================================================================

