Component: ARM Compiler 5.06 update 6 (build 750) Tool: armlink [4d35ed]

==============================================================================

Section Cross References

    main.o(i.main) refers to _printf_percent.o(.ARM.Collect$$_printf_percent$$00000000) for _printf_percent
    main.o(i.main) refers to _printf_d.o(.ARM.Collect$$_printf_percent$$00000009) for _printf_d
    main.o(i.main) refers to _printf_dec.o(.text) for _printf_int_dec
    main.o(i.main) refers to bsp.o(i.BSP_Init) for BSP_Init
    main.o(i.main) refers to delay.o(i.delay_ms) for delay_ms
    main.o(i.main) refers to noretval__2printf.o(.text) for __2printf
    main.o(i.main) refers to usbh_core.o(i.USBH_Process) for USBH_Process
    main.o(i.main) refers to usbh_core.o(i.USBH_DeInit) for USBH_DeInit
    main.o(i.main) refers to iap.o(i.iap_load_app) for iap_load_app
    main.o(i.main) refers to usbh_usr.o(.data) for jump_flag
    main.o(i.main) refers to main.o(.data) for Start_Loop
    main.o(i.main) refers to bsp.o(.bss) for USB_Host
    bsp.o(i.BSP_Init) refers to misc.o(i.NVIC_SetVectorTable) for NVIC_SetVectorTable
    bsp.o(i.BSP_Init) refers to misc.o(i.NVIC_PriorityGroupConfig) for NVIC_PriorityGroupConfig
    bsp.o(i.BSP_Init) refers to delay.o(i.delay_init) for delay_init
    bsp.o(i.BSP_Init) refers to delay.o(i.delay_ms) for delay_ms
    bsp.o(i.BSP_Init) refers to bsp.o(i.GOIO_OUT_Init) for GOIO_OUT_Init
    bsp.o(i.BSP_Init) refers to noretval__2printf.o(.text) for __2printf
    bsp.o(i.BSP_Init) refers to malloc.o(i.my_mem_init) for my_mem_init
    bsp.o(i.BSP_Init) refers to exfuns.o(i.exfuns_init) for exfuns_init
    bsp.o(i.BSP_Init) refers to usbh_core.o(i.USBH_Init) for USBH_Init
    bsp.o(i.BSP_Init) refers to usart.o(i.HMI_USART_Init) for HMI_USART_Init
    bsp.o(i.BSP_Init) refers to cmd_queue.o(i.queue_reset) for queue_reset
    bsp.o(i.BSP_Init) refers to usbh_usr.o(.data) for USR_Callbacks
    bsp.o(i.BSP_Init) refers to usbh_msc_core.o(.data) for USBH_MSC_cb
    bsp.o(i.BSP_Init) refers to bsp.o(.bss) for USB_Host
    bsp.o(i.GOIO_OUT_Init) refers to stm32f4xx_rcc.o(i.RCC_AHB1PeriphClockCmd) for RCC_AHB1PeriphClockCmd
    bsp.o(i.GOIO_OUT_Init) refers to stm32f4xx_gpio.o(i.GPIO_Init) for GPIO_Init
    bsp.o(i.GOIO_OUT_Init) refers to stm32f4xx_gpio.o(i.GPIO_ResetBits) for GPIO_ResetBits
    iap.o(i.iap_load_app) refers to sys.o(.emb_text) for MSR_MSP
    iap.o(i.iap_load_app) refers to iap.o(.data) for jump2app
    iap.o(i.iap_write_appbin) refers to stmflash.o(i.STMFLASH_Write) for STMFLASH_Write
    iap.o(i.iap_write_appbin) refers to iap.o(.bss) for iapbuf
    stmflash.o(i.STMFLASH_Read) refers to stmflash.o(i.STMFLASH_ReadWord) for STMFLASH_ReadWord
    stmflash.o(i.STMFLASH_Write) refers to stm32f4xx_flash.o(i.FLASH_Unlock) for FLASH_Unlock
    stmflash.o(i.STMFLASH_Write) refers to stm32f4xx_flash.o(i.FLASH_DataCacheCmd) for FLASH_DataCacheCmd
    stmflash.o(i.STMFLASH_Write) refers to stmflash.o(i.STMFLASH_ReadWord) for STMFLASH_ReadWord
    stmflash.o(i.STMFLASH_Write) refers to stmflash.o(i.STMFLASH_GetFlashSector) for STMFLASH_GetFlashSector
    stmflash.o(i.STMFLASH_Write) refers to stm32f4xx_flash.o(i.FLASH_EraseSector) for FLASH_EraseSector
    stmflash.o(i.STMFLASH_Write) refers to stm32f4xx_flash.o(i.FLASH_ProgramWord) for FLASH_ProgramWord
    stmflash.o(i.STMFLASH_Write) refers to stm32f4xx_flash.o(i.FLASH_Lock) for FLASH_Lock
    usb_core.o(i.USB_OTG_CoreInit) refers to usb_core.o(i.USB_OTG_CoreReset) for USB_OTG_CoreReset
    usb_core.o(i.USB_OTG_CoreInit) refers to usb_bsp.o(i.USB_OTG_BSP_mDelay) for USB_OTG_BSP_mDelay
    usb_core.o(i.USB_OTG_CoreInitHost) refers to usb_bsp.o(i.USB_OTG_BSP_ConfigVBUS) for USB_OTG_BSP_ConfigVBUS
    usb_core.o(i.USB_OTG_CoreInitHost) refers to usb_core.o(i.USB_OTG_InitFSLSPClkSel) for USB_OTG_InitFSLSPClkSel
    usb_core.o(i.USB_OTG_CoreInitHost) refers to usb_core.o(i.USB_OTG_ResetPort) for USB_OTG_ResetPort
    usb_core.o(i.USB_OTG_CoreInitHost) refers to usb_core.o(i.USB_OTG_FlushTxFifo) for USB_OTG_FlushTxFifo
    usb_core.o(i.USB_OTG_CoreInitHost) refers to usb_core.o(i.USB_OTG_FlushRxFifo) for USB_OTG_FlushRxFifo
    usb_core.o(i.USB_OTG_CoreInitHost) refers to usb_core.o(i.USB_OTG_DriveVbus) for USB_OTG_DriveVbus
    usb_core.o(i.USB_OTG_CoreInitHost) refers to usb_core.o(i.USB_OTG_EnableHostInt) for USB_OTG_EnableHostInt
    usb_core.o(i.USB_OTG_CoreReset) refers to usb_bsp.o(i.USB_OTG_BSP_uDelay) for USB_OTG_BSP_uDelay
    usb_core.o(i.USB_OTG_DriveVbus) refers to usb_bsp.o(i.USB_OTG_BSP_DriveVBUS) for USB_OTG_BSP_DriveVBUS
    usb_core.o(i.USB_OTG_DriveVbus) refers to usb_core.o(i.USB_OTG_ReadHPRT0) for USB_OTG_ReadHPRT0
    usb_core.o(i.USB_OTG_DriveVbus) refers to usb_bsp.o(i.USB_OTG_BSP_mDelay) for USB_OTG_BSP_mDelay
    usb_core.o(i.USB_OTG_EnableHostInt) refers to usb_core.o(i.USB_OTG_EnableCommonInt) for USB_OTG_EnableCommonInt
    usb_core.o(i.USB_OTG_FlushRxFifo) refers to usb_bsp.o(i.USB_OTG_BSP_uDelay) for USB_OTG_BSP_uDelay
[...]
    CAN1_SCE_IRQHandler                      0x08000273   Thumb Code     0  startup_stm32f40_41xxx.o(.text)
    CAN1_TX_IRQHandler                       0x08000273   Thumb Code     0  startup_stm32f40_41xxx.o(.text)
    CAN2_RX0_IRQHandler                      0x08000273   Thumb Code     0  startup_stm32f40_41xxx.o(.text)
    CAN2_RX1_IRQHandler                      0x08000273   Thumb Code     0  startup_stm32f40_41xxx.o(.text)
    CAN2_SCE_IRQHandler                      0x08000273   Thumb Code     0  startup_stm32f40_41xxx.o(.text)
    CAN2_TX_IRQHandler                       0x08000273   Thumb Code     0  startup_stm32f40_41xxx.o(.text)
    CRYP_IRQHandler                          0x08000273   Thumb Code     0  startup_stm32f40_41xxx.o(.text)
    DCMI_IRQHandler                          0x08000273   Thumb Code     0  startup_stm32f40_41xxx.o(.text)
    DMA1_Stream0_IRQHandler                  0x08000273   Thumb Code     0  startup_stm32f40_41xxx.o(.text)
    DMA1_Stream1_IRQHandler                  0x08000273   Thumb Code     0  startup_stm32f40_41xxx.o(.text)
    DMA1_Stream2_IRQHandler                  0x08000273   Thumb Code     0  startup_stm32f40_41xxx.o(.text)
    DMA1_Stream3_IRQHandler                  0x08000273   Thumb Code     0  startup_stm32f40_41xxx.o(.text)
    DMA1_Stream4_IRQHandler                  0x08000273   Thumb Code     0  startup_stm32f40_41xxx.o(.text)
    DMA1_Stream5_IRQHandler                  0x08000273   Thumb Code     0  startup_stm32f40_41xxx.o(.text)
    DMA1_Stream6_IRQHandler                  0x08000273   Thumb Code     0  startup_stm32f40_41xxx.o(.text)
    DMA1_Stream7_IRQHandler                  0x08000273   Thumb Code     0  startup_stm32f40_41xxx.o(.text)
    DMA2_Stream0_IRQHandler                  0x08000273   Thumb Code     0  startup_stm32f40_41xxx.o(.text)
    DMA2_Stream1_IRQHandler                  0x08000273   Thumb Code     0  startup_stm32f40_41xxx.o(.text)
    DMA2_Stream2_IRQHandler                  0x08000273   Thumb Code     0  startup_stm32f40_41xxx.o(.text)
    DMA2_Stream3_IRQHandler                  0x08000273   Thumb Code     0  startup_stm32f40_41xxx.o(.text)
    DMA2_Stream4_IRQHandler                  0x08000273   Thumb Code     0  startup_stm32f40_41xxx.o(.text)
    DMA2_Stream5_IRQHandler                  0x08000273   Thumb Code     0  startup_stm32f40_41xxx.o(.text)
    DMA2_Stream6_IRQHandler                  0x08000273   Thumb Code     0  startup_stm32f40_41xxx.o(.text)
    DMA2_Stream7_IRQHandler                  0x08000273   Thumb Code     0  startup_stm32f40_41xxx.o(.text)
    ETH_IRQHandler                           0x08000273   Thumb Code     0  startup_stm32f40_41xxx.o(.text)
    ETH_WKUP_IRQHandler                      0x08000273   Thumb Code     0  startup_stm32f40_41xxx.o(.text)
    EXTI0_IRQHandler                         0x08000273   Thumb Code     0  startup_stm32f40_41xxx.o(.text)
    EXTI15_10_IRQHandler                     0x08000273   Thumb Code     0  startup_stm32f40_41xxx.o(.text)
    EXTI1_IRQHandler                         0x08000273   Thumb Code     0  startup_stm32f40_41xxx.o(.text)
    EXTI2_IRQHandler                         0x08000273   Thumb Code     0  startup_stm32f40_41xxx.o(.text)
    EXTI3_IRQHandler                         0x08000273   Thumb Code     0  startup_stm32f40_41xxx.o(.text)
    EXTI4_IRQHandler                         0x08000273   Thumb Code     0  startup_stm32f40_41xxx.o(.text)
    EXTI9_5_IRQHandler                       0x08000273   Thumb Code     0  startup_stm32f40_41xxx.o(.text)
    FLASH_IRQHandler                         0x08000273   Thumb Code     0  startup_stm32f40_41xxx.o(.text)
    FPU_IRQHandler                           0x08000273   Thumb Code     0  startup_stm32f40_41xxx.o(.text)
    FSMC_IRQHandler                          0x08000273   Thumb Code     0  startup_stm32f40_41xxx.o(.text)
    HASH_RNG_IRQHandler                      0x08000273   Thumb Code     0  startup_stm32f40_41xxx.o(.text)
    I2C1_ER_IRQHandler                       0x08000273   Thumb Code     0  startup_stm32f40_41xxx.o(.text)
    I2C1_EV_IRQHandler                       0x08000273   Thumb Code     0  startup_stm32f40_41xxx.o(.text)
    I2C2_ER_IRQHandler                       0x08000273   Thumb Code     0  startup_stm32f40_41xxx.o(.text)
    I2C2_EV_IRQHandler                       0x08000273   Thumb Code     0  startup_stm32f40_41xxx.o(.text)
    I2C3_ER_IRQHandler                       0x08000273   Thumb Code     0  startup_stm32f40_41xxx.o(.text)
    I2C3_EV_IRQHandler                       0x08000273   Thumb Code     0  startup_stm32f40_41xxx.o(.text)
    OTG_FS_WKUP_IRQHandler                   0x08000273   Thumb Code     0  startup_stm32f40_41xxx.o(.text)
    OTG_HS_EP1_IN_IRQHandler                 0x08000273   Thumb Code     0  startup_stm32f40_41xxx.o(.text)
    OTG_HS_EP1_OUT_IRQHandler                0x08000273   Thumb Code     0  startup_stm32f40_41xxx.o(.text)
    OTG_HS_IRQHandler                        0x08000273   Thumb Code     0  startup_stm32f40_41xxx.o(.text)
    OTG_HS_WKUP_IRQHandler                   0x08000273   Thumb Code     0  startup_stm32f40_41xxx.o(.text)
    PVD_IRQHandler                           0x08000273   Thumb Code     0  startup_stm32f40_41xxx.o(.text)
    RCC_IRQHandler                           0x08000273   Thumb Code     0  startup_stm32f40_41xxx.o(.text)
    RTC_Alarm_IRQHandler                     0x08000273   Thumb Code     0  startup_stm32f40_41xxx.o(.text)
    RTC_WKUP_IRQHandler                      0x08000273   Thumb Code     0  startup_stm32f40_41xxx.o(.text)
    SDIO_IRQHandler                          0x08000273   Thumb Code     0  startup_stm32f40_41xxx.o(.text)
    SPI1_IRQHandler                          0x08000273   Thumb Code     0  startup_stm32f40_41xxx.o(.text)
    SPI2_IRQHandler                          0x08000273   Thumb Code     0  startup_stm32f40_41xxx.o(.text)
    SPI3_IRQHandler                          0x08000273   Thumb Code     0  startup_stm32f40_41xxx.o(.text)
    TAMP_STAMP_IRQHandler                    0x08000273   Thumb Code     0  startup_stm32f40_41xxx.o(.text)
    TIM1_BRK_TIM9_IRQHandler                 0x08000273   Thumb Code     0  startup_stm32f40_41xxx.o(.text)
    TIM1_CC_IRQHandler                       0x08000273   Thumb Code     0  startup_stm32f40_41xxx.o(.text)
    TIM1_TRG_COM_TIM11_IRQHandler            0x08000273   Thumb Code     0  startup_stm32f40_41xxx.o(.text)
    TIM1_UP_TIM10_IRQHandler                 0x08000273   Thumb Code     0  startup_stm32f40_41xxx.o(.text)
    TIM2_IRQHandler                          0x08000273   Thumb Code     0  startup_stm32f40_41xxx.o(.text)
    TIM3_IRQHandler                          0x08000273   Thumb Code     0  startup_stm32f40_41xxx.o(.text)
    TIM4_IRQHandler                          0x08000273   Thumb Code     0  startup_stm32f40_41xxx.o(.text)
    TIM5_IRQHandler                          0x08000273   Thumb Code     0  startup_stm32f40_41xxx.o(.text)
    TIM6_DAC_IRQHandler                      0x08000273   Thumb Code     0  startup_stm32f40_41xxx.o(.text)
    TIM7_IRQHandler                          0x08000273   Thumb Code     0  startup_stm32f40_41xxx.o(.text)
    TIM8_BRK_TIM12_IRQHandler                0x08000273   Thumb Code     0  startup_stm32f40_41xxx.o(.text)
    TIM8_CC_IRQHandler                       0x08000273   Thumb Code     0  startup_stm32f40_41xxx.o(.text)
    TIM8_TRG_COM_TIM14_IRQHandler            0x08000273   Thumb Code     0  startup_stm32f40_41xxx.o(.text)
    TIM8_UP_TIM13_IRQHandler                 0x08000273   Thumb Code     0  startup_stm32f40_41xxx.o(.text)
    UART4_IRQHandler                         0x08000273   Thumb Code     0  startup_stm32f40_41xxx.o(.text)
    UART5_IRQHandler                         0x08000273   Thumb Code     0  startup_stm32f40_41xxx.o(.text)
    USART1_IRQHandler                        0x08000273   Thumb Code     0  startup_stm32f40_41xxx.o(.text)
    USART2_IRQHandler                        0x08000273   Thumb Code     0  startup_stm32f40_41xxx.o(.text)
    USART6_IRQHandler                        0x08000273   Thumb Code     0  startup_stm32f40_41xxx.o(.text)
    WWDG_IRQHandler                          0x08000273   Thumb Code     0  startup_stm32f40_41xxx.o(.text)
    __user_initial_stackheap                 0x08000275   Thumb Code     0  startup_stm32f40_41xxx.o(.text)
    __use_no_semihosting                     0x08000299   Thumb Code     2  use_no_semi_2.o(.text)
    __2printf                                0x0800029d   Thumb Code    20  noretval__2printf.o(.text)
    __2sprintf                               0x080002b5   Thumb Code    34  noretval__2sprintf.o(.text)
    _printf_pre_padding                      0x080002dd   Thumb Code    44  _printf_pad.o(.text)
    _printf_post_padding                     0x08000309   Thumb Code    34  _printf_pad.o(.text)
    _printf_int_dec                          0x0800032d   Thumb Code   104  _printf_dec.o(.text)
    __printf                                 0x080003a5   Thumb Code   352  __printf_ss_wp.o(.text)
    strcmp                                   0x08000505   Thumb Code   128  strcmpv7m.o(.text)
    __use_two_region_memory                  0x08000585   Thumb Code     2  heapauxi.o(.text)
    __rt_heap_escrow$2region                 0x08000587   Thumb Code     2  heapauxi.o(.text)
    __rt_heap_expand$2region                 0x08000589   Thumb Code     2  heapauxi.o(.text)
    __I$use$semihosting                      0x0800058b   Thumb Code     0  use_no_semi.o(.text)
    __use_no_semihosting_swi                 0x0800058b   Thumb Code     2  use_no_semi.o(.text)
    _printf_int_common                       0x0800058d   Thumb Code   178  _printf_intcommon.o(.text)
    __lib_sel_fp_printf                      0x0800063f   Thumb Code     2  _printf_fp_dec.o(.text)
    _printf_fp_dec_real                      0x080007f1   Thumb Code   620  _printf_fp_dec.o(.text)
    _printf_char_common                      0x08000a67   Thumb Code    32  _printf_char_common.o(.text)
    _sputc                                   0x08000a8d   Thumb Code    10  _sputc.o(.text)
    _printf_char_file                        0x08000a99   Thumb Code    32  _printf_char_file.o(.text)
    __rt_locale                              0x08000abd   Thumb Code     8  rt_locale_intlibspace.o(.text)
    _ll_udiv10                               0x08000ac5   Thumb Code   138  lludiv10.o(.text)
    _printf_fp_infnan                        0x08000b51   Thumb Code   112  _printf_fp_infnan.o(.text)
    _btod_etento                             0x08000bd1   Thumb Code   224  bigflt0.o(.text)
    ferror                                   0x08000cb5   Thumb Code     8  ferror.o(.text)
    __user_libspace                          0x08000cbd   Thumb Code     8  libspace.o(.text)
    __user_perproc_libspace                  0x08000cbd   Thumb Code     0  libspace.o(.text)
    __user_perthread_libspace                0x08000cbd   Thumb Code     0  libspace.o(.text)
    __user_setup_stackheap                   0x08000cc5   Thumb Code    74  sys_stackheap_outer.o(.text)
    exit                                     0x08000d0f   Thumb Code    18  exit.o(.text)
    _btod_d2e                                0x08000d21   Thumb Code    62  btod.o(CL$$btod_d2e)
    _d2e_denorm_low                          0x08000d5f   Thumb Code    70  btod.o(CL$$btod_d2e_denorm_low)
    _d2e_norm_op1                            0x08000da5   Thumb Code    96  btod.o(CL$$btod_d2e_norm_op1)
    __btod_div_common                        0x08000e05   Thumb Code   696  btod.o(CL$$btod_div_common)
    _e2e                                     0x0800113d   Thumb Code   220  btod.o(CL$$btod_e2e)
    _btod_ediv                               0x08001219   Thumb Code    42  btod.o(CL$$btod_ediv)
    _btod_emul                               0x08001243   Thumb Code    42  btod.o(CL$$btod_emul)
    __btod_mult_common                       0x0800126d   Thumb Code   580  btod.o(CL$$btod_mult_common)
    BELL_Work                                0x080014b1   Thumb Code     2  bell.o(i.BELL_Work)
    BSP_Init                                 0x080014b5   Thumb Code   152  bsp.o(i.BSP_Init)
    BeginUpdateHMI                           0x080015f5   Thumb Code    22  hmi_driver.o(i.BeginUpdateHMI)
    BusFault_Handler                         0x08001615   Thumb Code     8  stm32f4xx_it.o(i.BusFault_Handler)
    CheckHMIUpdateFiles                      0x0800161d   Thumb Code   148  usbh_usr.o(i.CheckHMIUpdateFiles)
    Check_HMI_Image_Index                    0x08001705   Thumb Code   222  usbh_usr.o(i.Check_HMI_Image_Index)
    DebugMon_Handler                         0x080017f5   Thumb Code     2  stm32f4xx_it.o(i.DebugMon_Handler)
    EndUpdateHMI                             0x080017f9   Thumb Code    20  hmi_driver.o(i.EndUpdateHMI)
    FLASH_DataCacheCmd                       0x08001811   Thumb Code    30  stm32f4xx_flash.o(i.FLASH_DataCacheCmd)
    FLASH_EraseSector                        0x08001835   Thumb Code   130  stm32f4xx_flash.o(i.FLASH_EraseSector)
    FLASH_GetStatus                          0x080018bd   Thumb Code    80  stm32f4xx_flash.o(i.FLASH_GetStatus)
    FLASH_Lock                               0x08001911   Thumb Code    14  stm32f4xx_flash.o(i.FLASH_Lock)
    FLASH_ProgramWord                        0x08001925   Thumb Code    74  stm32f4xx_flash.o(i.FLASH_ProgramWord)
    FLASH_Unlock                             0x08001975   Thumb Code    24  stm32f4xx_flash.o(i.FLASH_Unlock)
    FLASH_WaitForLastOperation               0x08001999   Thumb Code    34  stm32f4xx_flash.o(i.FLASH_WaitForLastOperation)
    GOIO_OUT_Init                            0x080019bd   Thumb Code    56  bsp.o(i.GOIO_OUT_Init)
    GPIO_Init                                0x080019f9   Thumb Code   144  stm32f4xx_gpio.o(i.GPIO_Init)
    GPIO_PinAFConfig                         0x08001a89   Thumb Code    70  stm32f4xx_gpio.o(i.GPIO_PinAFConfig)
    GPIO_ResetBits                           0x08001acf   Thumb Code     4  stm32f4xx_gpio.o(i.GPIO_ResetBits)
    HCD_GetCurrentFrame                      0x08001ad3   Thumb Code    10  usb_hcd.o(i.HCD_GetCurrentFrame)
    HCD_GetCurrentSpeed                      0x08001add   Thumb Code    20  usb_hcd.o(i.HCD_GetCurrentSpeed)
    HCD_GetURB_State                         0x08001af1   Thumb Code    10  usb_hcd.o(i.HCD_GetURB_State)
    HCD_GetXferCnt                           0x08001afb   Thumb Code    12  usb_hcd.o(i.HCD_GetXferCnt)
    HCD_Init                                 0x08001b07   Thumb Code    96  usb_hcd.o(i.HCD_Init)
    HCD_IsDeviceConnected                    0x08001b67   Thumb Code     8  usb_hcd.o(i.HCD_IsDeviceConnected)
    HCD_ResetPort                            0x08001b6f   Thumb Code    14  usb_hcd.o(i.HCD_ResetPort)
    HCD_SubmitRequest                        0x08001b7d   Thumb Code    32  usb_hcd.o(i.HCD_SubmitRequest)
    HMI_SendSingleChar                       0x08001b9d   Thumb Code    42  usart.o(i.HMI_SendSingleChar)
    HMI_USART_Init                           0x08001bcd   Thumb Code   174  usart.o(i.HMI_USART_Init)
    HardFault_Handler                        0x08001c85   Thumb Code     8  stm32f4xx_it.o(i.HardFault_Handler)
    MemManage_Handler                        0x08001c8d   Thumb Code     8  stm32f4xx_it.o(i.MemManage_Handler)
    NMI_Handler                              0x08001c95   Thumb Code     2  stm32f4xx_it.o(i.NMI_Handler)
    NVIC_Init                                0x08001c99   Thumb Code   106  misc.o(i.NVIC_Init)
    NVIC_PriorityGroupConfig                 0x08001d11   Thumb Code    10  misc.o(i.NVIC_PriorityGroupConfig)
    NVIC_SetVectorTable                      0x08001d25   Thumb Code    12  misc.o(i.NVIC_SetVectorTable)
    NotifyButton                             0x08001d61   Thumb Code    42  hmi_app.o(i.NotifyButton)
    NotifyScreen                             0x08001d9d   Thumb Code    14  hmi_app.o(i.NotifyScreen)
    OTG_FS_IRQHandler                        0x08001db1   Thumb Code    10  usbh_usr.o(i.OTG_FS_IRQHandler)
    ProcessMessage                           0x08001dc1   Thumb Code    76  hmi_app.o(i.ProcessMessage)
    RCC_AHB1PeriphClockCmd                   0x08001e0d   Thumb Code    26  stm32f4xx_rcc.o(i.RCC_AHB1PeriphClockCmd)
    RCC_AHB2PeriphClockCmd                   0x08001e2d   Thumb Code    26  stm32f4xx_rcc.o(i.RCC_AHB2PeriphClockCmd)
    RCC_APB1PeriphClockCmd                   0x08001e4d   Thumb Code    26  stm32f4xx_rcc.o(i.RCC_APB1PeriphClockCmd)
    RCC_APB1PeriphResetCmd                   0x08001e6d   Thumb Code    26  stm32f4xx_rcc.o(i.RCC_APB1PeriphResetCmd)
    RCC_APB2PeriphResetCmd                   0x08001e8d   Thumb Code    26  stm32f4xx_rcc.o(i.RCC_APB2PeriphResetCmd)
    RCC_GetClocksFreq                        0x08001ead   Thumb Code   214  stm32f4xx_rcc.o(i.RCC_GetClocksFreq)
    RSRT                                     0x08001f95   Thumb Code    68  hmi_driver.o(i.RSRT)
    ReadImgIdx                               0x08001fdd   Thumb Code    40  hmi_driver.o(i.ReadImgIdx)
    STMFLASH_GetFlashSector                  0x08002005   Thumb Code   116  stmflash.o(i.STMFLASH_GetFlashSector)
    STMFLASH_ReadWord                        0x080020a5   Thumb Code     6  stmflash.o(i.STMFLASH_ReadWord)
    STMFLASH_Write                           0x080020ad   Thumb Code   146  stmflash.o(i.STMFLASH_Write)
    SendFiledData                            0x08002145   Thumb Code    30  hmi_driver.o(i.SendFiledData)
    SendNU8                                  0x08002169   Thumb Code    26  hmi_driver.o(i.SendNU8)
    SetProgressValue                         0x08002183   Thumb Code   104  hmi_driver.o(i.SetProgressValue)
    SetScreen                                0x080021eb   Thumb Code    60  hmi_driver.o(i.SetScreen)
    SysTick_CLKSourceConfig                  0x08002315   Thumb Code    40  misc.o(i.SysTick_CLKSourceConfig)
    SystemInit                               0x0800233d   Thumb Code    88  system_stm32f4xx.o(i.SystemInit)
    USART3_IRQHandler                        0x080023a5   Thumb Code   104  usart.o(i.USART3_IRQHandler)
    USART_ClearFlag                          0x08002411   Thumb Code    18  stm32f4xx_usart.o(i.USART_ClearFlag)
    USART_ClearITPendingBit                  0x08002423   Thumb Code    30  stm32f4xx_usart.o(i.USART_ClearITPendingBit)
    USART_Cmd                                0x08002441   Thumb Code    24  stm32f4xx_usart.o(i.USART_Cmd)
    USART_DeInit                             0x08002459   Thumb Code   206  stm32f4xx_usart.o(i.USART_DeInit)
    USART_GetFlagStatus                      0x08002549   Thumb Code    26  stm32f4xx_usart.o(i.USART_GetFlagStatus)
    USART_GetITStatus                        0x08002563   Thumb Code    84  stm32f4xx_usart.o(i.USART_GetITStatus)
    USART_ITConfig                           0x080025b7   Thumb Code    74  stm32f4xx_usart.o(i.USART_ITConfig)
    USART_Init                               0x08002601   Thumb Code   204  stm32f4xx_usart.o(i.USART_Init)
    USART_ReceiveData                        0x080026d5   Thumb Code    10  stm32f4xx_usart.o(i.USART_ReceiveData)
    USART_SendData                           0x080026df   Thumb Code     8  stm32f4xx_usart.o(i.USART_SendData)
    USBH_Alloc_Channel                       0x080026e7   Thumb Code    38  usbh_hcs.o(i.USBH_Alloc_Channel)
    USBH_BulkReceiveData                     0x0800270d   Thumb Code    96  usbh_ioreq.o(i.USBH_BulkReceiveData)
    USBH_BulkSendData                        0x0800276d   Thumb Code    94  usbh_ioreq.o(i.USBH_BulkSendData)
    USBH_ClrFeature                          0x080027cb   Thumb Code    76  usbh_stdreq.o(i.USBH_ClrFeature)
    USBH_Connected                           0x08002817   Thumb Code    12  usbh_core.o(i.USBH_Connected)
    USBH_CtlReceiveData                      0x08002823   Thumb Code    70  usbh_ioreq.o(i.USBH_CtlReceiveData)
    USBH_CtlReq                              0x08002869   Thumb Code   100  usbh_ioreq.o(i.USBH_CtlReq)
    USBH_CtlSendData                         0x080028cd   Thumb Code   110  usbh_ioreq.o(i.USBH_CtlSendData)
    USBH_CtlSendSetup                        0x0800293b   Thumb Code    66  usbh_ioreq.o(i.USBH_CtlSendSetup)
    USBH_DeAllocate_AllChannel               0x0800297d   Thumb Code    28  usbh_hcs.o(i.USBH_DeAllocate_AllChannel)
    USBH_DeInit                              0x08002999   Thumb Code    58  usbh_core.o(i.USBH_DeInit)
    USBH_Disconnected                        0x080029d3   Thumb Code    12  usbh_core.o(i.USBH_Disconnected)
    USBH_ErrorHandle                         0x080029df   Thumb Code    46  usbh_core.o(i.USBH_ErrorHandle)
    USBH_Free_Channel                        0x08002a0d   Thumb Code    30  usbh_hcs.o(i.USBH_Free_Channel)
    USBH_GetDescriptor                       0x08002a2b   Thumb Code    68  usbh_stdreq.o(i.USBH_GetDescriptor)
    USBH_GetNextDesc                         0x08002a97   Thumb Code    18  usbh_stdreq.o(i.USBH_GetNextDesc)
    USBH_Get_CfgDesc                         0x08002aa9   Thumb Code    88  usbh_stdreq.o(i.USBH_Get_CfgDesc)
    USBH_Get_DevDesc                         0x08002b05   Thumb Code    56  usbh_stdreq.o(i.USBH_Get_DevDesc)
    USBH_Get_StringDesc                      0x08002b3d   Thumb Code    60  usbh_stdreq.o(i.USBH_Get_StringDesc)
    USBH_HandleControl                       0x08002b79   Thumb Code   544  usbh_core.o(i.USBH_HandleControl)
    USBH_Init                                0x08002f79   Thumb Code    68  usbh_core.o(i.USBH_Init)
    USBH_MSC_BOT_Abort                       0x08002fe1   Thumb Code    86  usbh_msc_bot.o(i.USBH_MSC_BOT_Abort)
    USBH_MSC_DecodeCSW                       0x08003055   Thumb Code   108  usbh_msc_bot.o(i.USBH_MSC_DecodeCSW)
    USBH_MSC_ErrorHandle                     0x080030d5   Thumb Code    58  usbh_msc_core.o(i.USBH_MSC_ErrorHandle)
    USBH_MSC_HandleBOTXfer                   0x080032ed   Thumb Code   812  usbh_msc_bot.o(i.USBH_MSC_HandleBOTXfer)
    USBH_MSC_Init                            0x0800363d   Thumb Code    44  usbh_msc_bot.o(i.USBH_MSC_Init)
    USBH_MSC_ModeSense6                      0x0800379d   Thumb Code   192  usbh_msc_scsi.o(i.USBH_MSC_ModeSense6)
    USBH_MSC_Read10                          0x0800386d   Thumb Code   242  usbh_msc_scsi.o(i.USBH_MSC_Read10)
    USBH_MSC_ReadCapacity10                  0x0800396d   Thumb Code   202  usbh_msc_scsi.o(i.USBH_MSC_ReadCapacity10)
    USBH_MSC_RequestSense                    0x08003a49   Thumb Code   208  usbh_msc_scsi.o(i.USBH_MSC_RequestSense)
    USBH_MSC_TestUnitReady                   0x08003b29   Thumb Code   162  usbh_msc_scsi.o(i.USBH_MSC_TestUnitReady)
    USBH_MSC_Write10                         0x08003bd9   Thumb Code   218  usbh_msc_scsi.o(i.USBH_MSC_Write10)
    USBH_Modify_Channel                      0x08003cbd   Thumb Code   100  usbh_hcs.o(i.USBH_Modify_Channel)
    USBH_OTG_ISR_Handler                     0x08003d21   Thumb Code   168  usb_hcd_int.o(i.USBH_OTG_ISR_Handler)
    USBH_Open_Channel                        0x08003dc9   Thumb Code   154  usbh_hcs.o(i.USBH_Open_Channel)
    USBH_Process                             0x08004055   Thumb Code   408  usbh_core.o(i.USBH_Process)
    USBH_SOF                                 0x080041ed   Thumb Code     6  usbh_core.o(i.USBH_SOF)
    USBH_SetAddress                          0x080041f3   Thumb Code    38  usbh_stdreq.o(i.USBH_SetAddress)
    USBH_SetCfg                              0x08004219   Thumb Code    38  usbh_stdreq.o(i.USBH_SetCfg)
    USBH_UDISK_Read                          0x08004259   Thumb Code    82  usbh_usr.o(i.USBH_UDISK_Read)
    USBH_UDISK_Status                        0x080042b9   Thumb Code    12  usbh_usr.o(i.USBH_UDISK_Status)
    USBH_UDISK_Write                         0x080042c9   Thumb Code    82  usbh_usr.o(i.USBH_UDISK_Write)
    USBH_USR_Configuration_DescAvailable     0x08004329   Thumb Code    16  usbh_usr.o(i.USBH_USR_Configuration_DescAvailable)
    USBH_USR_DeInit                          0x08004339   Thumb Code     8  usbh_usr.o(i.USBH_USR_DeInit)
    USBH_USR_DeviceAddressAssigned           0x08004345   Thumb Code     2  usbh_usr.o(i.USBH_USR_DeviceAddressAssigned)
    USBH_USR_DeviceAttached                  0x08004347   Thumb Code     2  usbh_usr.o(i.USBH_USR_DeviceAttached)
    USBH_USR_DeviceDisconnected              0x08004349   Thumb Code     2  usbh_usr.o(i.USBH_USR_DeviceDisconnected)
    USBH_USR_DeviceNotSupported              0x0800434b   Thumb Code     2  usbh_usr.o(i.USBH_USR_DeviceNotSupported)
    USBH_USR_DeviceSpeedDetected             0x0800434d   Thumb Code    10  usbh_usr.o(i.USBH_USR_DeviceSpeedDetected)
    USBH_USR_Device_DescAvailable            0x08004357   Thumb Code     2  usbh_usr.o(i.USBH_USR_Device_DescAvailable)
    USBH_USR_EnumerationDone                 0x08004359   Thumb Code    10  usbh_usr.o(i.USBH_USR_EnumerationDone)
    USBH_USR_Init                            0x08004379   Thumb Code     2  usbh_usr.o(i.USBH_USR_Init)
    USBH_USR_MSC_Application                 0x0800437d   Thumb Code    50  usbh_usr.o(i.USBH_USR_MSC_Application)
    USBH_USR_Manufacturer_String             0x080043b5   Thumb Code     2  usbh_usr.o(i.USBH_USR_Manufacturer_String)
    USBH_USR_OverCurrentDetected             0x080043b7   Thumb Code     2  usbh_usr.o(i.USBH_USR_OverCurrentDetected)
    USBH_USR_Product_String                  0x080043b9   Thumb Code     2  usbh_usr.o(i.USBH_USR_Product_String)
    USBH_USR_ResetDevice                     0x080043bb   Thumb Code     2  usbh_usr.o(i.USBH_USR_ResetDevice)
    USBH_USR_SerialNum_String                0x080043bd   Thumb Code     2  usbh_usr.o(i.USBH_USR_SerialNum_String)
    USBH_USR_UnrecoveredError                0x080043bf   Thumb Code     2  usbh_usr.o(i.USBH_USR_UnrecoveredError)
    USBH_USR_UserInput                       0x080043c1   Thumb Code     4  usbh_usr.o(i.USBH_USR_UserInput)
    USB_OTG_BSP_ConfigVBUS                   0x080043c5   Thumb Code     2  usb_bsp.o(i.USB_OTG_BSP_ConfigVBUS)
    USB_OTG_BSP_DriveVBUS                    0x080043c7   Thumb Code     2  usb_bsp.o(i.USB_OTG_BSP_DriveVBUS)
    USB_OTG_BSP_EnableInterrupt              0x080043c9   Thumb Code    36  usb_bsp.o(i.USB_OTG_BSP_EnableInterrupt)
    USB_OTG_BSP_Init                         0x080043ed   Thumb Code    80  usb_bsp.o(i.USB_OTG_BSP_Init)
    USB_OTG_BSP_mDelay                       0x08004441   Thumb Code    12  usb_bsp.o(i.USB_OTG_BSP_mDelay)
    USB_OTG_BSP_uDelay                       0x0800444d   Thumb Code    12  usb_bsp.o(i.USB_OTG_BSP_uDelay)
    USB_OTG_CoreInit                         0x08004459   Thumb Code   294  usb_core.o(i.USB_OTG_CoreInit)
    USB_OTG_CoreInitHost                     0x0800457f   Thumb Code   214  usb_core.o(i.USB_OTG_CoreInitHost)
    USB_OTG_DisableGlobalInt                 0x080046c5   Thumb Code    34  usb_core.o(i.USB_OTG_DisableGlobalInt)
    USB_OTG_DriveVbus                        0x080046e7   Thumb Code    92  usb_core.o(i.USB_OTG_DriveVbus)
    USB_OTG_EnableGlobalInt                  0x08004777   Thumb Code    34  usb_core.o(i.USB_OTG_EnableGlobalInt)
    USB_OTG_EnableHostInt                    0x08004799   Thumb Code   116  usb_core.o(i.USB_OTG_EnableHostInt)
    USB_OTG_FlushRxFifo                      0x0800480d   Thumb Code    70  usb_core.o(i.USB_OTG_FlushRxFifo)
    USB_OTG_FlushTxFifo                      0x08004859   Thumb Code    80  usb_core.o(i.USB_OTG_FlushTxFifo)
    USB_OTG_GetMode                          0x080048ad   Thumb Code    12  usb_core.o(i.USB_OTG_GetMode)
    USB_OTG_HC_DoPing                        0x080048b9   Thumb Code    90  usb_core.o(i.USB_OTG_HC_DoPing)
    USB_OTG_HC_Halt                          0x08004913   Thumb Code   130  usb_core.o(i.USB_OTG_HC_Halt)
    USB_OTG_HC_Init                          0x08004995   Thumb Code   568  usb_core.o(i.USB_OTG_HC_Init)
    USB_OTG_HC_StartXfer                     0x08004bcd   Thumb Code   502  usb_core.o(i.USB_OTG_HC_StartXfer)
    USB_OTG_InitFSLSPClkSel                  0x08004dc3   Thumb Code    24  usb_core.o(i.USB_OTG_InitFSLSPClkSel)
    USB_OTG_IsEvenFrame                      0x08004ddb   Thumb Code    16  usb_core.o(i.USB_OTG_IsEvenFrame)
    USB_OTG_IsHostMode                       0x08004deb   Thumb Code    20  usb_core.o(i.USB_OTG_IsHostMode)
    USB_OTG_ReadCoreItr                      0x08004dff   Thumb Code    16  usb_core.o(i.USB_OTG_ReadCoreItr)
    USB_OTG_ReadHPRT0                        0x08004e0f   Thumb Code    48  usb_core.o(i.USB_OTG_ReadHPRT0)
    USB_OTG_ReadHostAllChannels_intr         0x08004e3f   Thumb Code     8  usb_core.o(i.USB_OTG_ReadHostAllChannels_intr)
    USB_OTG_ReadPacket                       0x08004e47   Thumb Code    40  usb_core.o(i.USB_OTG_ReadPacket)
    USB_OTG_ResetPort                        0x08004e6f   Thumb Code    64  usb_core.o(i.USB_OTG_ResetPort)
    USB_OTG_SelectCore                       0x08004eb1   Thumb Code   204  usb_core.o(i.USB_OTG_SelectCore)
    USB_OTG_SetCurrentMode                   0x08004f81   Thumb Code    78  usb_core.o(i.USB_OTG_SetCurrentMode)
    USB_OTG_WritePacket                      0x08005da1   Thumb Code    64  usb_core.o(i.USB_OTG_WritePacket)
    USH_User_App                             0x08005de1   Thumb Code   424  usbh_usr.o(i.USH_User_App)
    UpdateHMI                                0x0800603d   Thumb Code   190  usbh_usr.o(i.UpdateHMI)
    UpdateHMIByFileIndex                     0x08006205   Thumb Code   560  usbh_usr.o(i.UpdateHMIByFileIndex)
    UpdateHMI_Image                          0x080064f5   Thumb Code   626  usbh_usr.o(i.UpdateHMI_Image)
    UsageFault_Handler                       0x0800683d   Thumb Code     8  stm32f4xx_it.o(i.UsageFault_Handler)
    __ARM_fpclassify                         0x08006845   Thumb Code    48  fpclassify.o(i.__ARM_fpclassify)
    _is_digit                                0x08006875   Thumb Code    14  __printf_wp.o(i._is_digit)
    _sys_exit                                0x08006883   Thumb Code     4  usart.o(i._sys_exit)
    clust2sect                               0x08006965   Thumb Code    26  ff.o(i.clust2sect)
    delay_init                               0x08006d59   Thumb Code    52  delay.o(i.delay_init)
    delay_ms                                 0x08006d95   Thumb Code    56  delay.o(i.delay_ms)
    delay_us                                 0x08006dcd   Thumb Code    72  delay.o(i.delay_us)
    delay_xms                                0x08006e19   Thumb Code    72  delay.o(i.delay_xms)
    dir_sdi                                  0x08007211   Thumb Code   200  ff.o(i.dir_sdi)
    disk_initialize                          0x080072d9   Thumb Code    52  diskio.o(i.disk_initialize)
    disk_ioctl                               0x0800730d   Thumb Code   172  diskio.o(i.disk_ioctl)
    disk_read                                0x080073c1   Thumb Code    76  diskio.o(i.disk_read)
    disk_status                              0x0800740d   Thumb Code     6  diskio.o(i.disk_status)
    disk_write                               0x08007413   Thumb Code    76  diskio.o(i.disk_write)
    exfuns_init                              0x08007461   Thumb Code   114  exfuns.o(i.exfuns_init)
    f_close                                  0x080074e5   Thumb Code    36  ff.o(i.f_close)
    f_mount                                  0x08007509   Thumb Code    86  ff.o(i.f_mount)
    f_open                                   0x08007565   Thumb Code   384  ff.o(i.f_open)
    f_read                                   0x080076e5   Thumb Code   482  ff.o(i.f_read)
    f_sync                                   0x080078c7   Thumb Code   176  ff.o(i.f_sync)
    ff_convert                               0x08007979   Thumb Code   116  cc936.o(i.ff_convert)
    ff_memalloc                              0x080079f5   Thumb Code    14  diskio.o(i.ff_memalloc)
    ff_memfree                               0x08007a03   Thumb Code    14  diskio.o(i.ff_memfree)
    ff_wtoupper                              0x08007a11   Thumb Code    46  cc936.o(i.ff_wtoupper)
    fputc                                    0x08007f21   Thumb Code     4  usart.o(i.fputc)
    get_fat                                  0x08007fed   Thumb Code   306  ff.o(i.get_fat)
    get_fattime                              0x0800811f   Thumb Code     4  diskio.o(i.get_fattime)
    iap_load_app                             0x0800816d   Thumb Code    36  iap.o(i.iap_load_app)
    iap_write_appbin                         0x08008199   Thumb Code   100  iap.o(i.iap_write_appbin)
    main                                     0x08008221   Thumb Code   138  main.o(i.main)
    my_mem_free                              0x08008395   Thumb Code    96  malloc.o(i.my_mem_free)
    my_mem_init                              0x08008401   Thumb Code    54  malloc.o(i.my_mem_init)
    my_mem_malloc                            0x08008445   Thumb Code   156  malloc.o(i.my_mem_malloc)
    my_mem_perused                           0x080084ed   Thumb Code    54  malloc.o(i.my_mem_perused)
    myfree                                   0x0800852d   Thumb Code    30  malloc.o(i.myfree)
    mymalloc                                 0x08008551   Thumb Code    34  malloc.o(i.mymalloc)
    mymemset                                 0x08008579   Thumb Code    20  malloc.o(i.mymemset)
    put_fat                                  0x0800858d   Thumb Code   384  ff.o(i.put_fat)
    queue_find_cmd                           0x0800870d   Thumb Code   122  cmd_queue.o(i.queue_find_cmd)
    queue_push                               0x080087c5   Thumb Code    44  cmd_queue.o(i.queue_push)
    queue_reset                              0x080087f5   Thumb Code    18  cmd_queue.o(i.queue_reset)
    _get_lc_numeric                          0x08008a21   Thumb Code    44  lc_numeric_c.o(locale$$code)
    __fpl_dretinf                            0x08008a4d   Thumb Code    12  dretinf.o(x$fpl$dretinf)
    __aeabi_f2d                              0x08008a59   Thumb Code     0  f2d.o(x$fpl$f2d)
    _f2d                                     0x08008a59   Thumb Code    86  f2d.o(x$fpl$f2d)
    __fpl_fnaninf                            0x08008aaf   Thumb Code   140  fnaninf.o(x$fpl$fnaninf)
    _fp_init                                 0x08008b3b   Thumb Code    10  fpinit.o(x$fpl$fpinit)
    __fplib_config_fpu_vfp                   0x08008b43   Thumb Code     0  fpinit.o(x$fpl$fpinit)
    __fplib_config_pureend_doubles           0x08008b43   Thumb Code     0  fpinit.o(x$fpl$fpinit)
    _printf_fp_dec                           0x08008b45   Thumb Code     4  printf1.o(x$fpl$printf1)
    __I$use$fp                               0x08008b48   Number         0  usenofp.o(x$fpl$usenofp)
    memtblsize                               0x0803384c   Data          12  malloc.o(.constdata)
    memblksize                               0x08033858   Data          12  malloc.o(.constdata)
    memsize                                  0x08033864   Data          12  malloc.o(.constdata)
    Region$$Table$$Base                      0x08033904   Number         0  anon$$obj.o(Region$$Table)
    Region$$Table$$Limit                     0x08033924   Number         0  anon$$obj.o(Region$$Table)
    mem3base                                 0x10000000   Data       61440  malloc.o(.ARM.__AT_0x10000000)
    mem3mapbase                              0x1000f000   Data        3840  malloc.o(.ARM.__AT_0x1000F000)
    Start_Loop                               0x20000000   Data           4  main.o(.data)
    jump2app                                 0x20000004   Data           4  iap.o(.data)
    iap_pos                                  0x20000008   Data           4  iap.o(.data)
    USBH_HCD_INT_cb                          0x2000000c   Data          12  usbh_core.o(.data)
    USBH_HCD_INT_fops                        0x20000018   Data           4  usbh_core.o(.data)
    MSC_Setup                                0x20000038   Data           8  usbh_msc_core.o(.data)
    MSCErrorCount                            0x20000040   Data           1  usbh_msc_core.o(.data)
    USBH_MSC_cb                              0x20000044   Data          16  usbh_msc_core.o(.data)
    Update_HMI_Status                        0x20000058   Data           1  usbh_usr.o(.data)
    HMI_Update_Index                         0x20000059   Data           1  usbh_usr.o(.data)
    Detect_USB                               0x2000005a   Data           1  usbh_usr.o(.data)
    jump_flag                                0x2000005b   Data           1  usbh_usr.o(.data)
    answer                                   0x2000005d   Data           1  usbh_usr.o(.data)
    LoadImageIndex                           0x2000005e   Data           1  usbh_usr.o(.data)
    MAX_INDEX                                0x20000060   Data           2  usbh_usr.o(.data)
    USR_Callbacks                            0x20000064   Data          72  usbh_usr.o(.data)
    cmd_Updata_Mark                          0x200000b8   Data           1  usart.o(.data)
    HMI_MAIN_INDEX                           0x200000b9   Data           1  usart.o(.data)
    HMI_UPGRAD_INDEX                         0x200000ba   Data           1  usart.o(.data)
    HMI_PROGRAS_CONTROL_INDEX                0x200000bb   Data           1  usart.o(.data)
    HMI_ENTRY_BUTTON_INDEX                   0x200000bc   Data           1  usart.o(.data)
    HMI_CANCEL_BUTTON_INDEX                  0x200000bd   Data           1  usart.o(.data)
    __stdout                                 0x200000c0   Data           4  usart.o(.data)
    FLASH_SECTOR_COUNT                       0x200000c4   Data           2  diskio.o(.data)
    file                                     0x200000c8   Data           4  exfuns.o(.data)
    ftemp                                    0x200000cc   Data           4  exfuns.o(.data)
    br                                       0x200000d0   Data           4  exfuns.o(.data)
    bw                                       0x200000d4   Data           4  exfuns.o(.data)
    fatbuf                                   0x200000d8   Data           4  exfuns.o(.data)
    mallco_dev                               0x200000ec   Data          36  malloc.o(.data)
    USB_Host                                 0x20000110   Data         132  bsp.o(.bss)
    USB_OTG_Core                             0x20000194   Data        1452  bsp.o(.bss)
    iapbuf                                   0x20000740   Data        2048  iap.o(.bss)
    USBH_CfgDesc                             0x20000f40   Data         512  usbh_stdreq.o(.bss)
    USBH_MSC_CBWData                         0x20001140   Data          32  usbh_msc_bot.o(.bss)
    USBH_MSC_CSWData                         0x20001160   Data          16  usbh_msc_bot.o(.bss)
    USBH_MSC_BOTXferParam                    0x20001170   Data          16  usbh_msc_bot.o(.bss)
    MSC_Machine                              0x20001180   Data          74  usbh_msc_core.o(.bss)
    USBH_MSC_Param                           0x200011cc   Data          16  usbh_msc_scsi.o(.bss)
    USBH_DataInBuffer                        0x200011dc   Data         512  usbh_msc_scsi.o(.bss)
    USBH_DataOutBuffer                       0x200013dc   Data         512  usbh_msc_scsi.o(.bss)
    update_buf                               0x200015dc   Data        2048  usbh_usr.o(.bss)
    updateRead_buf                           0x20001ddc   Data        2048  usbh_usr.o(.bss)
    hmi_Image_Index_Data                     0x200025dc   Data         800  usbh_usr.o(.bss)
    buffer                                   0x200028fc   Data          30  usbh_usr.o(.bss)
    cmd_buffer                               0x20002d1e   Data         500  hmi_app.o(.bss)
    fs                                       0x20002f20   Data          12  exfuns.o(.bss)
    fileinfo                                 0x20002f2c   Data          32  exfuns.o(.bss)
    dir                                      0x20002f4c   Data          36  exfuns.o(.bss)
    mem1base                                 0x20002f80   Data       102400  malloc.o(.bss)
    mem1mapbase                              0x2001bf80   Data        6400  malloc.o(.bss)
    __libspace_start                         0x2001d880   Data          96  libspace.o(.bss)
    __temporary_stack_top$libspace           0x2001d8e0   Data           0  libspace.o(.bss)
    mem2base                                 0x68000000   Data       983040  malloc.o(.ARM.__AT_0x68000000)
    mem2mapbase                              0x680f0000   Data       61440  malloc.o(.ARM.__AT_0x680F0000)



==============================================================================

Memory Map of the image

  Image Entry point : 0x08000189

  Load Region LR_IROM1 (Base: 0x08000000, Size: 0x00033a50, Max: 0x00100000, ABSOLUTE)

    Execution Region ER_IROM1 (Exec base: 0x08000000, Load base: 0x08000000, Size: 0x00033940, Max: 0x00100000, ABSOLUTE)

    Exec Addr    Load Addr    Size         Type   Attr      Idx    E Section Name        Object

    0x08000000   0x08000000   0x00000188   Data   RO         3221    RESET               startup_stm32f40_41xxx.o
    0x08000188   0x08000188   0x00000008   Code   RO         4528  * !!!main             c_w.l(__main.o)
    0x08000190   0x08000190   0x00000034   Code   RO         4750    !!!scatter          c_w.l(__scatter.o)
    0x080001c4   0x080001c4   0x0000001a   Code   RO         4752    !!handler_copy      c_w.l(__scatter_copy.o)
    0x080001de   0x080001de   0x00000002   PAD
    0x080001e0   0x080001e0   0x0000001c   Code   RO         4754    !!handler_zi        c_w.l(__scatter_zi.o)
    0x080001fc   0x080001fc   0x00000000   Code   RO         4519    .ARM.Collect$$_printf_percent$$00000000  c_w.l(_printf_percent.o)
    0x080001fc   0x080001fc   0x00000006   Code   RO         4518    .ARM.Collect$$_printf_percent$$00000003  c_w.l(_printf_f.o)
    0x08000202   0x08000202   0x00000006   Code   RO         4517    .ARM.Collect$$_printf_percent$$00000009  c_w.l(_printf_d.o)
    0x08000208   0x08000208   0x00000004   Code   RO         4547    .ARM.Collect$$_printf_percent$$00000017  c_w.l(_printf_percent_end.o)
    0x0800020c   0x0800020c   0x00000002   Code   RO         4627    .ARM.Collect$$libinit$$00000000  c_w.l(libinit.o)
    0x0800020e   0x0800020e   0x00000004   Code   RO         4628    .ARM.Collect$$libinit$$00000001  c_w.l(libinit2.o)
    0x08000212   0x08000212   0x00000000   Code   RO         4631    .ARM.Collect$$libinit$$00000004  c_w.l(libinit2.o)
    0x08000212   0x08000212   0x00000000   Code   RO         4634    .ARM.Collect$$libinit$$0000000A  c_w.l(libinit2.o)
    0x08000212   0x08000212   0x00000000   Code   RO         4636    .ARM.Collect$$libinit$$0000000C  c_w.l(libinit2.o)
    0x08000212   0x08000212   0x00000000   Code   RO         4638    .ARM.Collect$$libinit$$0000000E  c_w.l(libinit2.o)
    0x08000212   0x08000212   0x00000006   Code   RO         4639    .ARM.Collect$$libinit$$0000000F  c_w.l(libinit2.o)
    0x08000218   0x08000218   0x00000000   Code   RO         4641    .ARM.Collect$$libinit$$00000011  c_w.l(libinit2.o)
    0x08000218   0x08000218   0x00000000   Code   RO         4643    .ARM.Collect$$libinit$$00000013  c_w.l(libinit2.o)
    0x08000218   0x08000218   0x00000000   Code   RO         4645    .ARM.Collect$$libinit$$00000015  c_w.l(libinit2.o)
    0x08000218   0x08000218   0x0000000a   Code   RO         4646    .ARM.Collect$$libinit$$00000016  c_w.l(libinit2.o)
    0x08000222   0x08000222   0x00000000   Code   RO         4647    .ARM.Collect$$libinit$$00000017  c_w.l(libinit2.o)
    0x08000222   0x08000222   0x00000000   Code   RO         4649    .ARM.Collect$$libinit$$00000019  c_w.l(libinit2.o)
    0x08000222   0x08000222   0x00000000   Code   RO         4651    .ARM.Collect$$libinit$$0000001B  c_w.l(libinit2.o)
    0x08000222   0x08000222   0x00000000   Code   RO         4653    .ARM.Collect$$libinit$$0000001D  c_w.l(libinit2.o)
    0x08000222   0x08000222   0x00000000   Code   RO         4655    .ARM.Collect$$libinit$$0000001F  c_w.l(libinit2.o)
    0x08000222   0x08000222   0x00000000   Code   RO         4657    .ARM.Collect$$libinit$$00000021  c_w.l(libinit2.o)
    0x08000222   0x08000222   0x00000000   Code   RO         4659    .ARM.Collect$$libinit$$00000023  c_w.l(libinit2.o)
    0x08000222   0x08000222   0x00000000   Code   RO         4661    .ARM.Collect$$libinit$$00000025  c_w.l(libinit2.o)
    0x08000222   0x08000222   0x00000000   Code   RO         4665    .ARM.Collect$$libinit$$0000002C  c_w.l(libinit2.o)
    0x08000222   0x08000222   0x00000000   Code   RO         4667    .ARM.Collect$$libinit$$0000002E  c_w.l(libinit2.o)
    0x08000222   0x08000222   0x00000000   Code   RO         4669    .ARM.Collect$$libinit$$00000030  c_w.l(libinit2.o)
    0x08000222   0x08000222   0x00000000   Code   RO         4671    .ARM.Collect$$libinit$$00000032  c_w.l(libinit2.o)
    0x08000222   0x08000222   0x00000002   Code   RO         4672    .ARM.Collect$$libinit$$00000033  c_w.l(libinit2.o)
    0x08000224   0x08000224   0x00000002   Code   RO         4700    .ARM.Collect$$libshutdown$$00000000  c_w.l(libshutdown.o)
    0x08000226   0x08000226   0x00000000   Code   RO         4709    .ARM.Collect$$libshutdown$$00000002  c_w.l(libshutdown2.o)
    0x08000226   0x08000226   0x00000000   Code   RO         4711    .ARM.Collect$$libshutdown$$00000004  c_w.l(libshutdown2.o)
    0x08000226   0x08000226   0x00000000   Code   RO         4714    .ARM.Collect$$libshutdown$$00000007  c_w.l(libshutdown2.o)
    0x08000226   0x08000226   0x00000000   Code   RO         4717    .ARM.Collect$$libshutdown$$0000000A  c_w.l(libshutdown2.o)
    0x08000226   0x08000226   0x00000000   Code   RO         4719    .ARM.Collect$$libshutdown$$0000000C  c_w.l(libshutdown2.o)
    0x08000226   0x08000226   0x00000000   Code   RO         4722    .ARM.Collect$$libshutdown$$0000000F  c_w.l(libshutdown2.o)
    0x08000226   0x08000226   0x00000002   Code   RO         4723    .ARM.Collect$$libshutdown$$00000010  c_w.l(libshutdown2.o)
    0x08000228   0x08000228   0x00000000   Code   RO         4536    .ARM.Collect$$rtentry$$00000000  c_w.l(__rtentry.o)
    0x08000228   0x08000228   0x00000000   Code   RO         4554    .ARM.Collect$$rtentry$$00000002  c_w.l(__rtentry2.o)
    0x08000228   0x08000228   0x00000006   Code   RO         4566    .ARM.Collect$$rtentry$$00000004  c_w.l(__rtentry4.o)
    0x0800022e   0x0800022e   0x00000000   Code   RO         4556    .ARM.Collect$$rtentry$$00000009  c_w.l(__rtentry2.o)
    0x0800022e   0x0800022e   0x00000004   Code   RO         4557    .ARM.Collect$$rtentry$$0000000A  c_w.l(__rtentry2.o)
    0x08000232   0x08000232   0x00000000   Code   RO         4559    .ARM.Collect$$rtentry$$0000000C  c_w.l(__rtentry2.o)
    0x08000232   0x08000232   0x00000008   Code   RO         4560    .ARM.Collect$$rtentry$$0000000D  c_w.l(__rtentry2.o)
    0x0800023a   0x0800023a   0x00000002   Code   RO         4673    .ARM.Collect$$rtexit$$00000000  c_w.l(rtexit.o)
    0x0800023c   0x0800023c   0x00000000   Code   RO         4680    .ARM.Collect$$rtexit$$00000002  c_w.l(rtexit2.o)
    0x0800023c   0x0800023c   0x00000004   Code   RO         4681    .ARM.Collect$$rtexit$$00000003  c_w.l(rtexit2.o)
    0x08000240   0x08000240   0x00000006   Code   RO         4682    .ARM.Collect$$rtexit$$00000004  c_w.l(rtexit2.o)
    0x08000246   0x08000246   0x00000002   PAD
    0x08000248   0x08000248   0x00000010   Code   RO         1482    .emb_text           sys.o
    0x08000258   0x08000258   0x00000040   Code   RO         3222    .text               startup_stm32f40_41xxx.o
    0x08000298   0x08000298   0x00000002   Code   RO         4481    .text               c_w.l(use_no_semi_2.o)
    0x0800029a   0x0800029a   0x00000002   PAD
    0x0800029c   0x0800029c   0x00000018   Code   RO         4487    .text               c_w.l(noretval__2printf.o)
    0x080002b4   0x080002b4   0x00000028   Code   RO         4489    .text               c_w.l(noretval__2sprintf.o)
    0x080002dc   0x080002dc   0x0000004e   Code   RO         4493    .text               c_w.l(_printf_pad.o)
    0x0800032a   0x0800032a   0x00000002   PAD
    0x0800032c   0x0800032c   0x00000078   Code   RO         4495    .text               c_w.l(_printf_dec.o)
    0x080003a4   0x080003a4   0x00000160   Code   RO         4512    .text               c_w.l(__printf_ss_wp.o)
    0x08000504   0x08000504   0x00000080   Code   RO         4524    .text               c_w.l(strcmpv7m.o)
    0x08000584   0x08000584   0x00000006   Code   RO         4526    .text               c_w.l(heapauxi.o)
    0x0800058a   0x0800058a   0x00000002   Code   RO         4534    .text               c_w.l(use_no_semi.o)
    0x0800058c   0x0800058c   0x000000b2   Code   RO         4537    .text               c_w.l(_printf_intcommon.o)
    0x0800063e   0x0800063e   0x0000041e   Code   RO         4539    .text               c_w.l(_printf_fp_dec.o)
    0x08000a5c   0x08000a5c   0x00000030   Code   RO         4541    .text               c_w.l(_printf_char_common.o)
    0x08000a8c   0x08000a8c   0x0000000a   Code   RO         4543    .text               c_w.l(_sputc.o)
    0x08000a96   0x08000a96   0x00000002   PAD
    0x08000a98   0x08000a98   0x00000024   Code   RO         4545    .text               c_w.l(_printf_char_file.o)
    0x08000abc   0x08000abc   0x00000008   Code   RO         4571    .text               c_w.l(rt_locale_intlibspace.o)
    0x08000ac4   0x08000ac4   0x0000008a   Code   RO         4573    .text               c_w.l(lludiv10.o)
    0x08000b4e   0x08000b4e   0x00000002   PAD
    0x08000b50   0x08000b50   0x00000080   Code   RO         4575    .text               c_w.l(_printf_fp_infnan.o)
    0x08000bd0   0x08000bd0   0x000000e4   Code   RO         4579    .text               c_w.l(bigflt0.o)
    0x08000cb4   0x08000cb4   0x00000008   Code   RO         4604    .text               c_w.l(ferror.o)
    0x08000cbc   0x08000cbc   0x00000008   Code   RO         4615    .text               c_w.l(libspace.o)
    0x08000cc4   0x08000cc4   0x0000004a   Code   RO         4618    .text               c_w.l(sys_stackheap_outer.o)
    0x08000d0e   0x08000d0e   0x00000012   Code   RO         4620    .text               c_w.l(exit.o)
    0x08000d20   0x08000d20   0x0000003e   Code   RO         4582    CL$$btod_d2e        c_w.l(btod.o)
    0x08000d5e   0x08000d5e   0x00000046   Code   RO         4584    CL$$btod_d2e_denorm_low  c_w.l(btod.o)
    0x08000da4   0x08000da4   0x00000060   Code   RO         4583    CL$$btod_d2e_norm_op1  c_w.l(btod.o)
    0x08000e04   0x08000e04   0x00000338   Code   RO         4592    CL$$btod_div_common  c_w.l(btod.o)
    0x0800113c   0x0800113c   0x000000dc   Code   RO         4589    CL$$btod_e2e        c_w.l(btod.o)
    0x08001218   0x08001218   0x0000002a   Code   RO         4586    CL$$btod_ediv       c_w.l(btod.o)
    0x08001242   0x08001242   0x0000002a   Code   RO         4585    CL$$btod_emul       c_w.l(btod.o)
    0x0800126c   0x0800126c   0x00000244   Code   RO         4591    CL$$btod_mult_common  c_w.l(btod.o)
    0x080014b0   0x080014b0   0x00000002   Code   RO         4453    i.BELL_Work         bell.o
    0x080014b2   0x080014b2   0x00000002   PAD
    0x080014b4   0x080014b4   0x00000140   Code   RO          258    i.BSP_Init          bsp.o
    0x080015f4   0x080015f4   0x00000020   Code   RO         1640    i.BeginUpdateHMI    hmi_driver.o
    0x08001614   0x08001614   0x00000008   Code   RO         3122    i.BusFault_Handler  stm32f4xx_it.o
    0x0800161c   0x0800161c   0x000000e8   Code   RO         1158    i.CheckHMIUpdateFiles  usbh_usr.o
    0x08001704   0x08001704   0x000000f0   Code   RO         1159    i.Check_HMI_Image_Index  usbh_usr.o
    0x080017f4   0x080017f4   0x00000002   Code   RO         3123    i.DebugMon_Handler  stm32f4xx_it.o
    0x080017f6   0x080017f6   0x00000002   PAD
    0x080017f8   0x080017f8   0x00000018   Code   RO         1652    i.EndUpdateHMI      hmi_driver.o
    0x08001810   0x08001810   0x00000024   Code   RO         3335    i.FLASH_DataCacheCmd  stm32f4xx_flash.o
    0x08001834   0x08001834   0x00000088   Code   RO         3340    i.FLASH_EraseSector  stm32f4xx_flash.o
    0x080018bc   0x080018bc   0x00000054   Code   RO         3342    i.FLASH_GetStatus   stm32f4xx_flash.o
    0x08001910   0x08001910   0x00000014   Code   RO         3346    i.FLASH_Lock        stm32f4xx_flash.o
    0x08001924   0x08001924   0x00000050   Code   RO         3370    i.FLASH_ProgramWord  stm32f4xx_flash.o
    0x08001974   0x08001974   0x00000024   Code   RO         3372    i.FLASH_Unlock      stm32f4xx_flash.o
    0x08001998   0x08001998   0x00000022   Code   RO         3373    i.FLASH_WaitForLastOperation  stm32f4xx_flash.o
    0x080019ba   0x080019ba   0x00000002   PAD
    0x080019bc   0x080019bc   0x0000003c   Code   RO          259    i.GOIO_OUT_Init     bsp.o
    0x080019f8   0x080019f8   0x00000090   Code   RO         3589    i.GPIO_Init         stm32f4xx_gpio.o
    0x08001a88   0x08001a88   0x00000046   Code   RO         3590    i.GPIO_PinAFConfig  stm32f4xx_gpio.o
    0x08001ace   0x08001ace   0x00000004   Code   RO         3596    i.GPIO_ResetBits    stm32f4xx_gpio.o
    0x08001ad2   0x08001ad2   0x0000000a   Code   RO          554    i.HCD_GetCurrentFrame  usb_hcd.o
    0x08001adc   0x08001adc   0x00000014   Code   RO          555    i.HCD_GetCurrentSpeed  usb_hcd.o
    0x08001af0   0x08001af0   0x0000000a   Code   RO          557    i.HCD_GetURB_State  usb_hcd.o
    0x08001afa   0x08001afa   0x0000000c   Code   RO          558    i.HCD_GetXferCnt    usb_hcd.o
    0x08001b06   0x08001b06   0x00000060   Code   RO          560    i.HCD_Init          usb_hcd.o
    0x08001b66   0x08001b66   0x00000008   Code   RO          561    i.HCD_IsDeviceConnected  usb_hcd.o
    0x08001b6e   0x08001b6e   0x0000000e   Code   RO          562    i.HCD_ResetPort     usb_hcd.o
    0x08001b7c   0x08001b7c   0x00000020   Code   RO          563    i.HCD_SubmitRequest  usb_hcd.o
    0x08001b9c   0x08001b9c   0x00000030   Code   RO         2241    i.HMI_SendSingleChar  usart.o
    0x08001bcc   0x08001bcc   0x000000b8   Code   RO         2242    i.HMI_USART_Init    usart.o
    0x08001c84   0x08001c84   0x00000008   Code   RO         3124    i.HardFault_Handler  stm32f4xx_it.o
    0x08001c8c   0x08001c8c   0x00000008   Code   RO         3125    i.MemManage_Handler  stm32f4xx_it.o
    0x08001c94   0x08001c94   0x00000002   Code   RO         3126    i.NMI_Handler       stm32f4xx_it.o
    0x08001c96   0x08001c96   0x00000002   PAD
    0x08001c98   0x08001c98   0x00000078   Code   RO         3228    i.NVIC_Init         misc.o
    0x08001d10   0x08001d10   0x00000014   Code   RO         3229    i.NVIC_PriorityGroupConfig  misc.o
    0x08001d24   0x08001d24   0x00000014   Code   RO         3230    i.NVIC_SetVectorTable  misc.o
    0x08001d38   0x08001d38   0x00000028   Code   RO         3127    i.NVIC_SystemReset  stm32f4xx_it.o
    0x08001d60   0x08001d60   0x0000003c   Code   RO         1569    i.NotifyButton      hmi_app.o
    0x08001d9c   0x08001d9c   0x00000014   Code   RO         1570    i.NotifyScreen      hmi_app.o
    0x08001db0   0x08001db0   0x00000010   Code   RO         1163    i.OTG_FS_IRQHandler  usbh_usr.o
    0x08001dc0   0x08001dc0   0x0000004c   Code   RO         1572    i.ProcessMessage    hmi_app.o
    0x08001e0c   0x08001e0c   0x00000020   Code   RO         3686    i.RCC_AHB1PeriphClockCmd  stm32f4xx_rcc.o
    0x08001e2c   0x08001e2c   0x00000020   Code   RO         3689    i.RCC_AHB2PeriphClockCmd  stm32f4xx_rcc.o
    0x08001e4c   0x08001e4c   0x00000020   Code   RO         3695    i.RCC_APB1PeriphClockCmd  stm32f4xx_rcc.o
    0x08001e6c   0x08001e6c   0x00000020   Code   RO         3697    i.RCC_APB1PeriphResetCmd  stm32f4xx_rcc.o
    0x08001e8c   0x08001e8c   0x00000020   Code   RO         3700    i.RCC_APB2PeriphResetCmd  stm32f4xx_rcc.o
    0x08001eac   0x08001eac   0x000000e8   Code   RO         3707    i.RCC_GetClocksFreq  stm32f4xx_rcc.o
    0x08001f94   0x08001f94   0x00000048   Code   RO         1681    i.RSRT              hmi_driver.o
    0x08001fdc   0x08001fdc   0x00000028   Code   RO         1682    i.ReadImgIdx        hmi_driver.o
    0x08002004   0x08002004   0x000000a0   Code   RO          327    i.STMFLASH_GetFlashSector  stmflash.o
    0x080020a4   0x080020a4   0x00000006   Code   RO          329    i.STMFLASH_ReadWord  stmflash.o
    0x080020aa   0x080020aa   0x00000002   PAD
    0x080020ac   0x080020ac   0x00000098   Code   RO          330    i.STMFLASH_Write    stmflash.o
    0x08002144   0x08002144   0x00000024   Code   RO         1685    i.SendFiledData     hmi_driver.o
    0x08002168   0x08002168   0x0000001a   Code   RO         1687    i.SendNU8           hmi_driver.o
    0x08002182   0x08002182   0x00000068   Code   RO         1706    i.SetProgressValue  hmi_driver.o
    0x080021ea   0x080021ea   0x0000003c   Code   RO         1707    i.SetScreen         hmi_driver.o
    0x08002226   0x08002226   0x00000002   PAD
    0x08002228   0x08002228   0x000000ec   Code   RO         3184    i.SetSysClock       system_stm32f4xx.o
    0x08002314   0x08002314   0x00000028   Code   RO         3232    i.SysTick_CLKSourceConfig  misc.o
    0x0800233c   0x0800233c   0x00000068   Code   RO         3186    i.SystemInit        system_stm32f4xx.o
    0x080023a4   0x080023a4   0x0000006c   Code   RO         2243    i.USART3_IRQHandler  usart.o
    0x08002410   0x08002410   0x00000012   Code   RO         4020    i.USART_ClearFlag   stm32f4xx_usart.o
    0x08002422   0x08002422   0x0000001e   Code   RO         4021    i.USART_ClearITPendingBit  stm32f4xx_usart.o
    0x08002440   0x08002440   0x00000018   Code   RO         4024    i.USART_Cmd         stm32f4xx_usart.o
    0x08002458   0x08002458   0x000000f0   Code   RO         4026    i.USART_DeInit      stm32f4xx_usart.o
    0x08002548   0x08002548   0x0000001a   Code   RO         4027    i.USART_GetFlagStatus  stm32f4xx_usart.o
    0x08002562   0x08002562   0x00000054   Code   RO         4028    i.USART_GetITStatus  stm32f4xx_usart.o
    0x080025b6   0x080025b6   0x0000004a   Code   RO         4030    i.USART_ITConfig    stm32f4xx_usart.o
    0x08002600   0x08002600   0x000000d4   Code   RO         4031    i.USART_Init        stm32f4xx_usart.o
    0x080026d4   0x080026d4   0x0000000a   Code   RO         4038    i.USART_ReceiveData  stm32f4xx_usart.o
    0x080026de   0x080026de   0x00000008   Code   RO         4041    i.USART_SendData    stm32f4xx_usart.o
    0x080026e6   0x080026e6   0x00000026   Code   RO          771    i.USBH_Alloc_Channel  usbh_hcs.o
    0x0800270c   0x0800270c   0x00000060   Code   RO          820    i.USBH_BulkReceiveData  usbh_ioreq.o
    0x0800276c   0x0800276c   0x0000005e   Code   RO          821    i.USBH_BulkSendData  usbh_ioreq.o
    0x080027ca   0x080027ca   0x0000004c   Code   RO          899    i.USBH_ClrFeature   usbh_stdreq.o
    0x08002816   0x08002816   0x0000000c   Code   RO          698    i.USBH_Connected    usbh_core.o
    0x08002822   0x08002822   0x00000046   Code   RO          822    i.USBH_CtlReceiveData  usbh_ioreq.o
    0x08002868   0x08002868   0x00000064   Code   RO          823    i.USBH_CtlReq       usbh_ioreq.o
    0x080028cc   0x080028cc   0x0000006e   Code   RO          824    i.USBH_CtlSendData  usbh_ioreq.o
    0x0800293a   0x0800293a   0x00000042   Code   RO          825    i.USBH_CtlSendSetup  usbh_ioreq.o
    0x0800297c   0x0800297c   0x0000001c   Code   RO          772    i.USBH_DeAllocate_AllChannel  usbh_hcs.o
    0x08002998   0x08002998   0x0000003a   Code   RO          699    i.USBH_DeInit       usbh_core.o
    0x080029d2   0x080029d2   0x0000000c   Code   RO          700    i.USBH_Disconnected  usbh_core.o
    0x080029de   0x080029de   0x0000002e   Code   RO          701    i.USBH_ErrorHandle  usbh_core.o
    0x08002a0c   0x08002a0c   0x0000001e   Code   RO          773    i.USBH_Free_Channel  usbh_hcs.o
    0x08002a2a   0x08002a2a   0x00000044   Code   RO          900    i.USBH_GetDescriptor  usbh_stdreq.o
    0x08002a6e   0x08002a6e   0x00000028   Code   RO          774    i.USBH_GetFreeChannel  usbh_hcs.o
    0x08002a96   0x08002a96   0x00000012   Code   RO          901    i.USBH_GetNextDesc  usbh_stdreq.o
    0x08002aa8   0x08002aa8   0x0000005c   Code   RO          902    i.USBH_Get_CfgDesc  usbh_stdreq.o
    0x08002b04   0x08002b04   0x00000038   Code   RO          903    i.USBH_Get_DevDesc  usbh_stdreq.o
    0x08002b3c   0x08002b3c   0x0000003c   Code   RO          904    i.USBH_Get_StringDesc  usbh_stdreq.o
    0x08002b78   0x08002b78   0x00000224   Code   RO          702    i.USBH_HandleControl  usbh_core.o
    0x08002d9c   0x08002d9c   0x000001dc   Code   RO          703    i.USBH_HandleEnum   usbh_core.o
    0x08002f78   0x08002f78   0x00000044   Code   RO          704    i.USBH_Init         usbh_core.o
    0x08002fbc   0x08002fbc   0x00000024   Code   RO         1044    i.USBH_MSC_BOTReset  usbh_msc_core.o
    0x08002fe0   0x08002fe0   0x00000060   Code   RO          999    i.USBH_MSC_BOT_Abort  usbh_msc_bot.o
    0x08003040   0x08003040   0x00000014   Code   RO         1045    i.USBH_MSC_ClassRequest  usbh_msc_core.o
    0x08003054   0x08003054   0x00000080   Code   RO         1000    i.USBH_MSC_DecodeCSW  usbh_msc_bot.o
    0x080030d4   0x080030d4   0x00000044   Code   RO         1046    i.USBH_MSC_ErrorHandle  usbh_msc_core.o
    0x08003118   0x08003118   0x0000002c   Code   RO         1047    i.USBH_MSC_GETMaxLUN  usbh_msc_core.o
    0x08003144   0x08003144   0x000001a8   Code   RO         1048    i.USBH_MSC_Handle   usbh_msc_core.o
    0x080032ec   0x080032ec   0x00000350   Code   RO         1001    i.USBH_MSC_HandleBOTXfer  usbh_msc_bot.o
    0x0800363c   0x0800363c   0x00000044   Code   RO         1002    i.USBH_MSC_Init     usbh_msc_bot.o
    0x08003680   0x08003680   0x0000004c   Code   RO         1049    i.USBH_MSC_InterfaceDeInit  usbh_msc_core.o
    0x080036cc   0x080036cc   0x000000d0   Code   RO         1050    i.USBH_MSC_InterfaceInit  usbh_msc_core.o
    0x0800379c   0x0800379c   0x000000d0   Code   RO         1101    i.USBH_MSC_ModeSense6  usbh_msc_scsi.o
    0x0800386c   0x0800386c   0x00000100   Code   RO         1102    i.USBH_MSC_Read10   usbh_msc_scsi.o
    0x0800396c   0x0800396c   0x000000dc   Code   RO         1103    i.USBH_MSC_ReadCapacity10  usbh_msc_scsi.o
    0x08003a48   0x08003a48   0x000000e0   Code   RO         1104    i.USBH_MSC_RequestSense  usbh_msc_scsi.o
    0x08003b28   0x08003b28   0x000000b0   Code   RO         1105    i.USBH_MSC_TestUnitReady  usbh_msc_scsi.o
    0x08003bd8   0x08003bd8   0x000000e4   Code   RO         1106    i.USBH_MSC_Write10  usbh_msc_scsi.o
    0x08003cbc   0x08003cbc   0x00000064   Code   RO          775    i.USBH_Modify_Channel  usbh_hcs.o
    0x08003d20   0x08003d20   0x000000a8   Code   RO          628    i.USBH_OTG_ISR_Handler  usb_hcd_int.o
    0x08003dc8   0x08003dc8   0x0000009a   Code   RO          776    i.USBH_Open_Channel  usbh_hcs.o
    0x08003e62   0x08003e62   0x00000002   PAD
    0x08003e64   0x08003e64   0x0000011c   Code   RO          905    i.USBH_ParseCfgDesc  usbh_stdreq.o
    0x08003f80   0x08003f80   0x00000058   Code   RO          906    i.USBH_ParseDevDesc  usbh_stdreq.o
    0x08003fd8   0x08003fd8   0x00000020   Code   RO          907    i.USBH_ParseEPDesc  usbh_stdreq.o
    0x08003ff8   0x08003ff8   0x00000026   Code   RO          908    i.USBH_ParseInterfaceDesc  usbh_stdreq.o
    0x0800401e   0x0800401e   0x00000036   Code   RO          909    i.USBH_ParseStringDesc  usbh_stdreq.o
    0x08004054   0x08004054   0x00000198   Code   RO          705    i.USBH_Process      usbh_core.o
    0x080041ec   0x080041ec   0x00000006   Code   RO          706    i.USBH_SOF          usbh_core.o
    0x080041f2   0x080041f2   0x00000026   Code   RO          910    i.USBH_SetAddress   usbh_stdreq.o
    0x08004218   0x08004218   0x00000026   Code   RO          911    i.USBH_SetCfg       usbh_stdreq.o
    0x0800423e   0x0800423e   0x00000018   Code   RO          830    i.USBH_SubmitSetupRequest  usbh_ioreq.o
    0x08004256   0x08004256   0x00000002   PAD
    0x08004258   0x08004258   0x00000060   Code   RO         1164    i.USBH_UDISK_Read   usbh_usr.o
    0x080042b8   0x080042b8   0x00000010   Code   RO         1165    i.USBH_UDISK_Status  usbh_usr.o
    0x080042c8   0x080042c8   0x00000060   Code   RO         1166    i.USBH_UDISK_Write  usbh_usr.o
    0x08004328   0x08004328   0x00000010   Code   RO         1167    i.USBH_USR_Configuration_DescAvailable  usbh_usr.o
    0x08004338   0x08004338   0x0000000c   Code   RO         1168    i.USBH_USR_DeInit   usbh_usr.o
    0x08004344   0x08004344   0x00000002   Code   RO         1169    i.USBH_USR_DeviceAddressAssigned  usbh_usr.o
    0x08004346   0x08004346   0x00000002   Code   RO         1170    i.USBH_USR_DeviceAttached  usbh_usr.o
    0x08004348   0x08004348   0x00000002   Code   RO         1171    i.USBH_USR_DeviceDisconnected  usbh_usr.o
    0x0800434a   0x0800434a   0x00000002   Code   RO         1172    i.USBH_USR_DeviceNotSupported  usbh_usr.o
    0x0800434c   0x0800434c   0x0000000a   Code   RO         1173    i.USBH_USR_DeviceSpeedDetected  usbh_usr.o
    0x08004356   0x08004356   0x00000002   Code   RO         1174    i.USBH_USR_Device_DescAvailable  usbh_usr.o
    0x08004358   0x08004358   0x00000020   Code   RO         1175    i.USBH_USR_EnumerationDone  usbh_usr.o
    0x08004378   0x08004378   0x00000002   Code   RO         1176    i.USBH_USR_Init     usbh_usr.o
    0x0800437a   0x0800437a   0x00000002   PAD
    0x0800437c   0x0800437c   0x00000038   Code   RO         1177    i.USBH_USR_MSC_Application  usbh_usr.o
    0x080043b4   0x080043b4   0x00000002   Code   RO         1178    i.USBH_USR_Manufacturer_String  usbh_usr.o
    0x080043b6   0x080043b6   0x00000002   Code   RO         1179    i.USBH_USR_OverCurrentDetected  usbh_usr.o
    0x080043b8   0x080043b8   0x00000002   Code   RO         1180    i.USBH_USR_Product_String  usbh_usr.o
    0x080043ba   0x080043ba   0x00000002   Code   RO         1181    i.USBH_USR_ResetDevice  usbh_usr.o
    0x080043bc   0x080043bc   0x00000002   Code   RO         1182    i.USBH_USR_SerialNum_String  usbh_usr.o
    0x080043be   0x080043be   0x00000002   Code   RO         1183    i.USBH_USR_UnrecoveredError  usbh_usr.o
    0x080043c0   0x080043c0   0x00000004   Code   RO         1184    i.USBH_USR_UserInput  usbh_usr.o
    0x080043c4   0x080043c4   0x00000002   Code   RO         1377    i.USB_OTG_BSP_ConfigVBUS  usb_bsp.o
    0x080043c6   0x080043c6   0x00000002   Code   RO         1379    i.USB_OTG_BSP_DriveVBUS  usb_bsp.o
    0x080043c8   0x080043c8   0x00000024   Code   RO         1380    i.USB_OTG_BSP_EnableInterrupt  usb_bsp.o
    0x080043ec   0x080043ec   0x00000054   Code   RO         1381    i.USB_OTG_BSP_Init  usb_bsp.o
    0x08004440   0x08004440   0x0000000c   Code   RO         1382    i.USB_OTG_BSP_mDelay  usb_bsp.o
    0x0800444c   0x0800444c   0x0000000c   Code   RO         1383    i.USB_OTG_BSP_uDelay  usb_bsp.o
    0x08004458   0x08004458   0x00000126   Code   RO          368    i.USB_OTG_CoreInit  usb_core.o
    0x0800457e   0x0800457e   0x000000d6   Code   RO          369    i.USB_OTG_CoreInitHost  usb_core.o
    0x08004654   0x08004654   0x00000070   Code   RO          370    i.USB_OTG_CoreReset  usb_core.o
    0x080046c4   0x080046c4   0x00000022   Code   RO          371    i.USB_OTG_DisableGlobalInt  usb_core.o
    0x080046e6   0x080046e6   0x0000005c   Code   RO          372    i.USB_OTG_DriveVbus  usb_core.o
    0x08004742   0x08004742   0x00000034   Code   RO          373    i.USB_OTG_EnableCommonInt  usb_core.o
    0x08004776   0x08004776   0x00000022   Code   RO          374    i.USB_OTG_EnableGlobalInt  usb_core.o
    0x08004798   0x08004798   0x00000074   Code   RO          375    i.USB_OTG_EnableHostInt  usb_core.o
    0x0800480c   0x0800480c   0x0000004c   Code   RO          376    i.USB_OTG_FlushRxFifo  usb_core.o
    0x08004858   0x08004858   0x00000054   Code   RO          377    i.USB_OTG_FlushTxFifo  usb_core.o
    0x080048ac   0x080048ac   0x0000000c   Code   RO          378    i.USB_OTG_GetMode   usb_core.o
    0x080048b8   0x080048b8   0x0000005a   Code   RO          379    i.USB_OTG_HC_DoPing  usb_core.o
    0x08004912   0x08004912   0x00000082   Code   RO          380    i.USB_OTG_HC_Halt   usb_core.o
    0x08004994   0x08004994   0x00000238   Code   RO          381    i.USB_OTG_HC_Init   usb_core.o
    0x08004bcc   0x08004bcc   0x000001f6   Code   RO          382    i.USB_OTG_HC_StartXfer  usb_core.o
    0x08004dc2   0x08004dc2   0x00000018   Code   RO          383    i.USB_OTG_InitFSLSPClkSel  usb_core.o
    0x08004dda   0x08004dda   0x00000010   Code   RO          385    i.USB_OTG_IsEvenFrame  usb_core.o
    0x08004dea   0x08004dea   0x00000014   Code   RO          386    i.USB_OTG_IsHostMode  usb_core.o
    0x08004dfe   0x08004dfe   0x00000010   Code   RO          387    i.USB_OTG_ReadCoreItr  usb_core.o
    0x08004e0e   0x08004e0e   0x00000030   Code   RO          388    i.USB_OTG_ReadHPRT0  usb_core.o
    0x08004e3e   0x08004e3e   0x00000008   Code   RO          389    i.USB_OTG_ReadHostAllChannels_intr  usb_core.o
    0x08004e46   0x08004e46   0x00000028   Code   RO          391    i.USB_OTG_ReadPacket  usb_core.o
    0x08004e6e   0x08004e6e   0x00000040   Code   RO          392    i.USB_OTG_ResetPort  usb_core.o
    0x08004eae   0x08004eae   0x00000002   PAD
    0x08004eb0   0x08004eb0   0x000000d0   Code   RO          393    i.USB_OTG_SelectCore  usb_core.o
    0x08004f80   0x08004f80   0x0000004e   Code   RO          394    i.USB_OTG_SetCurrentMode  usb_core.o
    0x08004fce   0x08004fce   0x00000002   PAD
    0x08004fd0   0x08004fd0   0x0000002c   Code   RO          629    i.USB_OTG_USBH_handle_Disconnect_ISR  usb_hcd_int.o
    0x08004ffc   0x08004ffc   0x00000046   Code   RO          630    i.USB_OTG_USBH_handle_IncompletePeriodicXfer_ISR  usb_hcd_int.o
    0x08005042   0x08005042   0x00000056   Code   RO          631    i.USB_OTG_USBH_handle_hc_ISR  usb_hcd_int.o
    0x08005098   0x08005098   0x0000042a   Code   RO          632    i.USB_OTG_USBH_handle_hc_n_In_ISR  usb_hcd_int.o
    0x080054c2   0x080054c2   0x000003d0   Code   RO          633    i.USB_OTG_USBH_handle_hc_n_Out_ISR  usb_hcd_int.o
    0x08005892   0x08005892   0x0000012e   Code   RO          634    i.USB_OTG_USBH_handle_nptxfempty_ISR  usb_hcd_int.o
    0x080059c0   0x080059c0   0x00000120   Code   RO          635    i.USB_OTG_USBH_handle_port_ISR  usb_hcd_int.o
    0x08005ae0   0x08005ae0   0x0000012e   Code   RO          636    i.USB_OTG_USBH_handle_ptxfempty_ISR  usb_hcd_int.o
    0x08005c0e   0x08005c0e   0x00000164   Code   RO          637    i.USB_OTG_USBH_handle_rx_qlvl_ISR  usb_hcd_int.o
    0x08005d72   0x08005d72   0x00000002   PAD
    0x08005d74   0x08005d74   0x0000002c   Code   RO          638    i.USB_OTG_USBH_handle_sof_ISR  usb_hcd_int.o
    0x08005da0   0x08005da0   0x00000040   Code   RO          396    i.USB_OTG_WritePacket  usb_core.o
    0x08005de0   0x08005de0   0x0000025c   Code   RO         1185    i.USH_User_App      usbh_usr.o
    0x0800603c   0x0800603c   0x000001c8   Code   RO         1186    i.UpdateHMI         usbh_usr.o
    0x08006204   0x08006204   0x000002f0   Code   RO         1187    i.UpdateHMIByFileIndex  usbh_usr.o
    0x080064f4   0x080064f4   0x00000348   Code   RO         1188    i.UpdateHMI_Image   usbh_usr.o
    0x0800683c   0x0800683c   0x00000008   Code   RO         3128    i.UsageFault_Handler  stm32f4xx_it.o
    0x08006844   0x08006844   0x00000030   Code   RO         4613    i.__ARM_fpclassify  m_wm.l(fpclassify.o)
    0x08006874   0x08006874   0x0000000e   Code   RO         4507    i._is_digit         c_w.l(__printf_wp.o)
    0x08006882   0x08006882   0x00000004   Code   RO         2244    i._sys_exit         usart.o
    0x08006886   0x08006886   0x00000002   PAD
    0x08006888   0x08006888   0x00000090   Code   RO         2377    i.check_fs          ff.o
    0x08006918   0x08006918   0x00000014   Code   RO         2378    i.chk_chr           ff.o
    0x0800692c   0x0800692c   0x00000038   Code   RO         2379    i.clmt_clust        ff.o
    0x08006964   0x08006964   0x0000001a   Code   RO         2380    i.clust2sect        ff.o
    0x0800697e   0x0800697e   0x00000002   PAD
    0x08006980   0x08006980   0x00000090   Code   RO         2381    i.cmp_lfn           ff.o
    0x08006a10   0x08006a10   0x000000d6   Code   RO         2382    i.create_chain      ff.o
    0x08006ae6   0x08006ae6   0x00000002   PAD
    0x08006ae8   0x08006ae8   0x00000270   Code   RO         2383    i.create_name       ff.o
    0x08006d58   0x08006d58   0x0000003c   Code   RO         1436    i.delay_init        delay.o
    0x08006d94   0x08006d94   0x00000038   Code   RO         1437    i.delay_ms          delay.o
    0x08006dcc   0x08006dcc   0x0000004c   Code   RO         1438    i.delay_us          delay.o
    0x08006e18   0x08006e18   0x0000004c   Code   RO         1439    i.delay_xms         delay.o
    0x08006e64   0x08006e64   0x0000005c   Code   RO         2384    i.dir_alloc         ff.o
    0x08006ec0   0x08006ec0   0x000000ea   Code   RO         2385    i.dir_find          ff.o
    0x08006faa   0x08006faa   0x0000013c   Code   RO         2386    i.dir_next          ff.o
    0x080070e6   0x080070e6   0x0000012a   Code   RO         2388    i.dir_register      ff.o
    0x08007210   0x08007210   0x000000c8   Code   RO         2390    i.dir_sdi           ff.o
    0x080072d8   0x080072d8   0x00000034   Code   RO         2295    i.disk_initialize   diskio.o
    0x0800730c   0x0800730c   0x000000b4   Code   RO         2296    i.disk_ioctl        diskio.o
    0x080073c0   0x080073c0   0x0000004c   Code   RO         2297    i.disk_read         diskio.o
    0x0800740c   0x0800740c   0x00000006   Code   RO         2298    i.disk_status       diskio.o
    0x08007412   0x08007412   0x0000004c   Code   RO         2299    i.disk_write        diskio.o
    0x0800745e   0x0800745e   0x00000002   PAD
    0x08007460   0x08007460   0x00000084   Code   RO         2775    i.exfuns_init       exfuns.o
    0x080074e4   0x080074e4   0x00000024   Code   RO         2392    i.f_close           ff.o
    0x08007508   0x08007508   0x0000005c   Code   RO         2401    i.f_mount           ff.o
    0x08007564   0x08007564   0x00000180   Code   RO         2402    i.f_open            ff.o
    0x080076e4   0x080076e4   0x000001e2   Code   RO         2407    i.f_read            ff.o
    0x080078c6   0x080078c6   0x000000b0   Code   RO         2412    i.f_sync            ff.o
    0x08007976   0x08007976   0x00000002   PAD
    0x08007978   0x08007978   0x0000007c   Code   RO         2745    i.ff_convert        cc936.o
    0x080079f4   0x080079f4   0x0000000e   Code   RO         2300    i.ff_memalloc       diskio.o
    0x08007a02   0x08007a02   0x0000000e   Code   RO         2301    i.ff_memfree        diskio.o
    0x08007a10   0x08007a10   0x00000038   Code   RO         2746    i.ff_wtoupper       cc936.o
    0x08007a48   0x08007a48   0x000003c8   Code   RO         2417    i.find_volume       ff.o
    0x08007e10   0x08007e10   0x00000080   Code   RO         2418    i.fit_lfn           ff.o
    0x08007e90   0x08007e90   0x00000090   Code   RO         2419    i.follow_path       ff.o
    0x08007f20   0x08007f20   0x00000004   Code   RO         2245    i.fputc             usart.o
    0x08007f24   0x08007f24   0x000000c8   Code   RO         2420    i.gen_numname       ff.o
    0x08007fec   0x08007fec   0x00000132   Code   RO         2421    i.get_fat           ff.o
    0x0800811e   0x0800811e   0x00000004   Code   RO         2302    i.get_fattime       diskio.o
    0x08008122   0x08008122   0x0000004a   Code   RO         2423    i.get_ldnumber      ff.o
    0x0800816c   0x0800816c   0x0000002c   Code   RO          293    i.iap_load_app      iap.o
    0x08008198   0x08008198   0x00000068   Code   RO          294    i.iap_write_appbin  iap.o
    0x08008200   0x08008200   0x00000020   Code   RO         2424    i.ld_clust          ff.o
    0x08008220   0x08008220   0x000000ec   Code   RO            3    i.main              main.o
    0x0800830c   0x0800830c   0x00000026   Code   RO         2425    i.mem_cmp           ff.o
    0x08008332   0x08008332   0x0000001a   Code   RO         2426    i.mem_cpy           ff.o
    0x0800834c   0x0800834c   0x00000014   Code   RO         2427    i.mem_set           ff.o
    0x08008360   0x08008360   0x00000032   Code   RO         2429    i.move_window       ff.o
    0x08008392   0x08008392   0x00000002   PAD
    0x08008394   0x08008394   0x0000006c   Code   RO         4372    i.my_mem_free       malloc.o
    0x08008400   0x08008400   0x00000044   Code   RO         4373    i.my_mem_init       malloc.o
    0x08008444   0x08008444   0x000000a8   Code   RO         4374    i.my_mem_malloc     malloc.o
    0x080084ec   0x080084ec   0x00000040   Code   RO         4375    i.my_mem_perused    malloc.o
    0x0800852c   0x0800852c   0x00000024   Code   RO         4376    i.myfree            malloc.o
    0x08008550   0x08008550   0x00000028   Code   RO         4377    i.mymalloc          malloc.o
    0x08008578   0x08008578   0x00000014   Code   RO         4379    i.mymemset          malloc.o
    0x0800858c   0x0800858c   0x00000180   Code   RO         2431    i.put_fat           ff.o
    0x0800870c   0x0800870c   0x00000084   Code   RO         1519    i.queue_find_cmd    cmd_queue.o
    0x08008790   0x08008790   0x00000034   Code   RO         1520    i.queue_pop         cmd_queue.o
    0x080087c4   0x080087c4   0x00000030   Code   RO         1521    i.queue_push        cmd_queue.o
    0x080087f4   0x080087f4   0x00000020   Code   RO         1522    i.queue_reset       cmd_queue.o
    0x08008814   0x08008814   0x00000024   Code   RO         1523    i.queue_size        cmd_queue.o
    0x08008838   0x08008838   0x0000006c   Code   RO         2433    i.remove_chain      ff.o
    0x080088a4   0x080088a4   0x00000010   Code   RO         2434    i.st_clust          ff.o
    0x080088b4   0x080088b4   0x00000020   Code   RO         2435    i.sum_sfn           ff.o
    0x080088d4   0x080088d4   0x000000c8   Code   RO         2436    i.sync_fs           ff.o
    0x0800899c   0x0800899c   0x0000004c   Code   RO         2437    i.sync_window       ff.o
    0x080089e8   0x080089e8   0x00000036   Code   RO         2438    i.validate          ff.o
    0x08008a1e   0x08008a1e   0x00000002   PAD
    0x08008a20   0x08008a20   0x0000002c   Code   RO         4609    locale$$code        c_w.l(lc_numeric_c.o)
    0x08008a4c   0x08008a4c   0x0000000c   Code   RO         4548    x$fpl$dretinf       fz_wm.l(dretinf.o)
    0x08008a58   0x08008a58   0x00000056   Code   RO         4530    x$fpl$f2d           fz_wm.l(f2d.o)
    0x08008aae   0x08008aae   0x0000008c   Code   RO         4550    x$fpl$fnaninf       fz_wm.l(fnaninf.o)
    0x08008b3a   0x08008b3a   0x0000000a   Code   RO         4677    x$fpl$fpinit        fz_wm.l(fpinit.o)
    0x08008b44   0x08008b44   0x00000004   Code   RO         4532    x$fpl$printf1       fz_wm.l(printf1.o)
    0x08008b48   0x08008b48   0x00000000   Code   RO         4552    x$fpl$usenofp       fz_wm.l(usenofp.o)
    0x08008b48   0x08008b48   0x0000003a   Data   RO         2440    .constdata          ff.o
    0x08008b82   0x08008b82   0x0002acc8   Data   RO         2747    .constdata          cc936.o
    0x0803384a   0x0803384a   0x00000002   PAD
    0x0803384c   0x0803384c   0x00000024   Data   RO         4386    .constdata          malloc.o
    0x08033870   0x08033870   0x00000094   Data   RO         4580    .constdata          c_w.l(bigflt0.o)
    0x08033904   0x08033904   0x00000020   Data   RO         4748    Region$$Table       anon$$obj.o
    0x08033924   0x08033924   0x0000001c   Data   RO         4608    locale$$data        c_w.l(lc_numeric_c.o)


    Execution Region RW_IRAM1 (Exec base: 0x20000000, Load base: 0x08033940, Size: 0x0001dee0, Max: 0x00020000, ABSOLUTE)

    Exec Addr    Load Addr    Size         Type   Attr      Idx    E Section Name        Object

    0x20000000   0x08033940   0x00000004   Data   RW            4    .data               main.o
    0x20000004   0x08033944   0x00000008   Data   RW          296    .data               iap.o
    0x2000000c   0x0803394c   0x00000012   Data   RW          707    .data               usbh_core.o
    0x2000001e   0x0803395e   0x00000003   Data   RW          914    .data               usbh_stdreq.o
    0x20000021   0x08033961   0x00000003   PAD
    0x20000024   0x08033964   0x00000011   Data   RW         1004    .data               usbh_msc_bot.o
    0x20000035   0x08033975   0x00000003   PAD
    0x20000038   0x08033978   0x0000001d   Data   RW         1052    .data               usbh_msc_core.o
    0x20000055   0x08033995   0x00000001   Data   RW         1108    .data               usbh_msc_scsi.o
    0x20000056   0x08033996   0x00000002   PAD
    0x20000058   0x08033998   0x00000054   Data   RW         1190    .data               usbh_usr.o
    0x200000ac   0x080339ec   0x00000004   Data   RW         1440    .data               delay.o
    0x200000b0   0x080339f0   0x00000006   Data   RW         1525    .data               cmd_queue.o
    0x200000b6   0x080339f6   0x00000002   Data   RW         1576    .data               hmi_app.o
    0x200000b8   0x080339f8   0x0000000c   Data   RW         2246    .data               usart.o
    0x200000c4   0x08033a04   0x00000002   Data   RW         2303    .data               diskio.o
    0x200000c6   0x08033a06   0x00000002   Data   RW         2441    .data               ff.o
    0x200000c8   0x08033a08   0x00000014   Data   RW         2780    .data               exfuns.o
    0x200000dc   0x08033a1c   0x00000010   Data   RW         3739    .data               stm32f4xx_rcc.o
    0x200000ec   0x08033a2c   0x00000024   Data   RW         4387    .data               malloc.o
    0x20000110        -       0x00000630   Zero   RW          260    .bss                bsp.o
    0x20000740        -       0x00000800   Zero   RW          295    .bss                iap.o
    0x20000f40        -       0x00000200   Zero   RW          913    .bss                usbh_stdreq.o
    0x20001140        -       0x00000040   Zero   RW         1003    .bss                usbh_msc_bot.o
    0x20001180        -       0x0000004a   Zero   RW         1051    .bss                usbh_msc_core.o
    0x200011ca   0x08033a50   0x00000002   PAD
    0x200011cc        -       0x00000410   Zero   RW         1107    .bss                usbh_msc_scsi.o
    0x200015dc        -       0x0000133e   Zero   RW         1189    .bss                usbh_usr.o
    0x2000291a        -       0x00000404   Zero   RW         1524    .bss                cmd_queue.o
    0x20002d1e        -       0x000001f4   Zero   RW         1575    .bss                hmi_app.o
    0x20002f12   0x08033a50   0x00000002   PAD
    0x20002f14        -       0x0000000c   Zero   RW         2439    .bss                ff.o
    0x20002f20        -       0x00000050   Zero   RW         2777    .bss                exfuns.o
    0x20002f70   0x08033a50   0x00000010   PAD
    0x20002f80        -       0x0001a900   Zero   RW         4385    .bss                malloc.o
    0x2001d880        -       0x00000060   Zero   RW         4616    .bss                c_w.l(libspace.o)
    0x2001d8e0        -       0x00000200   Zero   RW         3220    HEAP                startup_stm32f40_41xxx.o
    0x2001dae0        -       0x00000400   Zero   RW         3219    STACK               startup_stm32f40_41xxx.o



  Load Region LR$$.ARM.__AT_0x10000000 (Base: 0x10000000, Size: 0x00000000, Max: 0x0000f000, ABSOLUTE)

    Execution Region ER$$.ARM.__AT_0x10000000 (Exec base: 0x10000000, Load base: 0x10000000, Size: 0x0000f000, Max: 0x0000f000, ABSOLUTE, UNINIT)

    Exec Addr    Load Addr    Size         Type   Attr      Idx    E Section Name        Object

    0x10000000        -       0x0000f000   Zero   RW         4381    .ARM.__AT_0x10000000  malloc.o



  Load Region LR$$.ARM.__AT_0x1000F000 (Base: 0x1000f000, Size: 0x00000000, Max: 0x00000f00, ABSOLUTE)

    Execution Region ER$$.ARM.__AT_0x1000F000 (Exec base: 0x1000f000, Load base: 0x1000f000, Size: 0x00000f00, Max: 0x00000f00, ABSOLUTE, UNINIT)

    Exec Addr    Load Addr    Size         Type   Attr      Idx    E Section Name        Object

    0x1000f000        -       0x00000f00   Zero   RW         4382    .ARM.__AT_0x1000F000  malloc.o



  Load Region LR$$.ARM.__AT_0x68000000 (Base: 0x68000000, Size: 0x00000000, Max: 0x000f0000, ABSOLUTE)

    Execution Region ER$$.ARM.__AT_0x68000000 (Exec base: 0x68000000, Load base: 0x68000000, Size: 0x000f0000, Max: 0x000f0000, ABSOLUTE, UNINIT)

    Exec Addr    Load Addr    Size         Type   Attr      Idx    E Section Name        Object

    0x68000000        -       0x000f0000   Zero   RW         4383    .ARM.__AT_0x68000000  malloc.o



  Load Region LR$$.ARM.__AT_0x680F0000 (Base: 0x680f0000, Size: 0x00000000, Max: 0x0000f000, ABSOLUTE)

    Execution Region ER$$.ARM.__AT_0x680F0000 (Exec base: 0x680f0000, Load base: 0x680f0000, Size: 0x0000f000, Max: 0x0000f000, ABSOLUTE, UNINIT)

    Exec Addr    Load Addr    Size         Type   Attr      Idx    E Section Name        Object

    0x680f0000        -       0x0000f000   Zero   RW         4384    .ARM.__AT_0x680F0000  malloc.o


==============================================================================

Image component sizes


      Code (inc. data)   RO Data    RW Data    ZI Data      Debug   Object Name

         2          0          0          0          0        496   bell.o
       380        172          0          0       1584       1415   bsp.o
       180         18     175304          0          0       2207   cc936.o
       300         38          0          6       1028       3636   cmd_queue.o
       268         16          0          4          0       2591   delay.o
       422          8          0          2          0       7488   diskio.o
       132         18          0         20         80       1666   exfuns.o
      6394         64         58          2         12      37195   ff.o
       156         24          0          2        500       2644   hmi_app.o
       394         24          0          0          0       5833   hmi_driver.o
       148         12          0          8       2048       2680   iap.o
       236         98          0          4          0     305372   main.o
       504         60         36         36    1218560       6778   malloc.o
       200         32          0          0          0       2815   misc.o
        64         26        392          0       1536        884   startup_stm32f40_41xxx.o
       426         40          0          0          0       4784   stm32f4xx_flash.o
       218          0          0          0          0       2472   stm32f4xx_gpio.o
        76         10          0          0          0      29968   stm32f4xx_it.o
       392         48          0         16          0       6121   stm32f4xx_rcc.o
       726         42          0          0          0       7772   stm32f4xx_usart.o
       318         50          0          0          0       2539   stmflash.o
        16          0          0          0          0        512   sys.o
       340         32          0          0          0       1653   system_stm32f4xx.o
       348         20          0         12          0       5233   usart.o
       148          4          0          0          0       3956   usb_bsp.o
      2996         18          0          0          0      20267   usb_core.o
       202          0          0          0          0       5695   usb_hcd.o
      3702         16          0          0          0      11107   usb_hcd_int.o
      1634         42          0         18          0       9725   usbh_core.o
       390          0          0          0          0       5000   usbh_hcs.o
       560          0          0          0          0       6090   usbh_ioreq.o
      1140        100          0         17         64       7165   usbh_msc_bot.o
       876         62          0         29         74       7165   usbh_msc_core.o
      1312         88          0          1       1040       7800   usbh_msc_scsi.o
       942         14          0          3        512      11289   usbh_stdreq.o
      3502       1044          0         84       4926      23982   usbh_usr.o

    ----------------------------------------------------------------------
     30082       2240     175824        272    1231984     563995   Object Totals
         0          0         32          0          0          0   (incl. Generated)
        38          0          2          8         20          0   (incl. Padding)

    ----------------------------------------------------------------------

      Code (inc. data)   RO Data    RW Data    ZI Data      Debug   Library Member Name

         8          0          0          0          0         68   __main.o
       352          0          0          0          0         88   __printf_ss_wp.o
        14          0          0          0          0         68   __printf_wp.o
         0          0          0          0          0          0   __rtentry.o
        12          0          0          0          0          0   __rtentry2.o
         6          0          0          0          0          0   __rtentry4.o
        52          8          0          0          0          0   __scatter.o
        26          0          0          0          0          0   __scatter_copy.o
        28          0          0          0          0          0   __scatter_zi.o
        48          6          0          0          0         96   _printf_char_common.o
        36          4          0          0          0         80   _printf_char_file.o
         6          0          0          0          0          0   _printf_d.o
       120         16          0          0          0         92   _printf_dec.o
         6          0          0          0          0          0   _printf_f.o
      1054          0          0          0          0        216   _printf_fp_dec.o
       128         16          0          0          0         84   _printf_fp_infnan.o
       178          0          0          0          0         88   _printf_intcommon.o
        78          0          0          0          0        108   _printf_pad.o
         0          0          0          0          0          0   _printf_percent.o
         4          0          0          0          0          0   _printf_percent_end.o
        10          0          0          0          0         68   _sputc.o
       228          4        148          0          0         96   bigflt0.o
      1936        128          0          0          0        672   btod.o
        18          0          0          0          0         80   exit.o
         8          0          0          0          0         68   ferror.o
         6          0          0          0          0        152   heapauxi.o
        44         10         28          0          0         76   lc_numeric_c.o
         2          0          0          0          0          0   libinit.o
        22          0          0          0          0          0   libinit2.o
         2          0          0          0          0          0   libshutdown.o
         2          0          0          0          0          0   libshutdown2.o
         8          4          0          0         96         68   libspace.o
       138          0          0          0          0         80   lludiv10.o
        24          4          0          0          0         84   noretval__2printf.o
        40          6          0          0          0         84   noretval__2sprintf.o
         8          4          0          0          0         68   rt_locale_intlibspace.o
         2          0          0          0          0          0   rtexit.o
        10          0          0          0          0          0   rtexit2.o
       128          0          0          0          0         68   strcmpv7m.o
        74          0          0          0          0         80   sys_stackheap_outer.o
         2          0          0          0          0         68   use_no_semi.o
         2          0          0          0          0         68   use_no_semi_2.o
        12          0          0          0          0        116   dretinf.o
        86          4          0          0          0        132   f2d.o
       140          4          0          0          0        132   fnaninf.o
        10          0          0          0          0        116   fpinit.o
         4          0          0          0          0        116   printf1.o
         0          0          0          0          0          0   usenofp.o
        48          0          0          0          0        124   fpclassify.o

    ----------------------------------------------------------------------
      5182        218        176          0         96       3604   Library Totals
        12          0          0          0          0          0   (incl. Padding)

    ----------------------------------------------------------------------

      Code (inc. data)   RO Data    RW Data    ZI Data      Debug   Library Name

      4870        210        176          0         96       2868   c_w.l
       252          8          0          0          0        612   fz_wm.l
        48          0          0          0          0        124   m_wm.l

    ----------------------------------------------------------------------
      5182        218        176          0         96       3604   Library Totals

    ----------------------------------------------------------------------

==============================================================================


      Code (inc. data)   RO Data    RW Data    ZI Data      Debug   

     35264       2458     176000        272    1232080     540439   Grand Totals
     35264       2458     176000        272    1232080     540439   ELF Image Totals
     35264       2458     176000        272          0          0   ROM Totals

==============================================================================

    Total RO  Size (Code + RO Data)               211264 ( 206.31kB)
    Total RW  Size (RW Data + ZI Data)           1232352 (1203.47kB)
    Total ROM Size (Code + RO Data + RW Data)     211536 ( 206.58kB)

==============================================================================

