Component: ARM Compiler 5.06 update 6 (build 750) Tool: armlink [4d35ed]

==============================================================================

Section Cross References

    main.o(i.main) refers to bsp.o(i.BSP_Init) for BSP_Init
    main.o(i.main) refers to app.o(i.AppTaskCreate) for AppTaskCreate
    main.o(i.main) refers to app.o(i.AppObjCreate) for AppObjCreate
    main.o(i.main) refers to tasks.o(i.vTaskStartScheduler) for vTaskStartScheduler
    bsp.o(i.BSP_Init) refers to misc.o(i.NVIC_PriorityGroupConfig) for NVIC_PriorityGroupConfig
    bsp.o(i.BSP_Init) refers to delay.o(i.delay_init) for delay_init
    bsp.o(i.BSP_Init) refers to delay.o(i.delay_ms) for delay_ms
    bsp.o(i.BSP_Init) refers to timer.o(i.TIMx_Init) for TIMx_Init
    bsp.o(i.BSP_Init) refers to bell.o(i.BELL_Init) for BELL_Init
    bsp.o(i.BSP_Init) refers to led.o(i.LED_Init) for LED_Init
    bsp.o(i.BSP_Init) refers to 24cxx.o(i.AT24CXX_Init) for AT24CXX_Init
    bsp.o(i.BSP_Init) refers to w25qxx.o(i.W25QXX_Init) for W25QXX_Init
    bsp.o(i.BSP_Init) refers to app_params.o(i.LoadSystemParams) for LoadSystemParams
    bsp.o(i.BSP_Init) refers to gpio.o(i.GOIO_Init) for GOIO_Init
    bsp.o(i.BSP_Init) refers to dhtxx.o(i.DHTxx_Init) for DHTxx_Init
    bsp.o(i.BSP_Init) refers to pressure.o(i.PressureSensor_Init) for PressureSensor_Init
    bsp.o(i.BSP_Init) refers to hmi_usart.o(i.HMI_USART_Init) for HMI_USART_Init
    app.o(i.AppObjCreate) refers to queue.o(i.xQueueCreateMutex) for xQueueCreateMutex
    app.o(i.AppObjCreate) refers to app.o(.data) for .data
    app.o(i.AppTaskCreate) refers to port.o(i.vPortEnterCritical) for vPortEnterCritical
    app.o(i.AppTaskCreate) refers to tasks.o(i.xTaskCreate) for xTaskCreate
    app.o(i.AppTaskCreate) refers to port.o(i.vPortExitCritical) for vPortExitCritical
    app.o(i.AppTaskCreate) refers to app.o(i.vUI_Task) for vUI_Task
    app.o(i.AppTaskCreate) refers to app.o(i.vINF_Task) for vINF_Task
    app.o(i.AppTaskCreate) refers to app.o(i.vStatus_Task) for vStatus_Task
    app.o(i.AppTaskCreate) refers to app.o(i.vUSB_Task) for vUSB_Task
    app.o(i.AppTaskCreate) refers to app.o(i.vCustom_RS232_Task) for vCustom_RS232_Task
    app.o(i.AppTaskCreate) refers to app.o(i.vGPIO_Task) for vGPIO_Task
    app.o(i.AppTaskCreate) refers to app.o(i.vDispensing_Task) for vDispensing_Task
    app.o(i.TIMx_IRQHandler_100MS) refers to app.o(.data) for .data
    app.o(i.TIMx_IRQHandler_10MS) refers to app.o(.data) for .data
    app.o(i.TIMx_IRQHandler_10MS) refers to app_params.o(.bss) for Sys_Params
    app.o(i.TIMx_IRQHandler_10MS) refers to app_params.o(.bss) for Sys_RT_Status
    app.o(i.TIMx_IRQHandler_1S) refers to app.o(.data) for .data
    app.o(i.vCustom_RS232_Task) refers to tasks.o(i.vTaskDelay) for vTaskDelay
    app.o(i.vDispensing_Task) refers to tasks.o(i.vTaskDelay) for vTaskDelay
    app.o(i.vDispensing_Task) refers to f2d.o(x$fpl$f2d) for __aeabi_f2d
    app.o(i.vDispensing_Task) refers to dmul.o(x$fpl$dmul) for __aeabi_dmul
    app.o(i.vDispensing_Task) refers to dfixull.o(x$fpl$llufromd) for __aeabi_d2ulz
    app.o(i.vDispensing_Task) refers to gpio.o(.data) for GPIO_IN
    app.o(i.vDispensing_Task) refers to app_params.o(.bss) for Sys_RT_Status
    app.o(i.vDispensing_Task) refers to app_params.o(.bss) for Sys_Params
    app.o(i.vGPIO_Task) refers to pressure.o(i.Enable_PressureSensor_Auto_Detect) for Enable_PressureSensor_Auto_Detect
    app.o(i.vGPIO_Task) refers to gpio.o(i.Refresh_GPIO_Value) for Refresh_GPIO_Value
    app.o(i.vGPIO_Task) refers to tasks.o(i.vTaskDelay) for vTaskDelay
    app.o(i.vINF_Task) refers to led.o(i.LED_Work) for LED_Work
    app.o(i.vINF_Task) refers to tasks.o(i.vTaskDelay) for vTaskDelay
    app.o(i.vStatus_Task) refers to dhtxx.o(i.DHTxx_Read_Data) for DHTxx_Read_Data
    app.o(i.vStatus_Task) refers to pressure.o(i.SetPressureSensorTargetValue) for SetPressureSensorTargetValue
    app.o(i.vStatus_Task) refers to tasks.o(i.vTaskDelay) for vTaskDelay
    app.o(i.vStatus_Task) refers to gpio.o(.data) for GPIO_IN
    app.o(i.vStatus_Task) refers to app_params.o(.bss) for Sys_Params
    app.o(i.vStatus_Task) refers to app_params.o(.bss) for Sys_RT_Status
    app.o(i.vUI_Task) refers to hmi_app.o(i.UI_Init) for UI_Init
    app.o(i.vUI_Task) refers to cmd_queue.o(i.queue_find_cmd) for queue_find_cmd
    app.o(i.vUI_Task) refers to bell.o(i.BELL_Work) for BELL_Work
    app.o(i.vUI_Task) refers to tasks.o(i.vTaskDelay) for vTaskDelay
    app.o(i.vUI_Task) refers to hmi_driver.o(i.SetScreen) for SetScreen
    app.o(i.vUI_Task) refers to hmi_app.o(i.NotifyScreen) for NotifyScreen
    app.o(i.vUI_Task) refers to hmi_app.o(i.ProcessMessage) for ProcessMessage
    app.o(i.vUI_Task) refers to hmi_app.o(i.UpdateUI) for UpdateUI
    app.o(i.vUI_Task) refers to hmi_app.o(.data) for current_screen_id
    app.o(i.vUI_Task) refers to app.o(.data) for .data
    app.o(i.vUI_Task) refers to hmi_app.o(.bss) for cmd_buffer
[...]
    WWDG_IRQHandler                          0x0800036b   Thumb Code     0  startup_stm32f40_41xxx.o(.text)
    __user_initial_stackheap                 0x0800036d   Thumb Code     0  startup_stm32f40_41xxx.o(.text)
    __use_no_semihosting                     0x08000391   Thumb Code     2  use_no_semi_2.o(.text)
    __2printf                                0x08000395   Thumb Code    20  noretval__2printf.o(.text)
    __2sprintf                               0x080003ad   Thumb Code    34  noretval__2sprintf.o(.text)
    _printf_str                              0x080003d5   Thumb Code    82  _printf_str.o(.text)
    _printf_int_dec                          0x08000429   Thumb Code   104  _printf_dec.o(.text)
    __printf                                 0x080004a1   Thumb Code   388  __printf_flags_ss_wp.o(.text)
    __0sscanf                                0x08000629   Thumb Code    52  __0sscanf.o(.text)
    __aeabi_memcpy                           0x08000665   Thumb Code     0  rt_memcpy_v6.o(.text)
    __rt_memcpy                              0x08000665   Thumb Code   138  rt_memcpy_v6.o(.text)
    _memcpy_lastbytes                        0x080006cb   Thumb Code     0  rt_memcpy_v6.o(.text)
    __aeabi_memset                           0x080006ef   Thumb Code    16  aeabi_memset.o(.text)
    __use_two_region_memory                  0x080006ff   Thumb Code     2  heapauxi.o(.text)
    __rt_heap_escrow$2region                 0x08000701   Thumb Code     2  heapauxi.o(.text)
    __rt_heap_expand$2region                 0x08000703   Thumb Code     2  heapauxi.o(.text)
    __I$use$semihosting                      0x08000705   Thumb Code     0  use_no_semi.o(.text)
    __use_no_semihosting_swi                 0x08000705   Thumb Code     2  use_no_semi.o(.text)
    _printf_int_common                       0x08000707   Thumb Code   178  _printf_intcommon.o(.text)
    __lib_sel_fp_printf                      0x080007b9   Thumb Code     2  _printf_fp_dec.o(.text)
    _printf_fp_dec_real                      0x0800096b   Thumb Code   620  _printf_fp_dec.o(.text)
    _printf_char_common                      0x08000be3   Thumb Code    32  _printf_char_common.o(.text)
    _sputc                                   0x08000c09   Thumb Code    10  _sputc.o(.text)
    _printf_cs_common                        0x08000c13   Thumb Code    20  _printf_char.o(.text)
    _printf_char                             0x08000c27   Thumb Code    16  _printf_char.o(.text)
    _printf_string                           0x08000c37   Thumb Code     8  _printf_char.o(.text)
    _printf_char_file                        0x08000c41   Thumb Code    32  _printf_char_file.o(.text)
    _scanf_really_real                       0x08000eb1   Thumb Code   684  scanf_fp.o(.text)
    __vfscanf_char                           0x08001169   Thumb Code    24  scanf_char.o(.text)
    _sgetc                                   0x08001189   Thumb Code    30  _sgetc.o(.text)
    _sbackspace                              0x080011a7   Thumb Code    34  _sgetc.o(.text)
    __aeabi_memcpy4                          0x080011c9   Thumb Code     0  rt_memcpy_w.o(.text)
    __aeabi_memcpy8                          0x080011c9   Thumb Code     0  rt_memcpy_w.o(.text)
    __rt_memcpy_w                            0x080011c9   Thumb Code   100  rt_memcpy_w.o(.text)
    _memcpy_lastbytes_aligned                0x08001211   Thumb Code     0  rt_memcpy_w.o(.text)
    __aeabi_memclr                           0x0800122d   Thumb Code     0  rt_memclr.o(.text)
    __rt_memclr                              0x0800122d   Thumb Code    68  rt_memclr.o(.text)
    _memset                                  0x08001231   Thumb Code     0  rt_memclr.o(.text)
    __rt_locale                              0x08001271   Thumb Code     8  rt_locale_intlibspace.o(.text)
    __aeabi_errno_addr                       0x08001279   Thumb Code     8  rt_errno_addr_intlibspace.o(.text)
    __errno$intlibspace                      0x08001279   Thumb Code     0  rt_errno_addr_intlibspace.o(.text)
    __rt_errno_addr$intlibspace              0x08001279   Thumb Code     0  rt_errno_addr_intlibspace.o(.text)
    _ll_udiv10                               0x08001281   Thumb Code   138  lludiv10.o(.text)
    isspace                                  0x0800130b   Thumb Code    18  isspace.o(.text)
    _printf_fp_infnan                        0x0800131d   Thumb Code   112  _printf_fp_infnan.o(.text)
    __vfscanf                                0x0800139d   Thumb Code   878  _scanf.o(.text)
    _btod_etento                             0x08001711   Thumb Code   224  bigflt0.o(.text)
    ferror                                   0x080017f5   Thumb Code     8  ferror.o(.text)
    __aeabi_memclr4                          0x080017fd   Thumb Code     0  rt_memclr_w.o(.text)
    __aeabi_memclr8                          0x080017fd   Thumb Code     0  rt_memclr_w.o(.text)
    __rt_memclr_w                            0x080017fd   Thumb Code    78  rt_memclr_w.o(.text)
    _memset_w                                0x08001801   Thumb Code     0  rt_memclr_w.o(.text)
    __user_libspace                          0x0800184d   Thumb Code     8  libspace.o(.text)
    __user_perproc_libspace                  0x0800184d   Thumb Code     0  libspace.o(.text)
    __user_perthread_libspace                0x0800184d   Thumb Code     0  libspace.o(.text)
    __user_setup_stackheap                   0x08001855   Thumb Code    74  sys_stackheap_outer.o(.text)
    __rt_ctype_table                         0x080018a1   Thumb Code    16  rt_ctype_table.o(.text)
    __read_errno                             0x080018b1   Thumb Code    10  _rserrno.o(.text)
    __set_errno                              0x080018bb   Thumb Code    12  _rserrno.o(.text)
    _scanf_really_hex_real                   0x080018c9   Thumb Code   786  scanf_hexfp.o(.text)
    _scanf_really_infnan                     0x08001be9   Thumb Code   292  scanf_infnan.o(.text)
    exit                                     0x08001d1d   Thumb Code    18  exit.o(.text)
    strcmp                                   0x08001d31   Thumb Code   128  strcmpv7m.o(.text)
    __aeabi_llsl                             0x08001db1   Thumb Code     0  llshl.o(.text)
    _ll_shift_l                              0x08001db1   Thumb Code    38  llshl.o(.text)
    _chval                                   0x08001dd7   Thumb Code    28  _chval.o(.text)
    _btod_d2e                                0x08001df3   Thumb Code    62  btod.o(CL$$btod_d2e)
    _d2e_denorm_low                          0x08001e31   Thumb Code    70  btod.o(CL$$btod_d2e_denorm_low)
    _d2e_norm_op1                            0x08001e77   Thumb Code    96  btod.o(CL$$btod_d2e_norm_op1)
    __btod_div_common                        0x08001ed7   Thumb Code   696  btod.o(CL$$btod_div_common)
    _e2d                                     0x08002211   Thumb Code   122  btod.o(CL$$btod_e2d)
    _e2e                                     0x08002295   Thumb Code   220  btod.o(CL$$btod_e2e)
    _btod_ediv                               0x08002371   Thumb Code    42  btod.o(CL$$btod_ediv)
    _btod_edivd                              0x0800239b   Thumb Code    42  btod.o(CL$$btod_edivd)
    _btod_emul                               0x080023c5   Thumb Code    42  btod.o(CL$$btod_emul)
    _btod_emuld                              0x080023ef   Thumb Code    42  btod.o(CL$$btod_emuld)
    __btod_mult_common                       0x08002419   Thumb Code   580  btod.o(CL$$btod_mult_common)
    ADC_Cmd                                  0x0800265d   Thumb Code    20  stm32f4xx_adc.o(i.ADC_Cmd)
    ADC_CommonInit                           0x08002671   Thumb Code    34  stm32f4xx_adc.o(i.ADC_CommonInit)
    ADC_Configuration                        0x0800269d   Thumb Code   218  pressure.o(i.ADC_Configuration)
    ADC_DMACmd                               0x08002789   Thumb Code    20  stm32f4xx_adc.o(i.ADC_DMACmd)
    ADC_DMARequestAfterLastTransferCmd       0x0800279d   Thumb Code    20  stm32f4xx_adc.o(i.ADC_DMARequestAfterLastTransferCmd)
    ADC_Init                                 0x080027b1   Thumb Code    66  stm32f4xx_adc.o(i.ADC_Init)
    ADC_RegularChannelConfig                 0x080027fd   Thumb Code   116  stm32f4xx_adc.o(i.ADC_RegularChannelConfig)
    ADC_SoftwareStartConv                    0x08002871   Thumb Code    10  stm32f4xx_adc.o(i.ADC_SoftwareStartConv)
    AT24CXX_Check                            0x0800287b   Thumb Code    38  24cxx.o(i.AT24CXX_Check)
    AT24CXX_Init                             0x080028a1   Thumb Code    14  24cxx.o(i.AT24CXX_Init)
    AT24CXX_ReadOneByte                      0x080028af   Thumb Code    64  24cxx.o(i.AT24CXX_ReadOneByte)
    AT24CXX_WriteOneByte                     0x080028ef   Thumb Code    60  24cxx.o(i.AT24CXX_WriteOneByte)
    AnimationPlayFrame                       0x0800292b   Thumb Code    84  hmi_driver.o(i.AnimationPlayFrame)
    AppObjCreate                             0x08002981   Thumb Code    14  app.o(i.AppObjCreate)
    AppTaskCreate                            0x08002995   Thumb Code   148  app.o(i.AppTaskCreate)
    BELL_Init                                0x08002aad   Thumb Code     2  bell.o(i.BELL_Init)
    BELL_Work                                0x08002aaf   Thumb Code     2  bell.o(i.BELL_Work)
    BSP_Init                                 0x08002ab1   Thumb Code    68  bsp.o(i.BSP_Init)
    BusFault_Handler                         0x08002af5   Thumb Code     2  stm32f4xx_it.o(i.BusFault_Handler)
    Byte_to_Float                            0x08002af9   Thumb Code    70  app_params.o(i.Byte_to_Float)
    Byte_to_int                              0x08002b45   Thumb Code    20  app_params.o(i.Byte_to_int)
    Clearscreen                              0x08002b59   Thumb Code    50  hmi_driver.o(i.Clearscreen)
    DAC_Cmd                                  0x08002b8d   Thumb Code    20  stm32f4xx_dac.o(i.DAC_Cmd)
    DAC_Configuration                        0x08002ba5   Thumb Code    80  pressure.o(i.DAC_Configuration)
    DAC_Init                                 0x08002bf9   Thumb Code    36  stm32f4xx_dac.o(i.DAC_Init)
    DAC_SetChannel1Data                      0x08002c21   Thumb Code    14  stm32f4xx_dac.o(i.DAC_SetChannel1Data)
    DHTxx_Check                              0x08002c35   Thumb Code    94  dhtxx.o(i.DHTxx_Check)
    DHTxx_Init                               0x08002c99   Thumb Code    56  dhtxx.o(i.DHTxx_Init)
    DHTxx_Read_Bit                           0x08002cd5   Thumb Code    86  dhtxx.o(i.DHTxx_Read_Bit)
    DHTxx_Read_Byte                          0x08002d31   Thumb Code    26  dhtxx.o(i.DHTxx_Read_Byte)
    DHTxx_Read_Data                          0x08002d4d   Thumb Code   142  dhtxx.o(i.DHTxx_Read_Data)
    DHTxx_Rst                                0x08002de9   Thumb Code    54  dhtxx.o(i.DHTxx_Rst)
    DMA2_Stream0_IRQHandler                  0x08002e25   Thumb Code    36  pressure.o(i.DMA2_Stream0_IRQHandler)
    DMA_ClearITPendingBit                    0x08002e51   Thumb Code    32  stm32f4xx_dma.o(i.DMA_ClearITPendingBit)
    DMA_Cmd                                  0x08002e7d   Thumb Code    20  stm32f4xx_dma.o(i.DMA_Cmd)
    DMA_GetITStatus                          0x08002e91   Thumb Code    68  stm32f4xx_dma.o(i.DMA_GetITStatus)
    DMA_ITConfig                             0x08002ee5   Thumb Code    44  stm32f4xx_dma.o(i.DMA_ITConfig)
    DMA_Init                                 0x08002f11   Thumb Code    80  stm32f4xx_dma.o(i.DMA_Init)
    DebugMon_Handler                         0x08002f65   Thumb Code     2  stm32f4xx_it.o(i.DebugMon_Handler)
    EEP_I2C_Ack                              0x08002f69   Thumb Code    60  eep_i2c.o(i.EEP_I2C_Ack)
    EEP_I2C_Init                             0x08002fa9   Thumb Code    64  eep_i2c.o(i.EEP_I2C_Init)
    EEP_I2C_NAck                             0x08002fed   Thumb Code    60  eep_i2c.o(i.EEP_I2C_NAck)
    EEP_I2C_Read_Byte                        0x0800302d   Thumb Code   104  eep_i2c.o(i.EEP_I2C_Read_Byte)
    EEP_I2C_SDA_IN                           0x08003099   Thumb Code    40  eep_i2c.o(i.EEP_I2C_SDA_IN)
    EEP_I2C_SDA_OUT                          0x080030c5   Thumb Code    38  eep_i2c.o(i.EEP_I2C_SDA_OUT)
    EEP_I2C_Send_Byte                        0x080030f1   Thumb Code   106  eep_i2c.o(i.EEP_I2C_Send_Byte)
    EEP_I2C_Start                            0x08003161   Thumb Code    86  eep_i2c.o(i.EEP_I2C_Start)
    EEP_I2C_Stop                             0x080031bd   Thumb Code    58  eep_i2c.o(i.EEP_I2C_Stop)
    EEP_I2C_Wait_Ack                         0x080031fd   Thumb Code    90  eep_i2c.o(i.EEP_I2C_Wait_Ack)
    Enable_PressureSensor_Auto_Detect        0x0800325d   Thumb Code   108  pressure.o(i.Enable_PressureSensor_Auto_Detect)
    FLASH_SPIx_Init                          0x080032d5   Thumb Code   180  flash_spi.o(i.FLASH_SPIx_Init)
    FLASH_SPIx_ReadWriteByte                 0x08003391   Thumb Code    48  flash_spi.o(i.FLASH_SPIx_ReadWriteByte)
    FLASH_SPIx_SetSpeed                      0x080033c5   Thumb Code    24  flash_spi.o(i.FLASH_SPIx_SetSpeed)
    Float_to_Byte                            0x080033e1   Thumb Code    42  app_params.o(i.Float_to_Byte)
    GOIO_IN_Init                             0x0800340d   Thumb Code    88  gpio.o(i.GOIO_IN_Init)
    GOIO_Init                                0x08003469   Thumb Code    14  gpio.o(i.GOIO_Init)
    GOIO_OUT_Init                            0x08003479   Thumb Code   112  gpio.o(i.GOIO_OUT_Init)
    GPIO_Init                                0x080034ed   Thumb Code   120  stm32f4xx_gpio.o(i.GPIO_Init)
    GPIO_PinAFConfig                         0x08003565   Thumb Code    32  stm32f4xx_gpio.o(i.GPIO_PinAFConfig)
    GPIO_ReadInputDataBit                    0x08003585   Thumb Code    14  stm32f4xx_gpio.o(i.GPIO_ReadInputDataBit)
    GPIO_ResetBits                           0x08003593   Thumb Code     4  stm32f4xx_gpio.o(i.GPIO_ResetBits)
    GPIO_SetBits                             0x08003597   Thumb Code     4  stm32f4xx_gpio.o(i.GPIO_SetBits)
    HMI_SendSingleChar                       0x0800359d   Thumb Code    38  hmi_usart.o(i.HMI_SendSingleChar)
    HMI_USART_Init                           0x080035c9   Thumb Code   174  hmi_usart.o(i.HMI_USART_Init)
    HardFault_Handler                        0x08003681   Thumb Code     2  stm32f4xx_it.o(i.HardFault_Handler)
    Int_to_Byte                              0x08003683   Thumb Code    20  app_params.o(i.Int_to_Byte)
    LED_Init                                 0x08003697   Thumb Code     2  led.o(i.LED_Init)
    LED_Work                                 0x08003699   Thumb Code     2  led.o(i.LED_Work)
    LoadSystemParams                         0x0800369d   Thumb Code   366  app_params.o(i.LoadSystemParams)
    MemManage_Handler                        0x08003811   Thumb Code     2  stm32f4xx_it.o(i.MemManage_Handler)
    NMI_Handler                              0x08003813   Thumb Code     2  stm32f4xx_it.o(i.NMI_Handler)
    NVIC_Init                                0x08003815   Thumb Code    96  misc.o(i.NVIC_Init)
    NVIC_PriorityGroupConfig                 0x08003879   Thumb Code    10  misc.o(i.NVIC_PriorityGroupConfig)
    NotifyButton                             0x0800388d   Thumb Code   924  hmi_app.o(i.NotifyButton)
    NotifyScreen                             0x08003c45   Thumb Code   266  hmi_app.o(i.NotifyScreen)
    NotifyText                               0x08003d71   Thumb Code   176  hmi_app.o(i.NotifyText)
    PressureSensor_Init                      0x08003e35   Thumb Code    14  pressure.o(i.PressureSensor_Init)
    ProcessMessage                           0x08003e43   Thumb Code    82  hmi_app.o(i.ProcessMessage)
    RCC_AHB1PeriphClockCmd                   0x08003e95   Thumb Code    18  stm32f4xx_rcc.o(i.RCC_AHB1PeriphClockCmd)
    RCC_APB1PeriphClockCmd                   0x08003ead   Thumb Code    18  stm32f4xx_rcc.o(i.RCC_APB1PeriphClockCmd)
    RCC_APB1PeriphResetCmd                   0x08003ec5   Thumb Code    18  stm32f4xx_rcc.o(i.RCC_APB1PeriphResetCmd)
    RCC_APB2PeriphClockCmd                   0x08003edd   Thumb Code    18  stm32f4xx_rcc.o(i.RCC_APB2PeriphClockCmd)
    RCC_APB2PeriphResetCmd                   0x08003ef5   Thumb Code    18  stm32f4xx_rcc.o(i.RCC_APB2PeriphResetCmd)
    RCC_GetClocksFreq                        0x08003f0d   Thumb Code   132  stm32f4xx_rcc.o(i.RCC_GetClocksFreq)
    Refresh_GPIO_Value                       0x08003f9d   Thumb Code    66  gpio.o(i.Refresh_GPIO_Value)
    ResetAllParams                           0x08003fe5   Thumb Code   112  app_params.o(i.ResetAllParams)
    SPI_Cmd                                  0x08004071   Thumb Code    20  stm32f4xx_spi.o(i.SPI_Cmd)
    SPI_I2S_GetFlagStatus                    0x08004085   Thumb Code    14  stm32f4xx_spi.o(i.SPI_I2S_GetFlagStatus)
    SPI_I2S_ReceiveData                      0x08004093   Thumb Code     4  stm32f4xx_spi.o(i.SPI_I2S_ReceiveData)
    SPI_I2S_SendData                         0x08004097   Thumb Code     4  stm32f4xx_spi.o(i.SPI_I2S_SendData)
    SPI_Init                                 0x0800409b   Thumb Code    56  stm32f4xx_spi.o(i.SPI_Init)
    SaveSystemParams                         0x080040d5   Thumb Code   386  app_params.o(i.SaveSystemParams)
    SendStrings                              0x0800425d   Thumb Code    20  hmi_driver.o(i.SendStrings)
    SetButtonValue                           0x08004271   Thumb Code    84  hmi_driver.o(i.SetButtonValue)
    SetControlEnable                         0x080042c5   Thumb Code    84  hmi_driver.o(i.SetControlEnable)
    SetControlVisiable                       0x08004319   Thumb Code    84  hmi_driver.o(i.SetControlVisiable)
    SetPressureSensorTargetValue             0x0800436d   Thumb Code    34  pressure.o(i.SetPressureSensorTargetValue)
    SetScreen                                0x08004399   Thumb Code    62  hmi_driver.o(i.SetScreen)
    SetTextValue                             0x0800448d   Thumb Code    84  hmi_driver.o(i.SetTextValue)
    SetTextValueFloat                        0x080044e1   Thumb Code    50  hmi_app.o(i.SetTextValueFloat)
    SetTextValueint32_t                      0x0800451d   Thumb Code    34  hmi_app.o(i.SetTextValueint32_t)
    SysTick_CLKSourceConfig                  0x08004545   Thumb Code    24  misc.o(i.SysTick_CLKSourceConfig)
    SysTick_Handler                          0x0800455d   Thumb Code    20  delay.o(i.SysTick_Handler)
    SystemInit                               0x08004571   Thumb Code    74  system_stm32f4xx.o(i.SystemInit)
    TIM3_IRQHandler                          0x080045cd   Thumb Code    88  timer.o(i.TIM3_IRQHandler)
    TIM_ClearITPendingBit                    0x0800462d   Thumb Code     6  stm32f4xx_tim.o(i.TIM_ClearITPendingBit)
    TIM_Cmd                                  0x08004633   Thumb Code    20  stm32f4xx_tim.o(i.TIM_Cmd)
    TIM_GetITStatus                          0x08004647   Thumb Code    24  stm32f4xx_tim.o(i.TIM_GetITStatus)
    TIM_ITConfig                             0x0800465f   Thumb Code    16  stm32f4xx_tim.o(i.TIM_ITConfig)
    TIM_TimeBaseInit                         0x08004671   Thumb Code    96  stm32f4xx_tim.o(i.TIM_TimeBaseInit)
    TIMx_IRQHandler_100MS                    0x080046ed   Thumb Code    18  app.o(i.TIMx_IRQHandler_100MS)
    TIMx_IRQHandler_10MS                     0x08004705   Thumb Code   176  app.o(i.TIMx_IRQHandler_10MS)
    TIMx_IRQHandler_1S                       0x080047c1   Thumb Code    18  app.o(i.TIMx_IRQHandler_1S)
    TIMx_Init                                0x080047d9   Thumb Code   100  timer.o(i.TIMx_Init)
    UI_Init                                  0x08004841   Thumb Code     6  hmi_app.o(i.UI_Init)
    USART1_IRQHandler                        0x08004849   Thumb Code    88  usart.o(i.USART1_IRQHandler)
    USART3_IRQHandler                        0x080048ad   Thumb Code   108  hmi_usart.o(i.USART3_IRQHandler)
    USART_ClearFlag                          0x0800491d   Thumb Code     6  stm32f4xx_usart.o(i.USART_ClearFlag)
    USART_ClearITPendingBit                  0x08004923   Thumb Code    12  stm32f4xx_usart.o(i.USART_ClearITPendingBit)
    USART_Cmd                                0x0800492f   Thumb Code    20  stm32f4xx_usart.o(i.USART_Cmd)
    USART_DeInit                             0x08004945   Thumb Code   138  stm32f4xx_usart.o(i.USART_DeInit)
    USART_GetFlagStatus                      0x080049f1   Thumb Code    14  stm32f4xx_usart.o(i.USART_GetFlagStatus)
    USART_GetITStatus                        0x080049ff   Thumb Code    62  stm32f4xx_usart.o(i.USART_GetITStatus)
    USART_ITConfig                           0x08004a3d   Thumb Code    48  stm32f4xx_usart.o(i.USART_ITConfig)
    USART_Init                               0x08004a6d   Thumb Code   164  stm32f4xx_usart.o(i.USART_Init)
    USART_ReceiveData                        0x08004b19   Thumb Code     8  stm32f4xx_usart.o(i.USART_ReceiveData)
    USART_SendData                           0x08004b21   Thumb Code     8  stm32f4xx_usart.o(i.USART_SendData)
    UpdateUI                                 0x08004b29   Thumb Code   294  hmi_app.o(i.UpdateUI)
    UsageFault_Handler                       0x08004c5d   Thumb Code     2  stm32f4xx_it.o(i.UsageFault_Handler)
    W25QXX_Erase_Sector                      0x08004c61   Thumb Code    70  w25qxx.o(i.W25QXX_Erase_Sector)
    W25QXX_Init                              0x08004cad   Thumb Code    76  w25qxx.o(i.W25QXX_Init)
    W25QXX_Read                              0x08004d01   Thumb Code    86  w25qxx.o(i.W25QXX_Read)
    W25QXX_ReadID                            0x08004d5d   Thumb Code    78  w25qxx.o(i.W25QXX_ReadID)
    W25QXX_ReadSR                            0x08004db1   Thumb Code    42  w25qxx.o(i.W25QXX_ReadSR)
    W25QXX_Wait_Busy                         0x08004de1   Thumb Code    12  w25qxx.o(i.W25QXX_Wait_Busy)
    W25QXX_Write                             0x08004ded   Thumb Code   150  w25qxx.o(i.W25QXX_Write)
    W25QXX_Write_Enable                      0x08004e89   Thumb Code    34  w25qxx.o(i.W25QXX_Write_Enable)
    W25QXX_Write_NoCheck                     0x08004eb1   Thumb Code    62  w25qxx.o(i.W25QXX_Write_NoCheck)
    W25QXX_Write_Page                        0x08004ef1   Thumb Code    92  w25qxx.o(i.W25QXX_Write_Page)
    __ARM_fpclassify                         0x08004f51   Thumb Code    48  fpclassify.o(i.__ARM_fpclassify)
    __hardfp___mathlib_tofloat               0x08004f81   Thumb Code   232  narrow.o(i.__hardfp___mathlib_tofloat)
    __hardfp_ldexp                           0x08005079   Thumb Code   200  ldexp.o(i.__hardfp_ldexp)
    __mathlib_dbl_overflow                   0x08005149   Thumb Code    24  dunder.o(i.__mathlib_dbl_overflow)
    __mathlib_dbl_underflow                  0x08005169   Thumb Code    24  dunder.o(i.__mathlib_dbl_underflow)
    __mathlib_narrow                         0x08005189   Thumb Code    18  narrow.o(i.__mathlib_narrow)
    __support_ldexp                          0x0800519b   Thumb Code    20  ldexp.o(i.__support_ldexp)
    _is_digit                                0x080051af   Thumb Code    14  __printf_wp.o(i._is_digit)
    _sys_exit                                0x080051bd   Thumb Code     2  usart.o(i._sys_exit)
    delay_init                               0x080051c1   Thumb Code    50  delay.o(i.delay_init)
    delay_ms                                 0x080051f9   Thumb Code    52  delay.o(i.delay_ms)
    delay_us                                 0x08005231   Thumb Code    48  delay.o(i.delay_us)
    filter                                   0x08005265   Thumb Code   154  pressure.o(i.filter)
    fputc                                    0x08005315   Thumb Code    14  usart.o(i.fputc)
    frexp                                    0x08005329   Thumb Code   118  frexp.o(i.frexp)
    getOutputPercent                         0x080053b5   Thumb Code    32  pressure.o(i.getOutputPercent)
    main                                     0x080053e5   Thumb Code    20  main.o(i.main)
    pvPortMalloc                             0x08005c5d   Thumb Code   214  heap_4.o(i.pvPortMalloc)
    pvTaskIncrementMutexHeldCount            0x08005d71   Thumb Code    18  tasks.o(i.pvTaskIncrementMutexHeldCount)
    pxPortInitialiseStack                    0x08005d89   Thumb Code    40  port.o(i.pxPortInitialiseStack)
    queue_find_cmd                           0x08005db5   Thumb Code   134  cmd_queue.o(i.queue_find_cmd)
    queue_push                               0x08005e45   Thumb Code    34  cmd_queue.o(i.queue_push)
    uxListRemove                             0x08005e6d   Thumb Code    36  list.o(i.uxListRemove)
    vListInitialise                          0x08006007   Thumb Code    22  list.o(i.vListInitialise)
    vListInitialiseItem                      0x0800601d   Thumb Code     6  list.o(i.vListInitialiseItem)
    vListInsert                              0x08006023   Thumb Code    48  list.o(i.vListInsert)
    vListInsertEnd                           0x08006053   Thumb Code    24  list.o(i.vListInsertEnd)
    vPortEnterCritical                       0x0800606d   Thumb Code    50  port.o(i.vPortEnterCritical)
    vPortExitCritical                        0x080060e5   Thumb Code    34  port.o(i.vPortExitCritical)
    vPortFree                                0x08006149   Thumb Code    94  heap_4.o(i.vPortFree)
    vPortSetupTimerInterrupt                 0x080061e5   Thumb Code    26  port.o(i.vPortSetupTimerInterrupt)
    vPortValidateInterruptPriority           0x08006205   Thumb Code    70  port.o(i.vPortValidateInterruptPriority)
    vQueueAddToRegistry                      0x08006291   Thumb Code    32  queue.o(i.vQueueAddToRegistry)
    vQueueWaitForMessageRestricted           0x080062b5   Thumb Code    68  queue.o(i.vQueueWaitForMessageRestricted)
    vTaskDelay                               0x080063d9   Thumb Code    62  tasks.o(i.vTaskDelay)
    vTaskMissedYield                         0x08006445   Thumb Code     8  tasks.o(i.vTaskMissedYield)
    vTaskPlaceOnEventList                    0x08006451   Thumb Code    44  tasks.o(i.vTaskPlaceOnEventList)
    vTaskPlaceOnEventListRestricted          0x080064a5   Thumb Code    52  tasks.o(i.vTaskPlaceOnEventListRestricted)
    vTaskPriorityInherit                     0x08006501   Thumb Code   124  tasks.o(i.vTaskPriorityInherit)
    vTaskSetTimeOutState                     0x08006585   Thumb Code    30  tasks.o(i.vTaskSetTimeOutState)
    vTaskStartScheduler                      0x080065cd   Thumb Code    96  tasks.o(i.vTaskStartScheduler)
    vTaskSuspendAll                          0x08006661   Thumb Code    10  tasks.o(i.vTaskSuspendAll)
    vTaskSwitchContext                       0x08006671   Thumb Code    80  tasks.o(i.vTaskSwitchContext)
    xPortStartScheduler                      0x080067a9   Thumb Code   196  port.o(i.xPortStartScheduler)
    xPortSysTickHandler                      0x080068bd   Thumb Code    38  port.o(i.xPortSysTickHandler)
    xQueueCreateMutex                        0x080068e9   Thumb Code    36  queue.o(i.xQueueCreateMutex)
    xQueueGenericCreate                      0x0800690d   Thumb Code    82  queue.o(i.xQueueGenericCreate)
    xQueueGenericReceive                     0x08006985   Thumb Code   348  queue.o(i.xQueueGenericReceive)
    xQueueGenericReset                       0x08006b09   Thumb Code   128  queue.o(i.xQueueGenericReset)
    xQueueGenericSend                        0x08006bb1   Thumb Code   350  queue.o(i.xQueueGenericSend)
    xQueueGenericSendFromISR                 0x08006d39   Thumb Code   188  queue.o(i.xQueueGenericSendFromISR)
    xTaskCheckForTimeOut                     0x08006e19   Thumb Code    94  tasks.o(i.xTaskCheckForTimeOut)
    xTaskCreate                              0x08006ea1   Thumb Code    86  tasks.o(i.xTaskCreate)
    xTaskGetSchedulerState                   0x08006ef9   Thumb Code    22  tasks.o(i.xTaskGetSchedulerState)
    xTaskGetTickCount                        0x08006f15   Thumb Code     6  tasks.o(i.xTaskGetTickCount)
    xTaskIncrementTick                       0x08006f21   Thumb Code   188  tasks.o(i.xTaskIncrementTick)
    xTaskPriorityDisinherit                  0x08007009   Thumb Code   136  tasks.o(i.xTaskPriorityDisinherit)
    xTaskRemoveFromEventList                 0x080070bd   Thumb Code   102  tasks.o(i.xTaskRemoveFromEventList)
    xTaskResumeAll                           0x08007155   Thumb Code   180  tasks.o(i.xTaskResumeAll)
    xTimerCreate                             0x08007239   Thumb Code    74  timers.o(i.xTimerCreate)
    xTimerCreateTimerTask                    0x080072ad   Thumb Code    58  timers.o(i.xTimerCreateTimerTask)
    xTimerGenericCommand                     0x08007321   Thumb Code    98  timers.o(i.xTimerGenericCommand)
    _get_lc_numeric                          0x080073b1   Thumb Code    44  lc_numeric_c.o(locale$$code)
    _get_lc_ctype                            0x080073dd   Thumb Code    44  lc_ctype_c.o(locale$$code)
    __aeabi_d2f                              0x08007409   Thumb Code     0  d2f.o(x$fpl$d2f)
    _d2f                                     0x08007409   Thumb Code    98  d2f.o(x$fpl$d2f)
    __aeabi_dadd                             0x0800746d   Thumb Code     0  daddsub_clz.o(x$fpl$dadd)
    _dadd                                    0x0800746d   Thumb Code   332  daddsub_clz.o(x$fpl$dadd)
    __fpl_dcheck_NaN1                        0x080075bd   Thumb Code    10  dcheck1.o(x$fpl$dcheck1)
    __fpl_dcmp_Inf                           0x080075cd   Thumb Code    24  dcmpi.o(x$fpl$dcmpinf)
    __aeabi_cdcmpeq                          0x080075e5   Thumb Code     0  deqf.o(x$fpl$deqf)
    _dcmpeq                                  0x080075e5   Thumb Code   120  deqf.o(x$fpl$deqf)
    __aeabi_d2uiz                            0x0800765d   Thumb Code     0  dfixu.o(x$fpl$dfixu)
    _dfixu                                   0x0800765d   Thumb Code    90  dfixu.o(x$fpl$dfixu)
    __aeabi_cdcmple                          0x080076b9   Thumb Code     0  dleqf.o(x$fpl$dleqf)
    _dcmple                                  0x080076b9   Thumb Code   120  dleqf.o(x$fpl$dleqf)
    __fpl_dcmple_InfNaN                      0x0800771b   Thumb Code     0  dleqf.o(x$fpl$dleqf)
    __aeabi_dmul                             0x08007731   Thumb Code     0  dmul.o(x$fpl$dmul)
    _dmul                                    0x08007731   Thumb Code   332  dmul.o(x$fpl$dmul)
    __fpl_dnaninf                            0x08007885   Thumb Code   156  dnaninf.o(x$fpl$dnaninf)
    __fpl_dretinf                            0x08007921   Thumb Code    12  dretinf.o(x$fpl$dretinf)
    __aeabi_cdrcmple                         0x0800792d   Thumb Code     0  drleqf.o(x$fpl$drleqf)
    _drcmple                                 0x0800792d   Thumb Code   108  drleqf.o(x$fpl$drleqf)
    __aeabi_dsub                             0x08007999   Thumb Code     0  daddsub_clz.o(x$fpl$dsub)
    _dsub                                    0x08007999   Thumb Code   464  daddsub_clz.o(x$fpl$dsub)
    __aeabi_f2d                              0x08007b6d   Thumb Code     0  f2d.o(x$fpl$f2d)
    _f2d                                     0x08007b6d   Thumb Code    86  f2d.o(x$fpl$f2d)
    __fpl_fnaninf                            0x08007bc3   Thumb Code   140  fnaninf.o(x$fpl$fnaninf)
    _fp_init                                 0x08007c4f   Thumb Code    10  fpinit.o(x$fpl$fpinit)
    __fplib_config_fpu_vfp                   0x08007c57   Thumb Code     0  fpinit.o(x$fpl$fpinit)
    __fplib_config_pureend_doubles           0x08007c57   Thumb Code     0  fpinit.o(x$fpl$fpinit)
    __fpl_fretinf                            0x08007c59   Thumb Code    10  fretinf.o(x$fpl$fretinf)
    __ieee_status                            0x08007c63   Thumb Code     6  istatus.o(x$fpl$ieeestatus)
    __aeabi_d2ulz                            0x08007c69   Thumb Code     0  dfixull.o(x$fpl$llufromd)
    _ll_ufrom_d                              0x08007c69   Thumb Code   120  dfixull.o(x$fpl$llufromd)
    _printf_fp_dec                           0x08007ce1   Thumb Code     4  printf1.o(x$fpl$printf1)
    __fpl_return_NaN                         0x08007ce5   Thumb Code   100  retnan.o(x$fpl$retnan)
    __ARM_scalbn                             0x08007d49   Thumb Code    92  scalbn.o(x$fpl$scalbn)
    _scanf_real                              0x08007da5   Thumb Code     4  scanf1.o(x$fpl$scanf1)
    _scanf_hex_real                          0x08007da9   Thumb Code     4  scanf2.o(x$fpl$scanf2)
    _scanf_infnan                            0x08007dad   Thumb Code     4  scanf2.o(x$fpl$scanf2)
    __fpl_cmpreturn                          0x08007db1   Thumb Code    48  trapv.o(x$fpl$trapveneer)
    __I$use$fp                               0x08007de0   Number         0  usenofp.o(x$fpl$usenofp)
    Region$$Table$$Base                      0x08007e88   Number         0  anon$$obj.o(Region$$Table)
    Region$$Table$$Limit                     0x08007ea8   Number         0  anon$$obj.o(Region$$Table)
    __aeabi_HUGE_VAL                         0x08007ea8   Data           0  fpconst.o(c$$dinf)
    __aeabi_HUGE_VALL                        0x08007ea8   Data           0  fpconst.o(c$$dinf)
    __aeabi_INFINITY                         0x08007ea8   Data           0  fpconst.o(c$$dinf)
    __dInf                                   0x08007ea8   Data           0  fpconst.o(c$$dinf)
    __huge_val                               0x08007ea8   Data           0  fpconst.o(c$$dinf)
    __dbl_max                                0x08007eb0   Data           0  fpconst.o(c$$dmax)
    __ctype                                  0x08007ee1   Data           0  lc_ctype_c.o(locale$$data)
    StartLoop                                0x20000000   Data           1  app.o(.data)
    LoadSuccess                              0x20000001   Data           1  app.o(.data)
    m_Timer_10MS                             0x20000008   Data           8  app.o(.data)
    m_Timer_100MS                            0x20000010   Data           8  app.o(.data)
    m_Timer_1S                               0x20000018   Data           8  app.o(.data)
    current_screen_id                        0x20000028   Data           2  hmi_app.o(.data)
    W25QXX_TYPE                              0x2000002a   Data           2  w25qxx.o(.data)
    _ReadCount                               0x2000002c   Data           2  dhtxx.o(.data)
    _MaxReadCount                            0x2000002e   Data           2  dhtxx.o(.data)
    _OUT_PUT_AN                              0x20000030   Data           2  pressure.o(.data)
    GPIO_IN                                  0x20000034   Data          96  gpio.o(.data)
    GPIO_OUT                                 0x20000094   Data          96  gpio.o(.data)
    USART_RX_STA                             0x200000f8   Data           2  usart.o(.data)
    __stdout                                 0x200000fc   Data           4  usart.o(.data)
    m_Timer_Counter                          0x20000100   Data           4  timer.o(.data)
    pxCurrentTCB                             0x20000114   Data           4  tasks.o(.data)
    SystemCoreClock                          0x20000188   Data           4  system_stm32f4xx.o(.data)
    AHBPrescTable                            0x2000018c   Data          16  system_stm32f4xx.o(.data)
    m_Params_Buffer                          0x2000019c   Data         116  app_params.o(.bss)
    Sys_Params                               0x20000210   Data         112  app_params.o(.bss)
    Sys_RT_Status                            0x20000280   Data         104  app_params.o(.bss)
    cmd_buffer                               0x2000033c   Data          20  hmi_app.o(.bss)
    W25QXX_BUFFER                            0x20000350   Data        4096  w25qxx.o(.bss)
    AD_Value_Buffer                          0x20001350   Data          40  pressure.o(.bss)
    AD_Value                                 0x20001378   Data        4000  pressure.o(.bss)
    USART_RX_BUF                             0x20002318   Data         200  usart.o(.bss)
    xQueueRegistry                           0x200023e0   Data          64  queue.o(.bss)
    __libspace_start                         0x2000772c   Data          96  libspace.o(.bss)
    __temporary_stack_top$libspace           0x2000778c   Data           0  libspace.o(.bss)



==============================================================================

Memory Map of the image

  Image Entry point : 0x08000189

  Load Region LR_IROM1 (Base: 0x08000000, Size: 0x00008180, Max: 0x00100000, ABSOLUTE, COMPRESSED[0x0000804c])

    Execution Region ER_IROM1 (Exec base: 0x08000000, Load base: 0x08000000, Size: 0x00007fe4, Max: 0x00100000, ABSOLUTE)

    Exec Addr    Load Addr    Size         Type   Attr      Idx    E Section Name        Object

    0x08000000   0x08000000   0x00000188   Data   RO         1924    RESET               startup_stm32f40_41xxx.o
    0x08000188   0x08000188   0x00000008   Code   RO         5347  * !!!main             c_w.l(__main.o)
    0x08000190   0x08000190   0x00000034   Code   RO         5710    !!!scatter          c_w.l(__scatter.o)
    0x080001c4   0x080001c4   0x0000005a   Code   RO         5708    !!dczerorl2         c_w.l(__dczerorl2.o)
    0x0800021e   0x0800021e   0x00000002   PAD
    0x08000220   0x08000220   0x0000001c   Code   RO         5712    !!handler_zi        c_w.l(__scatter_zi.o)
    0x0800023c   0x0800023c   0x00000000   Code   RO         5334    .ARM.Collect$$_printf_percent$$00000000  c_w.l(_printf_percent.o)
    0x0800023c   0x0800023c   0x00000006   Code   RO         5333    .ARM.Collect$$_printf_percent$$00000003  c_w.l(_printf_f.o)
    0x08000242   0x08000242   0x00000006   Code   RO         5331    .ARM.Collect$$_printf_percent$$00000009  c_w.l(_printf_d.o)
    0x08000248   0x08000248   0x00000006   Code   RO         5330    .ARM.Collect$$_printf_percent$$00000014  c_w.l(_printf_s.o)
    0x0800024e   0x0800024e   0x00000004   Code   RO         5388    .ARM.Collect$$_printf_percent$$00000017  c_w.l(_printf_percent_end.o)
    0x08000252   0x08000252   0x00000002   Code   RO         5521    .ARM.Collect$$libinit$$00000000  c_w.l(libinit.o)
    0x08000254   0x08000254   0x00000004   Code   RO         5522    .ARM.Collect$$libinit$$00000001  c_w.l(libinit2.o)
    0x08000258   0x08000258   0x00000000   Code   RO         5525    .ARM.Collect$$libinit$$00000004  c_w.l(libinit2.o)
    0x08000258   0x08000258   0x00000000   Code   RO         5528    .ARM.Collect$$libinit$$0000000A  c_w.l(libinit2.o)
    0x08000258   0x08000258   0x00000000   Code   RO         5530    .ARM.Collect$$libinit$$0000000C  c_w.l(libinit2.o)
    0x08000258   0x08000258   0x00000000   Code   RO         5532    .ARM.Collect$$libinit$$0000000E  c_w.l(libinit2.o)
    0x08000258   0x08000258   0x00000006   Code   RO         5533    .ARM.Collect$$libinit$$0000000F  c_w.l(libinit2.o)
    0x0800025e   0x0800025e   0x00000000   Code   RO         5535    .ARM.Collect$$libinit$$00000011  c_w.l(libinit2.o)
    0x0800025e   0x0800025e   0x0000000c   Code   RO         5536    .ARM.Collect$$libinit$$00000012  c_w.l(libinit2.o)
    0x0800026a   0x0800026a   0x00000000   Code   RO         5537    .ARM.Collect$$libinit$$00000013  c_w.l(libinit2.o)
    0x0800026a   0x0800026a   0x00000000   Code   RO         5539    .ARM.Collect$$libinit$$00000015  c_w.l(libinit2.o)
    0x0800026a   0x0800026a   0x0000000a   Code   RO         5540    .ARM.Collect$$libinit$$00000016  c_w.l(libinit2.o)
    0x08000274   0x08000274   0x00000000   Code   RO         5541    .ARM.Collect$$libinit$$00000017  c_w.l(libinit2.o)
    0x08000274   0x08000274   0x00000000   Code   RO         5543    .ARM.Collect$$libinit$$00000019  c_w.l(libinit2.o)
    0x08000274   0x08000274   0x00000000   Code   RO         5545    .ARM.Collect$$libinit$$0000001B  c_w.l(libinit2.o)
    0x08000274   0x08000274   0x00000000   Code   RO         5547    .ARM.Collect$$libinit$$0000001D  c_w.l(libinit2.o)
    0x08000274   0x08000274   0x00000000   Code   RO         5549    .ARM.Collect$$libinit$$0000001F  c_w.l(libinit2.o)
    0x08000274   0x08000274   0x00000000   Code   RO         5551    .ARM.Collect$$libinit$$00000021  c_w.l(libinit2.o)
    0x08000274   0x08000274   0x00000000   Code   RO         5553    .ARM.Collect$$libinit$$00000023  c_w.l(libinit2.o)
    0x08000274   0x08000274   0x00000000   Code   RO         5555    .ARM.Collect$$libinit$$00000025  c_w.l(libinit2.o)
    0x08000274   0x08000274   0x00000000   Code   RO         5559    .ARM.Collect$$libinit$$0000002C  c_w.l(libinit2.o)
    0x08000274   0x08000274   0x00000000   Code   RO         5561    .ARM.Collect$$libinit$$0000002E  c_w.l(libinit2.o)
    0x08000274   0x08000274   0x00000000   Code   RO         5563    .ARM.Collect$$libinit$$00000030  c_w.l(libinit2.o)
    0x08000274   0x08000274   0x00000000   Code   RO         5565    .ARM.Collect$$libinit$$00000032  c_w.l(libinit2.o)
    0x08000274   0x08000274   0x00000002   Code   RO         5566    .ARM.Collect$$libinit$$00000033  c_w.l(libinit2.o)
    0x08000276   0x08000276   0x00000002   Code   RO         5648    .ARM.Collect$$libshutdown$$00000000  c_w.l(libshutdown.o)
    0x08000278   0x08000278   0x00000000   Code   RO         5663    .ARM.Collect$$libshutdown$$00000002  c_w.l(libshutdown2.o)
    0x08000278   0x08000278   0x00000000   Code   RO         5665    .ARM.Collect$$libshutdown$$00000004  c_w.l(libshutdown2.o)
    0x08000278   0x08000278   0x00000000   Code   RO         5668    .ARM.Collect$$libshutdown$$00000007  c_w.l(libshutdown2.o)
    0x08000278   0x08000278   0x00000000   Code   RO         5671    .ARM.Collect$$libshutdown$$0000000A  c_w.l(libshutdown2.o)
    0x08000278   0x08000278   0x00000000   Code   RO         5673    .ARM.Collect$$libshutdown$$0000000C  c_w.l(libshutdown2.o)
    0x08000278   0x08000278   0x00000000   Code   RO         5676    .ARM.Collect$$libshutdown$$0000000F  c_w.l(libshutdown2.o)
    0x08000278   0x08000278   0x00000002   Code   RO         5677    .ARM.Collect$$libshutdown$$00000010  c_w.l(libshutdown2.o)
    0x0800027a   0x0800027a   0x00000000   Code   RO         5375    .ARM.Collect$$rtentry$$00000000  c_w.l(__rtentry.o)
    0x0800027a   0x0800027a   0x00000000   Code   RO         5409    .ARM.Collect$$rtentry$$00000002  c_w.l(__rtentry2.o)
    0x0800027a   0x0800027a   0x00000006   Code   RO         5421    .ARM.Collect$$rtentry$$00000004  c_w.l(__rtentry4.o)
    0x08000280   0x08000280   0x00000000   Code   RO         5411    .ARM.Collect$$rtentry$$00000009  c_w.l(__rtentry2.o)
    0x08000280   0x08000280   0x00000004   Code   RO         5412    .ARM.Collect$$rtentry$$0000000A  c_w.l(__rtentry2.o)
    0x08000284   0x08000284   0x00000000   Code   RO         5414    .ARM.Collect$$rtentry$$0000000C  c_w.l(__rtentry2.o)
    0x08000284   0x08000284   0x00000008   Code   RO         5415    .ARM.Collect$$rtentry$$0000000D  c_w.l(__rtentry2.o)
    0x0800028c   0x0800028c   0x00000002   Code   RO         5577    .ARM.Collect$$rtexit$$00000000  c_w.l(rtexit.o)
    0x0800028e   0x0800028e   0x00000000   Code   RO         5611    .ARM.Collect$$rtexit$$00000002  c_w.l(rtexit2.o)
    0x0800028e   0x0800028e   0x00000004   Code   RO         5612    .ARM.Collect$$rtexit$$00000003  c_w.l(rtexit2.o)
    0x08000292   0x08000292   0x00000006   Code   RO         5613    .ARM.Collect$$rtexit$$00000004  c_w.l(rtexit2.o)
    0x08000298   0x08000298   0x000000b6   Code   RO         5061    .emb_text           port.o
    0x0800034e   0x0800034e   0x00000002   PAD
    0x08000350   0x08000350   0x00000040   Code   RO         1925    .text               startup_stm32f40_41xxx.o
    0x08000390   0x08000390   0x00000002   Code   RO         5293    .text               c_w.l(use_no_semi_2.o)
    0x08000392   0x08000392   0x00000002   PAD
    0x08000394   0x08000394   0x00000018   Code   RO         5299    .text               c_w.l(noretval__2printf.o)
    0x080003ac   0x080003ac   0x00000028   Code   RO         5301    .text               c_w.l(noretval__2sprintf.o)
    0x080003d4   0x080003d4   0x00000052   Code   RO         5305    .text               c_w.l(_printf_str.o)
    0x08000426   0x08000426   0x00000002   PAD
    0x08000428   0x08000428   0x00000078   Code   RO         5307    .text               c_w.l(_printf_dec.o)
    0x080004a0   0x080004a0   0x00000188   Code   RO         5326    .text               c_w.l(__printf_flags_ss_wp.o)
    0x08000628   0x08000628   0x0000003c   Code   RO         5335    .text               c_w.l(__0sscanf.o)
    0x08000664   0x08000664   0x0000008a   Code   RO         5341    .text               c_w.l(rt_memcpy_v6.o)
    0x080006ee   0x080006ee   0x00000010   Code   RO         5343    .text               c_w.l(aeabi_memset.o)
    0x080006fe   0x080006fe   0x00000006   Code   RO         5345    .text               c_w.l(heapauxi.o)
    0x08000704   0x08000704   0x00000002   Code   RO         5373    .text               c_w.l(use_no_semi.o)
    0x08000706   0x08000706   0x000000b2   Code   RO         5376    .text               c_w.l(_printf_intcommon.o)
    0x080007b8   0x080007b8   0x0000041e   Code   RO         5378    .text               c_w.l(_printf_fp_dec.o)
    0x08000bd6   0x08000bd6   0x00000002   PAD
    0x08000bd8   0x08000bd8   0x00000030   Code   RO         5380    .text               c_w.l(_printf_char_common.o)
    0x08000c08   0x08000c08   0x0000000a   Code   RO         5382    .text               c_w.l(_sputc.o)
    0x08000c12   0x08000c12   0x0000002c   Code   RO         5384    .text               c_w.l(_printf_char.o)
    0x08000c3e   0x08000c3e   0x00000002   PAD
    0x08000c40   0x08000c40   0x00000024   Code   RO         5386    .text               c_w.l(_printf_char_file.o)
    0x08000c64   0x08000c64   0x000004f8   Code   RO         5389    .text               c_w.l(scanf_fp.o)
    0x0800115c   0x0800115c   0x0000002c   Code   RO         5391    .text               c_w.l(scanf_char.o)
    0x08001188   0x08001188   0x00000040   Code   RO         5393    .text               c_w.l(_sgetc.o)
    0x080011c8   0x080011c8   0x00000064   Code   RO         5395    .text               c_w.l(rt_memcpy_w.o)
    0x0800122c   0x0800122c   0x00000044   Code   RO         5397    .text               c_w.l(rt_memclr.o)
    0x08001270   0x08001270   0x00000008   Code   RO         5426    .text               c_w.l(rt_locale_intlibspace.o)
    0x08001278   0x08001278   0x00000008   Code   RO         5431    .text               c_w.l(rt_errno_addr_intlibspace.o)
    0x08001280   0x08001280   0x0000008a   Code   RO         5433    .text               c_w.l(lludiv10.o)
    0x0800130a   0x0800130a   0x00000012   Code   RO         5435    .text               c_w.l(isspace.o)
    0x0800131c   0x0800131c   0x00000080   Code   RO         5437    .text               c_w.l(_printf_fp_infnan.o)
    0x0800139c   0x0800139c   0x00000374   Code   RO         5441    .text               c_w.l(_scanf.o)
    0x08001710   0x08001710   0x000000e4   Code   RO         5443    .text               c_w.l(bigflt0.o)
    0x080017f4   0x080017f4   0x00000008   Code   RO         5468    .text               c_w.l(ferror.o)
    0x080017fc   0x080017fc   0x0000004e   Code   RO         5475    .text               c_w.l(rt_memclr_w.o)
    0x0800184a   0x0800184a   0x00000002   PAD
    0x0800184c   0x0800184c   0x00000008   Code   RO         5499    .text               c_w.l(libspace.o)
    0x08001854   0x08001854   0x0000004a   Code   RO         5502    .text               c_w.l(sys_stackheap_outer.o)
    0x0800189e   0x0800189e   0x00000002   PAD
    0x080018a0   0x080018a0   0x00000010   Code   RO         5504    .text               c_w.l(rt_ctype_table.o)
    0x080018b0   0x080018b0   0x00000016   Code   RO         5506    .text               c_w.l(_rserrno.o)
    0x080018c6   0x080018c6   0x00000002   PAD
    0x080018c8   0x080018c8   0x00000320   Code   RO         5508    .text               c_w.l(scanf_hexfp.o)
    0x08001be8   0x08001be8   0x00000134   Code   RO         5510    .text               c_w.l(scanf_infnan.o)
    0x08001d1c   0x08001d1c   0x00000012   Code   RO         5512    .text               c_w.l(exit.o)
    0x08001d2e   0x08001d2e   0x00000002   PAD
    0x08001d30   0x08001d30   0x00000080   Code   RO         5514    .text               c_w.l(strcmpv7m.o)
    0x08001db0   0x08001db0   0x00000026   Code   RO         5579    .text               c_w.l(llshl.o)
    0x08001dd6   0x08001dd6   0x0000001c   Code   RO         5581    .text               c_w.l(_chval.o)
    0x08001df2   0x08001df2   0x0000003e   Code   RO         5446    CL$$btod_d2e        c_w.l(btod.o)
    0x08001e30   0x08001e30   0x00000046   Code   RO         5448    CL$$btod_d2e_denorm_low  c_w.l(btod.o)
    0x08001e76   0x08001e76   0x00000060   Code   RO         5447    CL$$btod_d2e_norm_op1  c_w.l(btod.o)
    0x08001ed6   0x08001ed6   0x00000338   Code   RO         5456    CL$$btod_div_common  c_w.l(btod.o)
    0x0800220e   0x0800220e   0x00000002   PAD
    0x08002210   0x08002210   0x00000084   Code   RO         5454    CL$$btod_e2d        c_w.l(btod.o)
    0x08002294   0x08002294   0x000000dc   Code   RO         5453    CL$$btod_e2e        c_w.l(btod.o)
    0x08002370   0x08002370   0x0000002a   Code   RO         5450    CL$$btod_ediv       c_w.l(btod.o)
    0x0800239a   0x0800239a   0x0000002a   Code   RO         5452    CL$$btod_edivd      c_w.l(btod.o)
    0x080023c4   0x080023c4   0x0000002a   Code   RO         5449    CL$$btod_emul       c_w.l(btod.o)
    0x080023ee   0x080023ee   0x0000002a   Code   RO         5451    CL$$btod_emuld      c_w.l(btod.o)
    0x08002418   0x08002418   0x00000244   Code   RO         5455    CL$$btod_mult_common  c_w.l(btod.o)
    0x0800265c   0x0800265c   0x00000014   Code   RO         3045    i.ADC_Cmd           stm32f4xx_adc.o
    0x08002670   0x08002670   0x0000002c   Code   RO         3046    i.ADC_CommonInit    stm32f4xx_adc.o
    0x0800269c   0x0800269c   0x000000ec   Code   RO         1652    i.ADC_Configuration  pressure.o
    0x08002788   0x08002788   0x00000014   Code   RO         3049    i.ADC_DMACmd        stm32f4xx_adc.o
    0x0800279c   0x0800279c   0x00000014   Code   RO         3050    i.ADC_DMARequestAfterLastTransferCmd  stm32f4xx_adc.o
    0x080027b0   0x080027b0   0x0000004c   Code   RO         3065    i.ADC_Init          stm32f4xx_adc.o
    0x080027fc   0x080027fc   0x00000074   Code   RO         3070    i.ADC_RegularChannelConfig  stm32f4xx_adc.o
    0x08002870   0x08002870   0x0000000a   Code   RO         3072    i.ADC_SoftwareStartConv  stm32f4xx_adc.o
    0x0800287a   0x0800287a   0x00000026   Code   RO         1424    i.AT24CXX_Check     24cxx.o
    0x080028a0   0x080028a0   0x0000000e   Code   RO         1425    i.AT24CXX_Init      24cxx.o
    0x080028ae   0x080028ae   0x00000040   Code   RO         1428    i.AT24CXX_ReadOneByte  24cxx.o
    0x080028ee   0x080028ee   0x0000003c   Code   RO         1431    i.AT24CXX_WriteOneByte  24cxx.o
    0x0800292a   0x0800292a   0x00000054   Code   RO          646    i.AnimationPlayFrame  hmi_driver.o
    0x0800297e   0x0800297e   0x00000002   PAD
    0x08002980   0x08002980   0x00000014   Code   RO          300    i.AppObjCreate      app.o
    0x08002994   0x08002994   0x00000118   Code   RO          301    i.AppTaskCreate     app.o
    0x08002aac   0x08002aac   0x00000002   Code   RO         1264    i.BELL_Init         bell.o
    0x08002aae   0x08002aae   0x00000002   Code   RO         1265    i.BELL_Work         bell.o
    0x08002ab0   0x08002ab0   0x00000044   Code   RO          280    i.BSP_Init          bsp.o
    0x08002af4   0x08002af4   0x00000002   Code   RO         5203    i.BusFault_Handler  stm32f4xx_it.o
    0x08002af6   0x08002af6   0x00000002   PAD
    0x08002af8   0x08002af8   0x0000004c   Code   RO          393    i.Byte_to_Float     app_params.o
    0x08002b44   0x08002b44   0x00000014   Code   RO          394    i.Byte_to_int       app_params.o
    0x08002b58   0x08002b58   0x00000032   Code   RO          662    i.Clearscreen       hmi_driver.o
    0x08002b8a   0x08002b8a   0x00000002   PAD
    0x08002b8c   0x08002b8c   0x00000018   Code   RO         3283    i.DAC_Cmd           stm32f4xx_dac.o
    0x08002ba4   0x08002ba4   0x00000054   Code   RO         1653    i.DAC_Configuration  pressure.o
    0x08002bf8   0x08002bf8   0x00000028   Code   RO         3291    i.DAC_Init          stm32f4xx_dac.o
    0x08002c20   0x08002c20   0x00000014   Code   RO         3292    i.DAC_SetChannel1Data  stm32f4xx_dac.o
    0x08002c34   0x08002c34   0x00000064   Code   RO         1599    i.DHTxx_Check       dhtxx.o
    0x08002c98   0x08002c98   0x0000003c   Code   RO         1600    i.DHTxx_Init        dhtxx.o
    0x08002cd4   0x08002cd4   0x0000005c   Code   RO         1601    i.DHTxx_Read_Bit    dhtxx.o
    0x08002d30   0x08002d30   0x0000001a   Code   RO         1602    i.DHTxx_Read_Byte   dhtxx.o
    0x08002d4a   0x08002d4a   0x00000002   PAD
    0x08002d4c   0x08002d4c   0x0000009c   Code   RO         1603    i.DHTxx_Read_Data   dhtxx.o
    0x08002de8   0x08002de8   0x0000003c   Code   RO         1604    i.DHTxx_Rst         dhtxx.o
    0x08002e24   0x08002e24   0x0000002c   Code   RO         1654    i.DMA2_Stream0_IRQHandler  pressure.o
    0x08002e50   0x08002e50   0x0000002c   Code   RO         3502    i.DMA_ClearITPendingBit  stm32f4xx_dma.o
    0x08002e7c   0x08002e7c   0x00000014   Code   RO         3503    i.DMA_Cmd           stm32f4xx_dma.o
    0x08002e90   0x08002e90   0x00000054   Code   RO         3513    i.DMA_GetITStatus   stm32f4xx_dma.o
    0x08002ee4   0x08002ee4   0x0000002c   Code   RO         3514    i.DMA_ITConfig      stm32f4xx_dma.o
    0x08002f10   0x08002f10   0x00000054   Code   RO         3515    i.DMA_Init          stm32f4xx_dma.o
    0x08002f64   0x08002f64   0x00000002   Code   RO         5204    i.DebugMon_Handler  stm32f4xx_it.o
    0x08002f66   0x08002f66   0x00000002   PAD
    0x08002f68   0x08002f68   0x00000040   Code   RO         1486    i.EEP_I2C_Ack       eep_i2c.o
    0x08002fa8   0x08002fa8   0x00000044   Code   RO         1487    i.EEP_I2C_Init      eep_i2c.o
    0x08002fec   0x08002fec   0x00000040   Code   RO         1488    i.EEP_I2C_NAck      eep_i2c.o
    0x0800302c   0x0800302c   0x0000006c   Code   RO         1489    i.EEP_I2C_Read_Byte  eep_i2c.o
    0x08003098   0x08003098   0x0000002c   Code   RO         1490    i.EEP_I2C_SDA_IN    eep_i2c.o
    0x080030c4   0x080030c4   0x0000002c   Code   RO         1491    i.EEP_I2C_SDA_OUT   eep_i2c.o
    0x080030f0   0x080030f0   0x00000070   Code   RO         1492    i.EEP_I2C_Send_Byte  eep_i2c.o
    0x08003160   0x08003160   0x0000005c   Code   RO         1493    i.EEP_I2C_Start     eep_i2c.o
    0x080031bc   0x080031bc   0x00000040   Code   RO         1494    i.EEP_I2C_Stop      eep_i2c.o
    0x080031fc   0x080031fc   0x00000060   Code   RO         1495    i.EEP_I2C_Wait_Ack  eep_i2c.o
    0x0800325c   0x0800325c   0x00000078   Code   RO         1655    i.Enable_PressureSensor_Auto_Detect  pressure.o
    0x080032d4   0x080032d4   0x000000bc   Code   RO         1564    i.FLASH_SPIx_Init   flash_spi.o
    0x08003390   0x08003390   0x00000034   Code   RO         1565    i.FLASH_SPIx_ReadWriteByte  flash_spi.o
    0x080033c4   0x080033c4   0x0000001c   Code   RO         1566    i.FLASH_SPIx_SetSpeed  flash_spi.o
    0x080033e0   0x080033e0   0x0000002a   Code   RO          395    i.Float_to_Byte     app_params.o
    0x0800340a   0x0800340a   0x00000002   PAD
    0x0800340c   0x0800340c   0x0000005c   Code   RO         1718    i.GOIO_IN_Init      gpio.o
    0x08003468   0x08003468   0x0000000e   Code   RO         1719    i.GOIO_Init         gpio.o
    0x08003476   0x08003476   0x00000002   PAD
    0x08003478   0x08003478   0x00000074   Code   RO         1720    i.GOIO_OUT_Init     gpio.o
    0x080034ec   0x080034ec   0x00000078   Code   RO         1976    i.GPIO_Init         stm32f4xx_gpio.o
    0x08003564   0x08003564   0x00000020   Code   RO         1977    i.GPIO_PinAFConfig  stm32f4xx_gpio.o
    0x08003584   0x08003584   0x0000000e   Code   RO         1980    i.GPIO_ReadInputDataBit  stm32f4xx_gpio.o
    0x08003592   0x08003592   0x00000004   Code   RO         1983    i.GPIO_ResetBits    stm32f4xx_gpio.o
    0x08003596   0x08003596   0x00000004   Code   RO         1984    i.GPIO_SetBits      stm32f4xx_gpio.o
    0x0800359a   0x0800359a   0x00000002   PAD
    0x0800359c   0x0800359c   0x0000002c   Code   RO         1232    i.HMI_SendSingleChar  hmi_usart.o
    0x080035c8   0x080035c8   0x000000b8   Code   RO         1233    i.HMI_USART_Init    hmi_usart.o
    0x08003680   0x08003680   0x00000002   Code   RO         5205    i.HardFault_Handler  stm32f4xx_it.o
    0x08003682   0x08003682   0x00000014   Code   RO          396    i.Int_to_Byte       app_params.o
    0x08003696   0x08003696   0x00000002   Code   RO         1290    i.LED_Init          led.o
    0x08003698   0x08003698   0x00000002   Code   RO         1291    i.LED_Work          led.o
    0x0800369a   0x0800369a   0x00000002   PAD
    0x0800369c   0x0800369c   0x00000174   Code   RO          397    i.LoadSystemParams  app_params.o
    0x08003810   0x08003810   0x00000002   Code   RO         5206    i.MemManage_Handler  stm32f4xx_it.o
    0x08003812   0x08003812   0x00000002   Code   RO         5207    i.NMI_Handler       stm32f4xx_it.o
    0x08003814   0x08003814   0x00000064   Code   RO         1931    i.NVIC_Init         misc.o
    0x08003878   0x08003878   0x00000014   Code   RO         1932    i.NVIC_PriorityGroupConfig  misc.o
    0x0800388c   0x0800388c   0x000003b8   Code   RO          497    i.NotifyButton      hmi_app.o
    0x08003c44   0x08003c44   0x0000012c   Code   RO          503    i.NotifyScreen      hmi_app.o
    0x08003d70   0x08003d70   0x000000c4   Code   RO          506    i.NotifyText        hmi_app.o
    0x08003e34   0x08003e34   0x0000000e   Code   RO         1656    i.PressureSensor_Init  pressure.o
    0x08003e42   0x08003e42   0x00000052   Code   RO          510    i.ProcessMessage    hmi_app.o
    0x08003e94   0x08003e94   0x00000018   Code   RO         2073    i.RCC_AHB1PeriphClockCmd  stm32f4xx_rcc.o
    0x08003eac   0x08003eac   0x00000018   Code   RO         2082    i.RCC_APB1PeriphClockCmd  stm32f4xx_rcc.o
    0x08003ec4   0x08003ec4   0x00000018   Code   RO         2084    i.RCC_APB1PeriphResetCmd  stm32f4xx_rcc.o
    0x08003edc   0x08003edc   0x00000018   Code   RO         2085    i.RCC_APB2PeriphClockCmd  stm32f4xx_rcc.o
    0x08003ef4   0x08003ef4   0x00000018   Code   RO         2087    i.RCC_APB2PeriphResetCmd  stm32f4xx_rcc.o
    0x08003f0c   0x08003f0c   0x00000090   Code   RO         2094    i.RCC_GetClocksFreq  stm32f4xx_rcc.o
    0x08003f9c   0x08003f9c   0x00000048   Code   RO         1721    i.Refresh_GPIO_Value  gpio.o
    0x08003fe4   0x08003fe4   0x0000008c   Code   RO          398    i.ResetAllParams    app_params.o
    0x08004070   0x08004070   0x00000014   Code   RO         2881    i.SPI_Cmd           stm32f4xx_spi.o
    0x08004084   0x08004084   0x0000000e   Code   RO         2889    i.SPI_I2S_GetFlagStatus  stm32f4xx_spi.o
    0x08004092   0x08004092   0x00000004   Code   RO         2892    i.SPI_I2S_ReceiveData  stm32f4xx_spi.o
    0x08004096   0x08004096   0x00000004   Code   RO         2893    i.SPI_I2S_SendData  stm32f4xx_spi.o
    0x0800409a   0x0800409a   0x00000038   Code   RO         2894    i.SPI_Init          stm32f4xx_spi.o
    0x080040d2   0x080040d2   0x00000002   PAD
    0x080040d4   0x080040d4   0x00000188   Code   RO          399    i.SaveSystemParams  app_params.o
    0x0800425c   0x0800425c   0x00000014   Code   RO          704    i.SendStrings       hmi_driver.o
    0x08004270   0x08004270   0x00000054   Code   RO          707    i.SetButtonValue    hmi_driver.o
    0x080042c4   0x080042c4   0x00000054   Code   RO          711    i.SetControlEnable  hmi_driver.o
    0x08004318   0x08004318   0x00000054   Code   RO          714    i.SetControlVisiable  hmi_driver.o
    0x0800436c   0x0800436c   0x0000002c   Code   RO         1657    i.SetPressureSensorTargetValue  pressure.o
    0x08004398   0x08004398   0x0000003e   Code   RO          722    i.SetScreen         hmi_driver.o
    0x080043d6   0x080043d6   0x00000002   PAD
    0x080043d8   0x080043d8   0x000000b4   Code   RO         5256    i.SetSysClock       system_stm32f4xx.o
    0x0800448c   0x0800448c   0x00000054   Code   RO          728    i.SetTextValue      hmi_driver.o
    0x080044e0   0x080044e0   0x0000003c   Code   RO          515    i.SetTextValueFloat  hmi_app.o
    0x0800451c   0x0800451c   0x00000028   Code   RO          516    i.SetTextValueint32_t  hmi_app.o
    0x08004544   0x08004544   0x00000018   Code   RO         1935    i.SysTick_CLKSourceConfig  misc.o
    0x0800455c   0x0800455c   0x00000014   Code   RO         1762    i.SysTick_Handler   delay.o
    0x08004570   0x08004570   0x0000005c   Code   RO         5258    i.SystemInit        system_stm32f4xx.o
    0x080045cc   0x080045cc   0x00000060   Code   RO         1895    i.TIM3_IRQHandler   timer.o
    0x0800462c   0x0800462c   0x00000006   Code   RO         3638    i.TIM_ClearITPendingBit  stm32f4xx_tim.o
    0x08004632   0x08004632   0x00000014   Code   RO         3643    i.TIM_Cmd           stm32f4xx_tim.o
    0x08004646   0x08004646   0x00000018   Code   RO         3664    i.TIM_GetITStatus   stm32f4xx_tim.o
    0x0800465e   0x0800465e   0x00000010   Code   RO         3668    i.TIM_ITConfig      stm32f4xx_tim.o
    0x0800466e   0x0800466e   0x00000002   PAD
    0x08004670   0x08004670   0x0000007c   Code   RO         3715    i.TIM_TimeBaseInit  stm32f4xx_tim.o
    0x080046ec   0x080046ec   0x00000018   Code   RO          302    i.TIMx_IRQHandler_100MS  app.o
    0x08004704   0x08004704   0x000000bc   Code   RO          303    i.TIMx_IRQHandler_10MS  app.o
    0x080047c0   0x080047c0   0x00000018   Code   RO          304    i.TIMx_IRQHandler_1S  app.o
    0x080047d8   0x080047d8   0x00000068   Code   RO         1896    i.TIMx_Init         timer.o
    0x08004840   0x08004840   0x00000006   Code   RO          517    i.UI_Init           hmi_app.o
    0x08004846   0x08004846   0x00000002   PAD
    0x08004848   0x08004848   0x00000064   Code   RO         1839    i.USART1_IRQHandler  usart.o
    0x080048ac   0x080048ac   0x00000070   Code   RO         1234    i.USART3_IRQHandler  hmi_usart.o
    0x0800491c   0x0800491c   0x00000006   Code   RO         2463    i.USART_ClearFlag   stm32f4xx_usart.o
    0x08004922   0x08004922   0x0000000c   Code   RO         2464    i.USART_ClearITPendingBit  stm32f4xx_usart.o
    0x0800492e   0x0800492e   0x00000014   Code   RO         2467    i.USART_Cmd         stm32f4xx_usart.o
    0x08004942   0x08004942   0x00000002   PAD
    0x08004944   0x08004944   0x000000ac   Code   RO         2469    i.USART_DeInit      stm32f4xx_usart.o
    0x080049f0   0x080049f0   0x0000000e   Code   RO         2470    i.USART_GetFlagStatus  stm32f4xx_usart.o
    0x080049fe   0x080049fe   0x0000003e   Code   RO         2471    i.USART_GetITStatus  stm32f4xx_usart.o
    0x08004a3c   0x08004a3c   0x00000030   Code   RO         2473    i.USART_ITConfig    stm32f4xx_usart.o
    0x08004a6c   0x08004a6c   0x000000ac   Code   RO         2474    i.USART_Init        stm32f4xx_usart.o
    0x08004b18   0x08004b18   0x00000008   Code   RO         2481    i.USART_ReceiveData  stm32f4xx_usart.o
    0x08004b20   0x08004b20   0x00000008   Code   RO         2484    i.USART_SendData    stm32f4xx_usart.o
    0x08004b28   0x08004b28   0x00000134   Code   RO          518    i.UpdateUI          hmi_app.o
    0x08004c5c   0x08004c5c   0x00000002   Code   RO         5208    i.UsageFault_Handler  stm32f4xx_it.o
    0x08004c5e   0x08004c5e   0x00000002   PAD
    0x08004c60   0x08004c60   0x0000004c   Code   RO         1317    i.W25QXX_Erase_Sector  w25qxx.o
    0x08004cac   0x08004cac   0x00000054   Code   RO         1318    i.W25QXX_Init       w25qxx.o
    0x08004d00   0x08004d00   0x0000005c   Code   RO         1320    i.W25QXX_Read       w25qxx.o
    0x08004d5c   0x08004d5c   0x00000054   Code   RO         1321    i.W25QXX_ReadID     w25qxx.o
    0x08004db0   0x08004db0   0x00000030   Code   RO         1322    i.W25QXX_ReadSR     w25qxx.o
    0x08004de0   0x08004de0   0x0000000c   Code   RO         1324    i.W25QXX_Wait_Busy  w25qxx.o
    0x08004dec   0x08004dec   0x0000009c   Code   RO         1325    i.W25QXX_Write      w25qxx.o
    0x08004e88   0x08004e88   0x00000028   Code   RO         1327    i.W25QXX_Write_Enable  w25qxx.o
    0x08004eb0   0x08004eb0   0x0000003e   Code   RO         1328    i.W25QXX_Write_NoCheck  w25qxx.o
    0x08004eee   0x08004eee   0x00000002   PAD
    0x08004ef0   0x08004ef0   0x00000060   Code   RO         1329    i.W25QXX_Write_Page  w25qxx.o
    0x08004f50   0x08004f50   0x00000030   Code   RO         5489    i.__ARM_fpclassify  m_wm.l(fpclassify.o)
    0x08004f80   0x08004f80   0x000000f8   Code   RO         5491    i.__hardfp___mathlib_tofloat  m_wm.l(narrow.o)
    0x08005078   0x08005078   0x000000d0   Code   RO         5594    i.__hardfp_ldexp    m_wm.l(ldexp.o)
    0x08005148   0x08005148   0x00000020   Code   RO         5627    i.__mathlib_dbl_overflow  m_wm.l(dunder.o)
    0x08005168   0x08005168   0x00000020   Code   RO         5629    i.__mathlib_dbl_underflow  m_wm.l(dunder.o)
    0x08005188   0x08005188   0x00000012   Code   RO         5492    i.__mathlib_narrow  m_wm.l(narrow.o)
    0x0800519a   0x0800519a   0x00000014   Code   RO         5596    i.__support_ldexp   m_wm.l(ldexp.o)
    0x080051ae   0x080051ae   0x0000000e   Code   RO         5319    i._is_digit         c_w.l(__printf_wp.o)
    0x080051bc   0x080051bc   0x00000002   Code   RO         1840    i._sys_exit         usart.o
    0x080051be   0x080051be   0x00000002   PAD
    0x080051c0   0x080051c0   0x00000038   Code   RO         1763    i.delay_init        delay.o
    0x080051f8   0x080051f8   0x00000038   Code   RO         1764    i.delay_ms          delay.o
    0x08005230   0x08005230   0x00000034   Code   RO         1765    i.delay_us          delay.o
    0x08005264   0x08005264   0x000000b0   Code   RO         1658    i.filter            pressure.o
    0x08005314   0x08005314   0x00000014   Code   RO         1841    i.fputc             usart.o
    0x08005328   0x08005328   0x0000008c   Code   RO         5573    i.frexp             m_wm.l(frexp.o)
    0x080053b4   0x080053b4   0x00000030   Code   RO         1659    i.getOutputPercent  pressure.o
    0x080053e4   0x080053e4   0x00000014   Code   RO            3    i.main              main.o
    0x080053f8   0x080053f8   0x00000070   Code   RO         4580    i.prvAddCurrentTaskToDelayedList  tasks.o
    0x08005468   0x08005468   0x000000d0   Code   RO         4581    i.prvAddNewTaskToReadyList  tasks.o
    0x08005538   0x08005538   0x00000050   Code   RO         4933    i.prvCheckForValidListAndQueue  timers.o
    0x08005588   0x08005588   0x00000054   Code   RO         4582    i.prvCheckTasksWaitingTermination  tasks.o
    0x080055dc   0x080055dc   0x00000026   Code   RO         4354    i.prvCopyDataFromQueue  queue.o
    0x08005602   0x08005602   0x0000006c   Code   RO         4355    i.prvCopyDataToQueue  queue.o
    0x0800566e   0x0800566e   0x00000014   Code   RO         4583    i.prvDeleteTCB      tasks.o
    0x08005682   0x08005682   0x00000002   PAD
    0x08005684   0x08005684   0x0000004c   Code   RO         5146    i.prvHeapInit       heap_4.o
    0x080056d0   0x080056d0   0x00000028   Code   RO         4584    i.prvIdleTask       tasks.o
    0x080056f8   0x080056f8   0x000000c0   Code   RO         4585    i.prvInitialiseNewTask  tasks.o
    0x080057b8   0x080057b8   0x0000004c   Code   RO         5147    i.prvInsertBlockIntoFreeList  heap_4.o
    0x08005804   0x08005804   0x00000038   Code   RO         4934    i.prvInsertTimerInActiveList  timers.o
    0x0800583c   0x0800583c   0x0000001a   Code   RO         4356    i.prvIsQueueEmpty   queue.o
    0x08005856   0x08005856   0x00000002   PAD
    0x08005858   0x08005858   0x00000090   Code   RO         4357    i.prvNotifyQueueSetContainer  queue.o
    0x080058e8   0x080058e8   0x00000060   Code   RO         4935    i.prvProcessExpiredTimer  timers.o
    0x08005948   0x08005948   0x000000f0   Code   RO         4936    i.prvProcessReceivedCommands  timers.o
    0x08005a38   0x08005a38   0x0000006c   Code   RO         4937    i.prvProcessTimerOrBlockTask  timers.o
    0x08005aa4   0x08005aa4   0x00000020   Code   RO         4587    i.prvResetNextTaskUnblockTime  tasks.o
    0x08005ac4   0x08005ac4   0x00000028   Code   RO         4938    i.prvSampleTimeNow  timers.o
    0x08005aec   0x08005aec   0x0000006c   Code   RO         4939    i.prvSwitchTimerLists  timers.o
    0x08005b58   0x08005b58   0x00000064   Code   RO         5062    i.prvTaskExitError  port.o
    0x08005bbc   0x08005bbc   0x00000028   Code   RO         4940    i.prvTimerTask      timers.o
    0x08005be4   0x08005be4   0x00000078   Code   RO         4358    i.prvUnlockQueue    queue.o
    0x08005c5c   0x08005c5c   0x00000114   Code   RO         5148    i.pvPortMalloc      heap_4.o
    0x08005d70   0x08005d70   0x00000018   Code   RO         4589    i.pvTaskIncrementMutexHeldCount  tasks.o
    0x08005d88   0x08005d88   0x0000002c   Code   RO         5063    i.pxPortInitialiseStack  port.o
    0x08005db4   0x08005db4   0x00000090   Code   RO          458    i.queue_find_cmd    cmd_queue.o
    0x08005e44   0x08005e44   0x00000028   Code   RO          459    i.queue_push        cmd_queue.o
    0x08005e6c   0x08005e6c   0x00000024   Code   RO         4309    i.uxListRemove      list.o
    0x08005e90   0x08005e90   0x00000008   Code   RO          305    i.vCustom_RS232_Task  app.o
    0x08005e98   0x08005e98   0x00000148   Code   RO          306    i.vDispensing_Task  app.o
    0x08005fe0   0x08005fe0   0x00000010   Code   RO          307    i.vGPIO_Task        app.o
    0x08005ff0   0x08005ff0   0x00000016   Code   RO          308    i.vINF_Task         app.o
    0x08006006   0x08006006   0x00000016   Code   RO         4310    i.vListInitialise   list.o
    0x0800601c   0x0800601c   0x00000006   Code   RO         4311    i.vListInitialiseItem  list.o
    0x08006022   0x08006022   0x00000030   Code   RO         4312    i.vListInsert       list.o
    0x08006052   0x08006052   0x00000018   Code   RO         4313    i.vListInsertEnd    list.o
    0x0800606a   0x0800606a   0x00000002   PAD
    0x0800606c   0x0800606c   0x00000078   Code   RO         5065    i.vPortEnterCritical  port.o
    0x080060e4   0x080060e4   0x00000064   Code   RO         5066    i.vPortExitCritical  port.o
    0x08006148   0x08006148   0x0000009c   Code   RO         5149    i.vPortFree         heap_4.o
    0x080061e4   0x080061e4   0x00000020   Code   RO         5067    i.vPortSetupTimerInterrupt  port.o
    0x08006204   0x08006204   0x0000008c   Code   RO         5068    i.vPortValidateInterruptPriority  port.o
    0x08006290   0x08006290   0x00000024   Code   RO         4364    i.vQueueAddToRegistry  queue.o
    0x080062b4   0x080062b4   0x00000044   Code   RO         4368    i.vQueueWaitForMessageRestricted  queue.o
    0x080062f8   0x080062f8   0x000000e0   Code   RO          309    i.vStatus_Task      app.o
    0x080063d8   0x080063d8   0x0000006c   Code   RO         4597    i.vTaskDelay        tasks.o
    0x08006444   0x08006444   0x0000000c   Code   RO         4603    i.vTaskMissedYield  tasks.o
    0x08006450   0x08006450   0x00000054   Code   RO         4605    i.vTaskPlaceOnEventList  tasks.o
    0x080064a4   0x080064a4   0x0000005c   Code   RO         4606    i.vTaskPlaceOnEventListRestricted  tasks.o
    0x08006500   0x08006500   0x00000084   Code   RO         4608    i.vTaskPriorityInherit  tasks.o
    0x08006584   0x08006584   0x00000048   Code   RO         4612    i.vTaskSetTimeOutState  tasks.o
    0x080065cc   0x080065cc   0x00000094   Code   RO         4613    i.vTaskStartScheduler  tasks.o
    0x08006660   0x08006660   0x00000010   Code   RO         4615    i.vTaskSuspendAll   tasks.o
    0x08006670   0x08006670   0x0000007c   Code   RO         4616    i.vTaskSwitchContext  tasks.o
    0x080066ec   0x080066ec   0x000000b4   Code   RO          310    i.vUI_Task          app.o
    0x080067a0   0x080067a0   0x00000008   Code   RO          311    i.vUSB_Task         app.o
    0x080067a8   0x080067a8   0x00000114   Code   RO         5069    i.xPortStartScheduler  port.o
    0x080068bc   0x080068bc   0x0000002c   Code   RO         5070    i.xPortSysTickHandler  port.o
    0x080068e8   0x080068e8   0x00000024   Code   RO         4371    i.xQueueCreateMutex  queue.o
    0x0800690c   0x0800690c   0x00000078   Code   RO         4373    i.xQueueGenericCreate  queue.o
    0x08006984   0x08006984   0x00000184   Code   RO         4374    i.xQueueGenericReceive  queue.o
    0x08006b08   0x08006b08   0x000000a8   Code   RO         4375    i.xQueueGenericReset  queue.o
    0x08006bb0   0x08006bb0   0x00000188   Code   RO         4376    i.xQueueGenericSend  queue.o
    0x08006d38   0x08006d38   0x000000e0   Code   RO         4377    i.xQueueGenericSendFromISR  queue.o
    0x08006e18   0x08006e18   0x00000088   Code   RO         4617    i.xTaskCheckForTimeOut  tasks.o
    0x08006ea0   0x08006ea0   0x00000056   Code   RO         4618    i.xTaskCreate       tasks.o
    0x08006ef6   0x08006ef6   0x00000002   PAD
    0x08006ef8   0x08006ef8   0x0000001c   Code   RO         4622    i.xTaskGetSchedulerState  tasks.o
    0x08006f14   0x08006f14   0x0000000c   Code   RO         4623    i.xTaskGetTickCount  tasks.o
    0x08006f20   0x08006f20   0x000000e8   Code   RO         4625    i.xTaskIncrementTick  tasks.o
    0x08007008   0x08007008   0x000000b4   Code   RO         4628    i.xTaskPriorityDisinherit  tasks.o
    0x080070bc   0x080070bc   0x00000098   Code   RO         4629    i.xTaskRemoveFromEventList  tasks.o
    0x08007154   0x08007154   0x000000e4   Code   RO         4631    i.xTaskResumeAll    tasks.o
    0x08007238   0x08007238   0x00000074   Code   RO         4943    i.xTimerCreate      timers.o
    0x080072ac   0x080072ac   0x00000074   Code   RO         4944    i.xTimerCreateTimerTask  timers.o
    0x08007320   0x08007320   0x00000090   Code   RO         4945    i.xTimerGenericCommand  timers.o
    0x080073b0   0x080073b0   0x0000002c   Code   RO         5473    locale$$code        c_w.l(lc_numeric_c.o)
    0x080073dc   0x080073dc   0x0000002c   Code   RO         5584    locale$$code        c_w.l(lc_ctype_c.o)
    0x08007408   0x08007408   0x00000062   Code   RO         5349    x$fpl$d2f           fz_wm.l(d2f.o)
    0x0800746a   0x0800746a   0x00000002   PAD
    0x0800746c   0x0800746c   0x00000150   Code   RO         5351    x$fpl$dadd          fz_wm.l(daddsub_clz.o)
    0x080075bc   0x080075bc   0x00000010   Code   RO         5649    x$fpl$dcheck1       fz_wm.l(dcheck1.o)
    0x080075cc   0x080075cc   0x00000018   Code   RO         5588    x$fpl$dcmpinf       fz_wm.l(dcmpi.o)
    0x080075e4   0x080075e4   0x00000078   Code   RO         5567    x$fpl$deqf          fz_wm.l(deqf.o)
    0x0800765c   0x0800765c   0x0000005a   Code   RO         5357    x$fpl$dfixu         fz_wm.l(dfixu.o)
    0x080076b6   0x080076b6   0x00000002   PAD
    0x080076b8   0x080076b8   0x00000078   Code   RO         5590    x$fpl$dleqf         fz_wm.l(dleqf.o)
    0x08007730   0x08007730   0x00000154   Code   RO         5365    x$fpl$dmul          fz_wm.l(dmul.o)
    0x08007884   0x08007884   0x0000009c   Code   RO         5399    x$fpl$dnaninf       fz_wm.l(dnaninf.o)
    0x08007920   0x08007920   0x0000000c   Code   RO         5401    x$fpl$dretinf       fz_wm.l(dretinf.o)
    0x0800792c   0x0800792c   0x0000006c   Code   RO         5569    x$fpl$drleqf        fz_wm.l(drleqf.o)
    0x08007998   0x08007998   0x000001d4   Code   RO         5353    x$fpl$dsub          fz_wm.l(daddsub_clz.o)
    0x08007b6c   0x08007b6c   0x00000056   Code   RO         5367    x$fpl$f2d           fz_wm.l(f2d.o)
    0x08007bc2   0x08007bc2   0x0000008c   Code   RO         5403    x$fpl$fnaninf       fz_wm.l(fnaninf.o)
    0x08007c4e   0x08007c4e   0x0000000a   Code   RO         5592    x$fpl$fpinit        fz_wm.l(fpinit.o)
    0x08007c58   0x08007c58   0x0000000a   Code   RO         5405    x$fpl$fretinf       fz_wm.l(fretinf.o)
    0x08007c62   0x08007c62   0x00000006   Code   RO         5481    x$fpl$ieeestatus    fz_wm.l(istatus.o)
    0x08007c68   0x08007c68   0x00000078   Code   RO         5361    x$fpl$llufromd      fz_wm.l(dfixull.o)
    0x08007ce0   0x08007ce0   0x00000004   Code   RO         5369    x$fpl$printf1       fz_wm.l(printf1.o)
    0x08007ce4   0x08007ce4   0x00000064   Code   RO         5678    x$fpl$retnan        fz_wm.l(retnan.o)
    0x08007d48   0x08007d48   0x0000005c   Code   RO         5621    x$fpl$scalbn        fz_wm.l(scalbn.o)
    0x08007da4   0x08007da4   0x00000004   Code   RO         5371    x$fpl$scanf1        fz_wm.l(scanf1.o)
    0x08007da8   0x08007da8   0x00000008   Code   RO         5483    x$fpl$scanf2        fz_wm.l(scanf2.o)
    0x08007db0   0x08007db0   0x00000030   Code   RO         5684    x$fpl$trapveneer    fz_wm.l(trapv.o)
    0x08007de0   0x08007de0   0x00000000   Code   RO         5407    x$fpl$usenofp       fz_wm.l(usenofp.o)
    0x08007de0   0x08007de0   0x00000011   Data   RO         5327    .constdata          c_w.l(__printf_flags_ss_wp.o)
    0x08007df1   0x08007df1   0x00000003   PAD
    0x08007df4   0x08007df4   0x00000094   Data   RO         5444    .constdata          c_w.l(bigflt0.o)
    0x08007e88   0x08007e88   0x00000020   Data   RO         5706    Region$$Table       anon$$obj.o
    0x08007ea8   0x08007ea8   0x00000008   Data   RO         5477    c$$dinf             fz_wm.l(fpconst.o)
    0x08007eb0   0x08007eb0   0x00000008   Data   RO         5480    c$$dmax             fz_wm.l(fpconst.o)
    0x08007eb8   0x08007eb8   0x0000001c   Data   RO         5472    locale$$data        c_w.l(lc_numeric_c.o)
    0x08007ed4   0x08007ed4   0x00000110   Data   RO         5583    locale$$data        c_w.l(lc_ctype_c.o)


    Execution Region RW_IRAM1 (Exec base: 0x20000000, Load base: 0x08007fe4, Size: 0x00007d90, Max: 0x00020000, ABSOLUTE, COMPRESSED[0x00000068])

    Exec Addr    Load Addr    Size         Type   Attr      Idx    E Section Name        Object

    0x20000000   COMPRESSED   0x00000020   Data   RW          313    .data               app.o
    0x20000020   COMPRESSED   0x00000008   Data   RW          462    .data               cmd_queue.o
    0x20000028   COMPRESSED   0x00000002   Data   RW          520    .data               hmi_app.o
    0x2000002a   COMPRESSED   0x00000002   Data   RW         1332    .data               w25qxx.o
    0x2000002c   COMPRESSED   0x00000004   Data   RW         1605    .data               dhtxx.o
    0x20000030   COMPRESSED   0x00000002   Data   RW         1661    .data               pressure.o
    0x20000032   COMPRESSED   0x00000002   PAD
    0x20000034   COMPRESSED   0x000000c0   Data   RW         1722    .data               gpio.o
    0x200000f4   COMPRESSED   0x00000004   Data   RW         1767    .data               delay.o
    0x200000f8   COMPRESSED   0x00000002   Data   RW         1844    .data               usart.o
    0x200000fa   COMPRESSED   0x00000002   PAD
    0x200000fc   COMPRESSED   0x00000004   Data   RW         1845    .data               usart.o
    0x20000100   COMPRESSED   0x00000004   Data   RW         1897    .data               timer.o
    0x20000104   COMPRESSED   0x00000010   Data   RW         2126    .data               stm32f4xx_rcc.o
    0x20000114   COMPRESSED   0x0000003c   Data   RW         4634    .data               tasks.o
    0x20000150   COMPRESSED   0x00000014   Data   RW         4953    .data               timers.o
    0x20000164   COMPRESSED   0x0000000c   Data   RW         5071    .data               port.o
    0x20000170   COMPRESSED   0x00000018   Data   RW         5154    .data               heap_4.o
    0x20000188   COMPRESSED   0x00000014   Data   RW         5259    .data               system_stm32f4xx.o
    0x2000019c        -       0x000000e4   Zero   RW          400    .bss                app_params.o
    0x20000280        -       0x00000068   Zero   RW          401    .bss                app_params.o
    0x200002e8        -       0x00000054   Zero   RW          461    .bss                cmd_queue.o
    0x2000033c        -       0x00000014   Zero   RW          519    .bss                hmi_app.o
    0x20000350        -       0x00001000   Zero   RW         1331    .bss                w25qxx.o
    0x20001350        -       0x00000fc8   Zero   RW         1660    .bss                pressure.o
    0x20002318        -       0x000000c8   Zero   RW         1843    .bss                usart.o
    0x200023e0        -       0x00000040   Zero   RW         4388    .bss                queue.o
    0x20002420        -       0x000002e4   Zero   RW         4633    .bss                tasks.o
    0x20002704        -       0x00000028   Zero   RW         4952    .bss                timers.o
    0x2000272c        -       0x00005000   Zero   RW         5153    .bss                heap_4.o
    0x2000772c        -       0x00000060   Zero   RW         5500    .bss                c_w.l(libspace.o)
    0x2000778c   COMPRESSED   0x00000004   PAD
    0x20007790        -       0x00000200   Zero   RW         1923    HEAP                startup_stm32f40_41xxx.o
    0x20007990        -       0x00000400   Zero   RW         1922    STACK               startup_stm32f40_41xxx.o


==============================================================================

Image component sizes


      Code (inc. data)   RO Data    RW Data    ZI Data      Debug   Object Name

       176          0          0          0          0       2868   24cxx.o
      1322        220          0         32          0      33791   app.o
      1062         46          0          0        332       7895   app_params.o
         4          0          0          0          0       1008   bell.o
        68          0          0          0          0        539   bsp.o
       184         16          0          8         84       2330   cmd_queue.o
       184         14          0          4          0       2685   delay.o
       494         36          0          4          0       4779   dhtxx.o
       756         50          0          0          0       7080   eep_i2c.o
         0          0          0          0          0       9424   event_groups.o
       268         16          0          0          0       1971   flash_spi.o
       294         14          0        192          0       5803   gpio.o
       584        138          0         24      20480       4239   heap_4.o
      1944        190          0          2         20       9235   hmi_app.o
       552          0          0          0          0       6483   hmi_driver.o
       340         20          0          0          0       2054   hmi_usart.o
         4          0          0          0          0        994   led.o
       136          0          0          0          0       3314   list.o
        20          0          0          0          0     340363   main.o
       144         14          0          0          0       2185   misc.o
      1038        382          0         12          0      11081   port.o
       766         90          0          2       4040       6234   pressure.o
      1868        236          0          0         64      14401   queue.o
        64         26        392          0       1536        864   startup_stm32f40_41xxx.o
       306         20          0          0          0       5763   stm32f4xx_adc.o
        84         14          0          0          0       2499   stm32f4xx_dac.o
       276         32          0          0          0       4630   stm32f4xx_dma.o
       174          0          0          0          0       3659   stm32f4xx_gpio.o
        12          0          0          0          0       2961   stm32f4xx_it.o
       264         42          0         16          0       6089   stm32f4xx_rcc.o
        98          0          0          0          0       3634   stm32f4xx_spi.o
       190         28          0          0          0       4877   stm32f4xx_tim.o
       522         42          0          0          0       7800   stm32f4xx_usart.o
       272         36          0         20          0       1929   system_stm32f4xx.o
      2554        618          0         60        740      29741   tasks.o
       200         12          0          4          0       1468   timer.o
      1144        260          0         20         40      10250   timers.o
       122         18          0          6        200       3668   usart.o
       750         48          0          2       4096       7603   w25qxx.o

    ----------------------------------------------------------------------
     19284       2678        424        412      31632     578191   Object Totals
         0          0         32          0          0          0   (incl. Generated)
        44          0          0          4          0          0   (incl. Padding)

    ----------------------------------------------------------------------

      Code (inc. data)   RO Data    RW Data    ZI Data      Debug   Library Member Name

        60          8          0          0          0         84   __0sscanf.o
        90          0          0          0          0          0   __dczerorl2.o
         8          0          0          0          0         68   __main.o
       392          4         17          0          0         92   __printf_flags_ss_wp.o
        14          0          0          0          0         68   __printf_wp.o
         0          0          0          0          0          0   __rtentry.o
        12          0          0          0          0          0   __rtentry2.o
         6          0          0          0          0          0   __rtentry4.o
        52          8          0          0          0          0   __scatter.o
        28          0          0          0          0          0   __scatter_zi.o
        28          0          0          0          0         68   _chval.o
        44          0          0          0          0        108   _printf_char.o
        48          6          0          0          0         96   _printf_char_common.o
        36          4          0          0          0         80   _printf_char_file.o
         6          0          0          0          0          0   _printf_d.o
       120         16          0          0          0         92   _printf_dec.o
         6          0          0          0          0          0   _printf_f.o
      1054          0          0          0          0        216   _printf_fp_dec.o
       128         16          0          0          0         84   _printf_fp_infnan.o
       178          0          0          0          0         88   _printf_intcommon.o
         0          0          0          0          0          0   _printf_percent.o
         4          0          0          0          0          0   _printf_percent_end.o
         6          0          0          0          0          0   _printf_s.o
        82          0          0          0          0         80   _printf_str.o
        22          0          0          0          0        100   _rserrno.o
       884          6          0          0          0        100   _scanf.o
        64          0          0          0          0         84   _sgetc.o
        10          0          0          0          0         68   _sputc.o
        16          0          0          0          0         68   aeabi_memset.o
       228          4        148          0          0         96   bigflt0.o
      2152        136          0          0          0        960   btod.o
        18          0          0          0          0         80   exit.o
         8          0          0          0          0         68   ferror.o
         6          0          0          0          0        152   heapauxi.o
        18          0          0          0          0         76   isspace.o
        44         10        272          0          0         76   lc_ctype_c.o
        44         10         28          0          0         76   lc_numeric_c.o
         2          0          0          0          0          0   libinit.o
        34          0          0          0          0          0   libinit2.o
         2          0          0          0          0          0   libshutdown.o
         2          0          0          0          0          0   libshutdown2.o
         8          4          0          0         96         68   libspace.o
        38          0          0          0          0         68   llshl.o
       138          0          0          0          0         80   lludiv10.o
        24          4          0          0          0         84   noretval__2printf.o
        40          6          0          0          0         84   noretval__2sprintf.o
        16          4          0          0          0         76   rt_ctype_table.o
         8          4          0          0          0         68   rt_errno_addr_intlibspace.o
         8          4          0          0          0         68   rt_locale_intlibspace.o
        68          0          0          0          0         68   rt_memclr.o
        78          0          0          0          0         80   rt_memclr_w.o
       138          0          0          0          0         68   rt_memcpy_v6.o
       100          0          0          0          0         80   rt_memcpy_w.o
         2          0          0          0          0          0   rtexit.o
        10          0          0          0          0          0   rtexit2.o
        44          8          0          0          0         84   scanf_char.o
      1272         16          0          0          0        168   scanf_fp.o
       800         14          0          0          0        100   scanf_hexfp.o
       308         16          0          0          0        100   scanf_infnan.o
       128          0          0          0          0         68   strcmpv7m.o
        74          0          0          0          0         80   sys_stackheap_outer.o
         2          0          0          0          0         68   use_no_semi.o
         2          0          0          0          0         68   use_no_semi_2.o
        98          4          0          0          0        140   d2f.o
       804         16          0          0          0        368   daddsub_clz.o
        16          4          0          0          0        116   dcheck1.o
        24          0          0          0          0        116   dcmpi.o
       120          4          0          0          0        140   deqf.o
        90          4          0          0          0        140   dfixu.o
       120          4          0          0          0        152   dfixull.o
       120          4          0          0          0        140   dleqf.o
       340         12          0          0          0        152   dmul.o
       156          4          0          0          0        140   dnaninf.o
        12          0          0          0          0        116   dretinf.o
       108          0          0          0          0        128   drleqf.o
        86          4          0          0          0        132   f2d.o
       140          4          0          0          0        132   fnaninf.o
         0          0         16          0          0          0   fpconst.o
        10          0          0          0          0        116   fpinit.o
        10          0          0          0          0        116   fretinf.o
         6          0          0          0          0        116   istatus.o
         4          0          0          0          0        116   printf1.o
       100          0          0          0          0        116   retnan.o
        92          0          0          0          0        116   scalbn.o
         4          0          0          0          0        116   scanf1.o
         8          0          0          0          0        132   scanf2.o
        48          0          0          0          0        116   trapv.o
         0          0          0          0          0          0   usenofp.o
        64         16          0          0          0        248   dunder.o
        48          0          0          0          0        124   fpclassify.o
       140         22          0          0          0        132   frexp.o
       228          8          0          0          0        308   ldexp.o
       266         16          0          0          0        308   narrow.o

    ----------------------------------------------------------------------
     12548        436        484          0        100       9148   Library Totals
        24          2          3          0          4          0   (incl. Padding)

    ----------------------------------------------------------------------

      Code (inc. data)   RO Data    RW Data    ZI Data      Debug   Library Name

      9262        308        465          0         96       4856   c_w.l
      2516         64         16          0          0       3172   fz_wm.l
       746         62          0          0          0       1120   m_wm.l

    ----------------------------------------------------------------------
     12548        436        484          0        100       9148   Library Totals

    ----------------------------------------------------------------------

==============================================================================


      Code (inc. data)   RO Data    RW Data    ZI Data      Debug   

     31832       3114        908        412      31732     560083   Grand Totals
     31832       3114        908        104      31732     560083   ELF Image Totals (compressed)
     31832       3114        908        104          0          0   ROM Totals

==============================================================================

    Total RO  Size (Code + RO Data)                32740 (  31.97kB)
    Total RW  Size (RW Data + ZI Data)             32144 (  31.39kB)
    Total ROM Size (Code + RO Data + RW Data)      32844 (  32.07kB)

==============================================================================

