<html>
<body>
<pre>
<h1>礦ision Build Log</h1>
<h2>Tool Versions:</h2>
IDE-Version: μVision V5.34.0.0
Copyright (C) 2021 ARM Ltd and ARM Germany GmbH. All rights reserved.
License Information: yu cuixiaogang, cc, LIC=P6F5U-SDA6P-RF9IZ-JJSJ1-L42U7-M4SRM
 
Tool Versions:
Toolchain:       MDK-ARM Professional  Version: 5.34.0.0
Toolchain Path:  C:\Keil_v5\ARM\ARMCC\Bin
C Compiler:      Armcc.exe V5.06 update 7 (build 960)
Assembler:       Armasm.exe V5.06 update 7 (build 960)
Linker/Locator:  ArmLink.exe V5.06 update 7 (build 960)
Library Manager: ArmAr.exe V5.06 update 7 (build 960)
Hex Converter:   FromElf.exe V5.06 update 7 (build 960)
CPU DLL:         SARMCM3.DLL V5.34.0.0
Dialog DLL:      DCM.DLL V1.17.3.0
Target DLL:      STLink\ST-LINKIII-KEIL_SWO.dll V3.0.8.0
Dialog DLL:      TCM.DLL V1.48.0.0
 
<h2>Project:</h2>
D:\JOB\sd\SD30\USER\syringe.uvprojx
Project File Date:  01/30/2024

<h2>Output:</h2>
*** Using Compiler 'V5.06 update 7 (build 960)', folder: 'C:\Keil_v5\ARM\ARMCC\Bin'
Rebuild target 'syringe'
Note: source file '..\LWIP\lwip-1.4.1\src\core\timers.c' - object file renamed from '..\OBJ\timers.o' to '..\OBJ\timers_1.o'.
compiling cmd_queue.c...
compiling App_Params.c...
..\LWIP\arch/cc.h(89): warning:  #1-D: last line of file ends without a newline
  #endif /* __CC_H__ */
..\APP\APP_Params.h(520): warning:  #1-D: last line of file ends without a newline
  #endif
..\APP\App_Params.c(231): warning:  #188-D: enumerated type mixed with another type
  		Sys_Params.Dispense_Param.Run_Mode_Params=Byte_to_int(m_Params_Buffer,&m_Index);
..\APP\App_Params.c(273): warning:  #188-D: enumerated type mixed with another type
  		Sys_Params.Pressure_Param.Pressure_Unit= Byte_to_int(m_Params_Buffer,&m_Index) ; 
..\APP\App_Params.c(274): warning:  #188-D: enumerated type mixed with another type
  		Sys_Params.Pressure_Param.Vacuum_Unit = Byte_to_int(m_Params_Buffer,&m_Index) ; 
..\APP\App_Params.c(275): warning:  #188-D: enumerated type mixed with another type
  		Sys_Params.Pressure_Param.Tem_Unit = Byte_to_int(m_Params_Buffer,&m_Index) ; 
..\APP\App_Params.c(305): warning:  #188-D: enumerated type mixed with another type
  		Sys_Params.IOT_Params.Commication_Mode= Byte_to_int(m_Params_Buffer,&m_Index); 
..\APP\App_Params.c(336): warning:  #188-D: enumerated type mixed with another type
  		Sys_Params.FPASS_AC=Byte_to_int(m_Params_Buffer,&m_Index);
..\APP\App_Params.c(337): warning:  #188-D: enumerated type mixed with another type
  		Sys_Params.SPASS_AC=Byte_to_int(m_Params_Buffer,&m_Index);
..\APP\App_Params.c(458): warning:  #550-D: variable "__RT"  was set but never used
  	 POWER_STATUS __RT=POWER_ON;
..\APP\App_Params.c: 10 warnings, 0 errors
compiling App_Comm.c...
..\SYSTEM\Timer\timer.h(20): warning:  #1-D: last line of file ends without a newline
  #endif
..\LWIP\arch/cc.h(89): warning:  #1-D: last line of file ends without a newline
  #endif /* __CC_H__ */
..\APP\APP_Params.h(520): warning:  #1-D: last line of file ends without a newline
  #endif
..\HARDWARE\TemperatureHumidity\DHTxx.h(27): warning:  #1-D: last line of file ends without a newline
  #endif
..\HARDWARE\GPIO\GPIO.h(261): warning:  #1295-D: Deprecated declaration Check_Dispensing_IO_Status - give arg types
  POWER_STATUS Check_Dispensing_IO_Status();
..\HARDWARE\GPIO\GPIO.h(263): warning:  #1-D: last line of file ends without a newline
  #endif
..\HARDWARE\HMI_DRIVE\inc\hmi_usart.h(21): warning:  #1-D: last line of file ends without a newline
  #endif
..\APP\App_Comm.h(12): warning:  #1-D: last line of file ends without a newline
  #endif
..\APP\App_Comm.h(12): warning:  #1-D: last line of file ends without a newline
  #endif
..\APP\App_Comm.c: 9 warnings, 0 errors
compiling BSP.c...
..\SYSTEM\Timer\timer.h(20): warning:  #1-D: last line of file ends without a newline
  #endif
..\LWIP\arch/cc.h(89): warning:  #1-D: last line of file ends without a newline
  #endif /* __CC_H__ */
..\APP\APP_Params.h(520): warning:  #1-D: last line of file ends without a newline
  #endif
..\HARDWARE\TemperatureHumidity\DHTxx.h(27): warning:  #1-D: last line of file ends without a newline
  #endif
..\HARDWARE\GPIO\GPIO.h(261): warning:  #1295-D: Deprecated declaration Check_Dispensing_IO_Status - give arg types
  POWER_STATUS Check_Dispensing_IO_Status();
..\HARDWARE\GPIO\GPIO.h(263): warning:  #1-D: last line of file ends without a newline
  #endif
..\HARDWARE\HMI_DRIVE\inc\hmi_usart.h(21): warning:  #1-D: last line of file ends without a newline
  #endif
..\APP\App_Comm.h(12): warning:  #1-D: last line of file ends without a newline
  #endif
..\APP\BSP.c: 8 warnings, 0 errors
compiling Main.c...
..\SYSTEM\Timer\timer.h(20): warning:  #1-D: last line of file ends without a newline
  #endif
..\LWIP\arch/cc.h(89): warning:  #1-D: last line of file ends without a newline
  #endif /* __CC_H__ */
..\APP\APP_Params.h(520): warning:  #1-D: last line of file ends without a newline
  #endif
..\HARDWARE\TemperatureHumidity\DHTxx.h(27): warning:  #1-D: last line of file ends without a newline
  #endif
..\HARDWARE\GPIO\GPIO.h(261): warning:  #1295-D: Deprecated declaration Check_Dispensing_IO_Status - give arg types
  POWER_STATUS Check_Dispensing_IO_Status();
..\HARDWARE\GPIO\GPIO.h(263): warning:  #1-D: last line of file ends without a newline
  #endif
..\HARDWARE\HMI_DRIVE\inc\hmi_usart.h(21): warning:  #1-D: last line of file ends without a newline
  #endif
..\APP\App_Comm.h(12): warning:  #1-D: last line of file ends without a newline
  #endif
..\APP\Main.c: 8 warnings, 0 errors
compiling APP.c...
..\SYSTEM\Timer\timer.h(20): warning:  #1-D: last line of file ends without a newline
  #endif
..\HARDWARE\TemperatureHumidity\DHTxx.h(27): warning:  #1-D: last line of file ends without a newline
  #endif
..\LWIP\arch/cc.h(89): warning:  #1-D: last line of file ends without a newline
  #endif /* __CC_H__ */
..\APP\APP_Params.h(520): warning:  #1-D: last line of file ends without a newline
  #endif
..\HARDWARE\GPIO\GPIO.h(261): warning:  #1295-D: Deprecated declaration Check_Dispensing_IO_Status - give arg types
  POWER_STATUS Check_Dispensing_IO_Status();
..\HARDWARE\GPIO\GPIO.h(263): warning:  #1-D: last line of file ends without a newline
  #endif
..\HARDWARE\HMI_DRIVE\inc\hmi_usart.h(21): warning:  #1-D: last line of file ends without a newline
  #endif
..\APP\App_Comm.h(12): warning:  #1-D: last line of file ends without a newline
  #endif
..\APP\APP.c(332): warning:  #1035-D: single-precision operand implicitly converted to double-precision
  													Sys_RT_Status.DISPENSING_COUNT_DOWN=Sys_Params.save_pro_buffer[Sys_Params.Dispense_Param.program_number][0]*100.0;
..\APP\APP.c(365): warning:  #1035-D: single-precision operand implicitly converted to double-precision
  													Sys_RT_Status.DISPENSING_COUNT_DOWN=Sys_Params.save_pro_buffer[Sys_Params.Dispense_Param.program_number][0]*100.0;
..\APP\APP.c(367): warning:  #1035-D: single-precision operand implicitly converted to double-precision
  													Sys_RT_Status.Intertime_COUNT_DOWN=Sys_Params.save_pro_buffer[Sys_Params.Dispense_Param.program_number][1]*100.0;	
..\APP\APP.c(419): warning:  #1035-D: single-precision operand implicitly converted to double-precision
  											Sys_RT_Status.DISPENSING_COUNT_DOWN=Sys_Params.Dispense_Param.Dis_Timer*100.0;
..\APP\APP.c(421): warning:  #1035-D: single-precision operand implicitly converted to double-precision
  											Sys_RT_Status.Intertime_COUNT_DOWN=Sys_Params.Dispense_Param.Inter_timer*100.0;	
..\APP\APP.c(505): warning:  #1035-D: single-precision operand implicitly converted to double-precision
  													Sys_RT_Status.DISPENSING_COUNT_DOWN=Sys_Params.Dispense_Param.Dis_Timer*100.0;
..\APP\APP.c(528): warning:  #188-D: enumerated type mixed with another type
  				m_Last_DI_Dispensing_Status=DISPENSING_IO_STATUS()||Sys_RT_Status.SHOT;
..\APP\APP.c(648): warning:  #1035-D: single-precision operand implicitly converted to double-precision
  						if(Sys_RT_Status.RT_Pressure<=0.03)      
..\APP\APP.c(769): warning:  #550-D: variable "_Recv_Finish"  was set but never used
  				uint8_t _Recv_Finish = 0;
..\APP\APP.c(1425): warning:  #188-D: enumerated type mixed with another type
  						m_Last_DI_Pressure_Enable_Status=CHECK_PRESSURE_ENABLE;
..\APP\APP.c(1431): warning:  #188-D: enumerated type mixed with another type
  					m_Last_DI_Pressure_Enable_Status=CHECK_PRESSURE_ENABLE;
..\APP\APP.c(1450): warning:  #188-D: enumerated type mixed with another type
  						m_Last_DI_Run_Stop_Status=CHECK_RUN_STOP;
..\APP\APP.c(1456): warning:  #188-D: enumerated type mixed with another type
  					m_Last_DI_Run_Stop_Status=CHECK_RUN_STOP;
..\APP\APP.c(1615): warning:  #177-D: variable "i"  was declared but never referenced
  	uint16_t i=0;
..\APP\APP.c(1620): warning:  #177-D: variable "r_event"  was declared but never referenced
  	EventBits_t r_event;  /* 定义一个事件接收变量 */ 
..\APP\APP.c(1621): warning:  #177-D: variable "__LoadFirst"  was declared but never referenced
  	POWER_STATUS __LoadFirst=POWER_OFF;
..\APP\APP.c(2048): warning:  #111-D: statement is unreachable
  							break;
..\APP\APP.c(57): warning:  #177-D: variable "Swtmr1_Handle"  was declared but never referenced
  static TimerHandle_t Swtmr1_Handle =NULL;  
..\APP\APP.c: 26 warnings, 0 errors
compiling hmi_APP.c...
..\SYSTEM\Timer\timer.h(20): warning:  #1-D: last line of file ends without a newline
  #endif
..\LWIP\arch/cc.h(89): warning:  #1-D: last line of file ends without a newline
  #endif /* __CC_H__ */
..\APP\APP_Params.h(520): warning:  #1-D: last line of file ends without a newline
  #endif
..\HARDWARE\TemperatureHumidity\DHTxx.h(27): warning:  #1-D: last line of file ends without a newline
  #endif
..\HARDWARE\GPIO\GPIO.h(261): warning:  #1295-D: Deprecated declaration Check_Dispensing_IO_Status - give arg types
  POWER_STATUS Check_Dispensing_IO_Status();
..\HARDWARE\GPIO\GPIO.h(263): warning:  #1-D: last line of file ends without a newline
  #endif
..\HARDWARE\HMI_DRIVE\inc\hmi_usart.h(21): warning:  #1-D: last line of file ends without a newline
  #endif
..\APP\App_Comm.h(12): warning:  #1-D: last line of file ends without a newline
  #endif
..\HARDWARE\HMI_DRIVE\src\hmi_APP.c(30): warning:  #1295-D: Deprecated declaration Float_to_Byte - give arg types
  extern int Float_to_Byte();
..\HARDWARE\HMI_DRIVE\src\hmi_APP.c(1777): warning:  #177-D: variable "value"  was declared but never referenced
  			int32_t value = 0; 
..\HARDWARE\HMI_DRIVE\src\hmi_APP.c(1778): warning:  #177-D: variable "value_double"  was declared but never referenced
  			float value_double = 0;
..\HARDWARE\HMI_DRIVE\src\hmi_APP.c(1980): warning:  #188-D: enumerated type mixed with another type
  						Sys_Params.Pressure_Param.Pressure_Unit = Sys_Params.save_pro_buffer[Sys_Params.Dispense_Param.program_number][4];
..\HARDWARE\HMI_DRIVE\src\hmi_APP.c(1981): warning:  #188-D: enumerated type mixed with another type
  						Sys_Params.Pressure_Param.Vacuum_Unit = Sys_Params.save_pro_buffer[Sys_Params.Dispense_Param.program_number][5];
..\HARDWARE\HMI_DRIVE\src\hmi_APP.c(1995): warning:  #188-D: enumerated type mixed with another type
  							Sys_Params.Pressure_Param.Pressure_Unit = Sys_Params.save_pro_buffer[Sys_Params.Dispense_Param.program_number][4];
..\HARDWARE\HMI_DRIVE\src\hmi_APP.c(1996): warning:  #188-D: enumerated type mixed with another type
  							Sys_Params.Pressure_Param.Vacuum_Unit = Sys_Params.save_pro_buffer[Sys_Params.Dispense_Param.program_number][5];
..\HARDWARE\HMI_DRIVE\src\hmi_APP.c(2020): warning:  #188-D: enumerated type mixed with another type
  							Sys_Params.Pressure_Param.Pressure_Unit = Sys_Params.save_pro_buffer[Sys_Params.Dispense_Param.program_number][4];
..\HARDWARE\HMI_DRIVE\src\hmi_APP.c(2021): warning:  #188-D: enumerated type mixed with another type
  							Sys_Params.Pressure_Param.Vacuum_Unit = Sys_Params.save_pro_buffer[Sys_Params.Dispense_Param.program_number][5];
..\HARDWARE\HMI_DRIVE\src\hmi_APP.c(2032): warning:  #188-D: enumerated type mixed with another type
  							Sys_Params.Pressure_Param.Pressure_Unit = Sys_Params.save_pro_buffer[Sys_Params.Dispense_Param.program_number][4];
..\HARDWARE\HMI_DRIVE\src\hmi_APP.c(2033): warning:  #188-D: enumerated type mixed with another type
  							Sys_Params.Pressure_Param.Vacuum_Unit = Sys_Params.save_pro_buffer[Sys_Params.Dispense_Param.program_number][5];
..\HARDWARE\HMI_DRIVE\src\hmi_APP.c(2118): warning:  #188-D: enumerated type mixed with another type
  						Sys_Params.Pressure_Param.Pressure_Unit = Sys_Params.save_pro_buffer[Sys_Params.Dispense_Param.program_number][4];
..\HARDWARE\HMI_DRIVE\src\hmi_APP.c(2119): warning:  #188-D: enumerated type mixed with another type
  						Sys_Params.Pressure_Param.Vacuum_Unit = Sys_Params.save_pro_buffer[Sys_Params.Dispense_Param.program_number][5];
..\HARDWARE\HMI_DRIVE\src\hmi_APP.c(2351): warning:  #188-D: enumerated type mixed with another type
  							Sys_Params.Pressure_Param.Pressure_Unit = Sys_Params.save_pro_buffer[Sys_Params.Dispense_Param.program_number][4];
..\HARDWARE\HMI_DRIVE\src\hmi_APP.c(2352): warning:  #188-D: enumerated type mixed with another type
  							Sys_Params.Pressure_Param.Vacuum_Unit = Sys_Params.save_pro_buffer[Sys_Params.Dispense_Param.program_number][5];
..\HARDWARE\HMI_DRIVE\src\hmi_APP.c(2472): warning:  #1035-D: single-precision operand implicitly converted to double-precision
  						Sys_Params.Pressure_Param.Calibration_Set_Param.Analog_1_Value=(value_double+(0.005));   
..\HARDWARE\HMI_DRIVE\src\hmi_APP.c(2481): warning:  #1035-D: single-precision operand implicitly converted to double-precision
  						Sys_Params.Pressure_Param.Calibration_Set_Param.Analog_2_Value=(value_double+(0.005));
..\HARDWARE\HMI_DRIVE\src\hmi_APP.c(2499): warning:  #1035-D: single-precision operand implicitly converted to double-precision
  						Sys_Params.Pressure_Param.Calibration_Set_Param.Analog_3_Value=(value_double+(0.005));
..\HARDWARE\HMI_DRIVE\src\hmi_APP.c(2508): warning:  #1035-D: single-precision operand implicitly converted to double-precision
  						Sys_Params.Pressure_Param.Calibration_Set_Param.Analog_4_Value=(value_double+(0.005));
..\HARDWARE\HMI_DRIVE\src\hmi_APP.c: 27 warnings, 0 errors
compiling hmi_driver.c...
..\HARDWARE\HMI_DRIVE\src\hmi_driver.c(75): warning:  #223-D: function "HMI_SendSingleChar" declared implicitly
  		TX_8(*str);
..\HARDWARE\HMI_DRIVE\src\hmi_driver.c(85): warning:  #223-D: function "HMI_SendSingleChar" declared implicitly
  		TX_8(pData[i]);
..\HARDWARE\HMI_DRIVE\src\hmi_driver.c(94): warning:  #223-D: function "HMI_SendSingleChar" declared implicitly
  		TX_16(pData[i]);
..\HARDWARE\HMI_DRIVE\src\hmi_driver.c(100): warning:  #223-D: function "HMI_SendSingleChar" declared implicitly
  	BEGIN_CMD();
..\HARDWARE\HMI_DRIVE\src\hmi_driver.c(102): warning:  #223-D: function "delay_ms" declared implicitly
  	END_CMD();
..\HARDWARE\HMI_DRIVE\src\hmi_driver.c(107): warning:  #223-D: function "HMI_SendSingleChar" declared implicitly
  	BEGIN_CMD();
..\HARDWARE\HMI_DRIVE\src\hmi_driver.c(110): warning:  #223-D: function "delay_ms" declared implicitly
  	END_CMD();
..\HARDWARE\HMI_DRIVE\src\hmi_driver.c(115): warning:  #223-D: function "HMI_SendSingleChar" declared implicitly
  	BEGIN_CMD();
..\HARDWARE\HMI_DRIVE\src\hmi_driver.c(118): warning:  #223-D: function "delay_ms" declared implicitly
  	END_CMD();
..\HARDWARE\HMI_DRIVE\src\hmi_driver.c(123): warning:  #223-D: function "HMI_SendSingleChar" declared implicitly
  	BEGIN_CMD();
..\HARDWARE\HMI_DRIVE\src\hmi_driver.c(126): warning:  #223-D: function "delay_ms" declared implicitly
  	END_CMD();
..\HARDWARE\HMI_DRIVE\src\hmi_driver.c(131): warning:  #223-D: function "HMI_SendSingleChar" declared implicitly
  	BEGIN_CMD();
..\HARDWARE\HMI_DRIVE\src\hmi_driver.c(134): warning:  #223-D: function "delay_ms" declared implicitly
  	END_CMD();
..\HARDWARE\HMI_DRIVE\src\hmi_driver.c(139): warning:  #223-D: function "HMI_SendSingleChar" declared implicitly
  	BEGIN_CMD();
..\HARDWARE\HMI_DRIVE\src\hmi_driver.c(144): warning:  #223-D: function "delay_ms" declared implicitly
  	END_CMD();
..\HARDWARE\HMI_DRIVE\src\hmi_driver.c(149): warning:  #223-D: function "HMI_SendSingleChar" declared implicitly
  	BEGIN_CMD();
..\HARDWARE\HMI_DRIVE\src\hmi_driver.c(151): warning:  #223-D: function "delay_ms" declared implicitly
  	END_CMD();
..\HARDWARE\HMI_DRIVE\src\hmi_driver.c(156): warning:  #223-D: function "HMI_SendSingleChar" declared implicitly
  	BEGIN_CMD();
..\HARDWARE\HMI_DRIVE\src\hmi_driver.c(160): warning:  #223-D: function "delay_ms" declared implicitly
  	END_CMD();
..\HARDWARE\HMI_DRIVE\src\hmi_driver.c(165): warning:  #223-D: function "HMI_SendSingleChar" declared implicitly
  	BEGIN_CMD();
..\HARDWARE\HMI_DRIVE\src\hmi_driver.c(170): warning:  #223-D: function "delay_ms" declared implicitly
  	END_CMD();
..\HARDWARE\HMI_DRIVE\src\hmi_driver.c(175): warning:  #223-D: function "HMI_SendSingleChar" declared implicitly
  	BEGIN_CMD();
..\HARDWARE\HMI_DRIVE\src\hmi_driver.c(179): warning:  #223-D: function "delay_ms" declared implicitly
  	END_CMD();
..\HARDWARE\HMI_DRIVE\src\hmi_driver.c(184): warning:  #223-D: function "HMI_SendSingleChar" declared implicitly
  	BEGIN_CMD();
..\HARDWARE\HMI_DRIVE\src\hmi_driver.c(191): warning:  #223-D: function "delay_ms" declared implicitly
  	END_CMD();
..\HARDWARE\HMI_DRIVE\src\hmi_driver.c(196): warning:  #223-D: function "HMI_SendSingleChar" declared implicitly
  	BEGIN_CMD();
..\HARDWARE\HMI_DRIVE\src\hmi_driver.c(203): warning:  #223-D: function "delay_ms" declared implicitly
  	END_CMD();
..\HARDWARE\HMI_DRIVE\src\hmi_driver.c(208): warning:  #223-D: function "HMI_SendSingleChar" declared implicitly
  	BEGIN_CMD();
..\HARDWARE\HMI_DRIVE\src\hmi_driver.c(212): warning:  #223-D: function "delay_ms" declared implicitly
  	END_CMD();
..\HARDWARE\HMI_DRIVE\src\hmi_driver.c(217): warning:  #223-D: function "HMI_SendSingleChar" declared implicitly
  	BEGIN_CMD();
..\HARDWARE\HMI_DRIVE\src\hmi_driver.c(223): warning:  #223-D: function "delay_ms" declared implicitly
  	END_CMD();
..\HARDWARE\HMI_DRIVE\src\hmi_driver.c(228): warning:  #223-D: function "HMI_SendSingleChar" declared implicitly
  	BEGIN_CMD();
..\HARDWARE\HMI_DRIVE\src\hmi_driver.c(238): warning:  #223-D: function "delay_ms" declared implicitly
  	END_CMD();
..\HARDWARE\HMI_DRIVE\src\hmi_driver.c(243): warning:  #223-D: function "HMI_SendSingleChar" declared implicitly
  	BEGIN_CMD();
..\HARDWARE\HMI_DRIVE\src\hmi_driver.c(250): warning:  #223-D: function "delay_ms" declared implicitly
  	END_CMD();
..\HARDWARE\HMI_DRIVE\src\hmi_driver.c(255): warning:  #223-D: function "HMI_SendSingleChar" declared implicitly
  	BEGIN_CMD();
..\HARDWARE\HMI_DRIVE\src\hmi_driver.c(259): warning:  #223-D: function "delay_ms" declared implicitly
  	END_CMD();
..\HARDWARE\HMI_DRIVE\src\hmi_driver.c(264): warning:  #223-D: function "HMI_SendSingleChar" declared implicitly
  	BEGIN_CMD();
..\HARDWARE\HMI_DRIVE\src\hmi_driver.c(270): warning:  #223-D: function "delay_ms" declared implicitly
  	END_CMD();
..\HARDWARE\HMI_DRIVE\src\hmi_driver.c(275): warning:  #223-D: function "HMI_SendSingleChar" declared implicitly
  	BEGIN_CMD();
..\HARDWARE\HMI_DRIVE\src\hmi_driver.c(279): warning:  #223-D: function "delay_ms" declared implicitly
  	END_CMD();
..\HARDWARE\HMI_DRIVE\src\hmi_driver.c(284): warning:  #223-D: function "HMI_SendSingleChar" declared implicitly
  	BEGIN_CMD();
..\HARDWARE\HMI_DRIVE\src\hmi_driver.c(289): warning:  #223-D: function "delay_ms" declared implicitly
  	END_CMD();
..\HARDWARE\HMI_DRIVE\src\hmi_driver.c(294): warning:  #223-D: function "HMI_SendSingleChar" declared implicitly
  	BEGIN_CMD();
..\HARDWARE\HMI_DRIVE\src\hmi_driver.c(299): warning:  #223-D: function "delay_ms" declared implicitly
  	END_CMD();
..\HARDWARE\HMI_DRIVE\src\hmi_driver.c(304): warning:  #223-D: function "HMI_SendSingleChar" declared implicitly
  	BEGIN_CMD();
..\HARDWARE\HMI_DRIVE\src\hmi_driver.c(309): warning:  #223-D: function "delay_ms" declared implicitly
  	END_CMD();
..\HARDWARE\HMI_DRIVE\src\hmi_driver.c(314): warning:  #223-D: function "HMI_SendSingleChar" declared implicitly
  	BEGIN_CMD();
..\HARDWARE\HMI_DRIVE\src\hmi_driver.c(320): warning:  #223-D: function "delay_ms" declared implicitly
  	END_CMD();
..\HARDWARE\HMI_DRIVE\src\hmi_driver.c(325): warning:  #223-D: function "HMI_SendSingleChar" declared implicitly
  	BEGIN_CMD();
..\HARDWARE\HMI_DRIVE\src\hmi_driver.c(328): warning:  #223-D: function "delay_ms" declared implicitly
  	END_CMD();
..\HARDWARE\HMI_DRIVE\src\hmi_driver.c(333): warning:  #223-D: function "HMI_SendSingleChar" declared implicitly
  	BEGIN_CMD();
..\HARDWARE\HMI_DRIVE\src\hmi_driver.c(336): warning:  #223-D: function "delay_ms" declared implicitly
  	END_CMD();
..\HARDWARE\HMI_DRIVE\src\hmi_driver.c(341): warning:  #223-D: function "HMI_SendSingleChar" declared implicitly
  	BEGIN_CMD();
..\HARDWARE\HMI_DRIVE\src\hmi_driver.c(346): warning:  #223-D: function "delay_ms" declared implicitly
  	END_CMD();
..\HARDWARE\HMI_DRIVE\src\hmi_driver.c(351): warning:  #223-D: function "HMI_SendSingleChar" declared implicitly
  	BEGIN_CMD();
..\HARDWARE\HMI_DRIVE\src\hmi_driver.c(356): warning:  #223-D: function "delay_ms" declared implicitly
  	END_CMD();
..\HARDWARE\HMI_DRIVE\src\hmi_driver.c(361): warning:  #223-D: function "HMI_SendSingleChar" declared implicitly
  	BEGIN_CMD();
..\HARDWARE\HMI_DRIVE\src\hmi_driver.c(368): warning:  #223-D: function "delay_ms" declared implicitly
  	END_CMD();
..\HARDWARE\HMI_DRIVE\src\hmi_driver.c(373): warning:  #223-D: function "HMI_SendSingleChar" declared implicitly
  	BEGIN_CMD();
..\HARDWARE\HMI_DRIVE\src\hmi_driver.c(379): warning:  #223-D: function "delay_ms" declared implicitly
  	END_CMD();
..\HARDWARE\HMI_DRIVE\src\hmi_driver.c(384): warning:  #223-D: function "HMI_SendSingleChar" declared implicitly
  	BEGIN_CMD();
..\HARDWARE\HMI_DRIVE\src\hmi_driver.c(390): warning:  #223-D: function "delay_ms" declared implicitly
  	END_CMD();
..\HARDWARE\HMI_DRIVE\src\hmi_driver.c(395): warning:  #223-D: function "HMI_SendSingleChar" declared implicitly
  	BEGIN_CMD();
..\HARDWARE\HMI_DRIVE\src\hmi_driver.c(401): warning:  #223-D: function "delay_ms" declared implicitly
  	END_CMD();
..\HARDWARE\HMI_DRIVE\src\hmi_driver.c(406): warning:  #223-D: function "HMI_SendSingleChar" declared implicitly
  	BEGIN_CMD();
..\HARDWARE\HMI_DRIVE\src\hmi_driver.c(412): warning:  #223-D: function "delay_ms" declared implicitly
  	END_CMD();
..\HARDWARE\HMI_DRIVE\src\hmi_driver.c(417): warning:  #223-D: function "HMI_SendSingleChar" declared implicitly
  	BEGIN_CMD();
..\HARDWARE\HMI_DRIVE\src\hmi_driver.c(420): warning:  #223-D: function "delay_ms" declared implicitly
  	END_CMD();
..\HARDWARE\HMI_DRIVE\src\hmi_driver.c(425): warning:  #223-D: function "HMI_SendSingleChar" declared implicitly
  	BEGIN_CMD();
..\HARDWARE\HMI_DRIVE\src\hmi_driver.c(428): warning:  #223-D: function "delay_ms" declared implicitly
  	END_CMD();
..\HARDWARE\HMI_DRIVE\src\hmi_driver.c(433): warning:  #223-D: function "HMI_SendSingleChar" declared implicitly
  	BEGIN_CMD();
..\HARDWARE\HMI_DRIVE\src\hmi_driver.c(439): warning:  #223-D: function "delay_ms" declared implicitly
  	END_CMD();
..\HARDWARE\HMI_DRIVE\src\hmi_driver.c(455): warning:  #223-D: function "HMI_SendSingleChar" declared implicitly
  	BEGIN_CMD();
..\HARDWARE\HMI_DRIVE\src\hmi_driver.c(458): warning:  #223-D: function "delay_ms" declared implicitly
  	END_CMD();
..\HARDWARE\HMI_DRIVE\src\hmi_driver.c(463): warning:  #223-D: function "HMI_SendSingleChar" declared implicitly
  	BEGIN_CMD();
..\HARDWARE\HMI_DRIVE\src\hmi_driver.c(465): warning:  #223-D: function "delay_ms" declared implicitly
  	END_CMD();
..\HARDWARE\HMI_DRIVE\src\hmi_driver.c(470): warning:  #223-D: function "HMI_SendSingleChar" declared implicitly
  	BEGIN_CMD();
..\HARDWARE\HMI_DRIVE\src\hmi_driver.c(472): warning:  #223-D: function "delay_ms" declared implicitly
  	END_CMD();
..\HARDWARE\HMI_DRIVE\src\hmi_driver.c(477): warning:  #223-D: function "HMI_SendSingleChar" declared implicitly
  	BEGIN_CMD();
..\HARDWARE\HMI_DRIVE\src\hmi_driver.c(483): warning:  #223-D: function "delay_ms" declared implicitly
  	END_CMD();
..\HARDWARE\HMI_DRIVE\src\hmi_driver.c(488): warning:  #223-D: function "HMI_SendSingleChar" declared implicitly
  	BEGIN_CMD();
..\HARDWARE\HMI_DRIVE\src\hmi_driver.c(494): warning:  #223-D: function "delay_ms" declared implicitly
  	END_CMD();
..\HARDWARE\HMI_DRIVE\src\hmi_driver.c(499): warning:  #223-D: function "HMI_SendSingleChar" declared implicitly
  	BEGIN_CMD();
..\HARDWARE\HMI_DRIVE\src\hmi_driver.c(502): warning:  #223-D: function "delay_ms" declared implicitly
  	END_CMD();
..\HARDWARE\HMI_DRIVE\src\hmi_driver.c(507): warning:  #223-D: function "HMI_SendSingleChar" declared implicitly
  	BEGIN_CMD();
..\HARDWARE\HMI_DRIVE\src\hmi_driver.c(510): warning:  #223-D: function "delay_ms" declared implicitly
  	END_CMD();
..\HARDWARE\HMI_DRIVE\src\hmi_driver.c(515): warning:  #223-D: function "HMI_SendSingleChar" declared implicitly
  	BEGIN_CMD();
..\HARDWARE\HMI_DRIVE\src\hmi_driver.c(518): warning:  #223-D: function "delay_ms" declared implicitly
  	END_CMD();
..\HARDWARE\HMI_DRIVE\src\hmi_driver.c(523): warning:  #223-D: function "HMI_SendSingleChar" declared implicitly
  	BEGIN_CMD();
..\HARDWARE\HMI_DRIVE\src\hmi_driver.c(527): warning:  #223-D: function "delay_ms" declared implicitly
  	END_CMD();
..\HARDWARE\HMI_DRIVE\src\hmi_driver.c(532): warning:  #223-D: function "HMI_SendSingleChar" declared implicitly
  	BEGIN_CMD();
..\HARDWARE\HMI_DRIVE\src\hmi_driver.c(535): warning:  #223-D: function "delay_ms" declared implicitly
  	END_CMD();
..\HARDWARE\HMI_DRIVE\src\hmi_driver.c(540): warning:  #223-D: function "HMI_SendSingleChar" declared implicitly
  	BEGIN_CMD();
..\HARDWARE\HMI_DRIVE\src\hmi_driver.c(548): warning:  #223-D: function "delay_ms" declared implicitly
  	END_CMD();
..\HARDWARE\HMI_DRIVE\src\hmi_driver.c(553): warning:  #223-D: function "HMI_SendSingleChar" declared implicitly
  	BEGIN_CMD();
..\HARDWARE\HMI_DRIVE\src\hmi_driver.c(557): warning:  #223-D: function "delay_ms" declared implicitly
  	END_CMD();
..\HARDWARE\HMI_DRIVE\src\hmi_driver.c(562): warning:  #223-D: function "HMI_SendSingleChar" declared implicitly
  	BEGIN_CMD();
..\HARDWARE\HMI_DRIVE\src\hmi_driver.c(566): warning:  #223-D: function "delay_ms" declared implicitly
  	END_CMD();
..\HARDWARE\HMI_DRIVE\src\hmi_driver.c(571): warning:  #223-D: function "HMI_SendSingleChar" declared implicitly
  	BEGIN_CMD();
..\HARDWARE\HMI_DRIVE\src\hmi_driver.c(574): warning:  #223-D: function "delay_ms" declared implicitly
  	END_CMD();
..\HARDWARE\HMI_DRIVE\src\hmi_driver.c(579): warning:  #223-D: function "HMI_SendSingleChar" declared implicitly
  	BEGIN_CMD();
..\HARDWARE\HMI_DRIVE\src\hmi_driver.c(583): warning:  #223-D: function "delay_ms" declared implicitly
  	END_CMD();
..\HARDWARE\HMI_DRIVE\src\hmi_driver.c(588): warning:  #223-D: function "HMI_SendSingleChar" declared implicitly
  	BEGIN_CMD();
..\HARDWARE\HMI_DRIVE\src\hmi_driver.c(591): warning:  #223-D: function "delay_ms" declared implicitly
  	END_CMD();
..\HARDWARE\HMI_DRIVE\src\hmi_driver.c(596): warning:  #223-D: function "HMI_SendSingleChar" declared implicitly
  	BEGIN_CMD();
..\HARDWARE\HMI_DRIVE\src\hmi_driver.c(602): warning:  #223-D: function "delay_ms" declared implicitly
  	END_CMD();
..\HARDWARE\HMI_DRIVE\src\hmi_driver.c(607): warning:  #223-D: function "HMI_SendSingleChar" declared implicitly
  	BEGIN_CMD();
..\HARDWARE\HMI_DRIVE\src\hmi_driver.c(613): warning:  #223-D: function "delay_ms" declared implicitly
  	END_CMD();
..\HARDWARE\HMI_DRIVE\src\hmi_driver.c(618): warning:  #223-D: function "HMI_SendSingleChar" declared implicitly
  	BEGIN_CMD();
..\HARDWARE\HMI_DRIVE\src\hmi_driver.c(624): warning:  #223-D: function "delay_ms" declared implicitly
  	END_CMD();
..\HARDWARE\HMI_DRIVE\src\hmi_driver.c(629): warning:  #223-D: function "HMI_SendSingleChar" declared implicitly
  	BEGIN_CMD();
..\HARDWARE\HMI_DRIVE\src\hmi_driver.c(635): warning:  #223-D: function "delay_ms" declared implicitly
  	END_CMD();
..\HARDWARE\HMI_DRIVE\src\hmi_driver.c(640): warning:  #223-D: function "HMI_SendSingleChar" declared implicitly
  	BEGIN_CMD();
..\HARDWARE\HMI_DRIVE\src\hmi_driver.c(646): warning:  #223-D: function "delay_ms" declared implicitly
  	END_CMD();
..\HARDWARE\HMI_DRIVE\src\hmi_driver.c(651): warning:  #223-D: function "HMI_SendSingleChar" declared implicitly
  	BEGIN_CMD();
..\HARDWARE\HMI_DRIVE\src\hmi_driver.c(657): warning:  #223-D: function "delay_ms" declared implicitly
  	END_CMD();
..\HARDWARE\HMI_DRIVE\src\hmi_driver.c(662): warning:  #223-D: function "HMI_SendSingleChar" declared implicitly
  	BEGIN_CMD();
..\HARDWARE\HMI_DRIVE\src\hmi_driver.c(668): warning:  #223-D: function "delay_ms" declared implicitly
  	END_CMD();
..\HARDWARE\HMI_DRIVE\src\hmi_driver.c(673): warning:  #223-D: function "HMI_SendSingleChar" declared implicitly
  	BEGIN_CMD();
..\HARDWARE\HMI_DRIVE\src\hmi_driver.c(679): warning:  #223-D: function "delay_ms" declared implicitly
  	END_CMD();
..\HARDWARE\HMI_DRIVE\src\hmi_driver.c(684): warning:  #223-D: function "HMI_SendSingleChar" declared implicitly
  	BEGIN_CMD();
..\HARDWARE\HMI_DRIVE\src\hmi_driver.c(690): warning:  #223-D: function "delay_ms" declared implicitly
  	END_CMD();
..\HARDWARE\HMI_DRIVE\src\hmi_driver.c(695): warning:  #223-D: function "HMI_SendSingleChar" declared implicitly
  	BEGIN_CMD();
..\HARDWARE\HMI_DRIVE\src\hmi_driver.c(700): warning:  #223-D: function "delay_ms" declared implicitly
  	END_CMD();
..\HARDWARE\HMI_DRIVE\src\hmi_driver.c(705): warning:  #223-D: function "HMI_SendSingleChar" declared implicitly
  	BEGIN_CMD();
..\HARDWARE\HMI_DRIVE\src\hmi_driver.c(711): warning:  #223-D: function "delay_ms" declared implicitly
  	END_CMD();
..\HARDWARE\HMI_DRIVE\src\hmi_driver.c(716): warning:  #223-D: function "HMI_SendSingleChar" declared implicitly
  	BEGIN_CMD();
..\HARDWARE\HMI_DRIVE\src\hmi_driver.c(721): warning:  #223-D: function "delay_ms" declared implicitly
  	END_CMD();
..\HARDWARE\HMI_DRIVE\src\hmi_driver.c(726): warning:  #223-D: function "HMI_SendSingleChar" declared implicitly
  	BEGIN_CMD();
..\HARDWARE\HMI_DRIVE\src\hmi_driver.c(731): warning:  #223-D: function "delay_ms" declared implicitly
  	END_CMD();
..\HARDWARE\HMI_DRIVE\src\hmi_driver.c(736): warning:  #223-D: function "HMI_SendSingleChar" declared implicitly
  	BEGIN_CMD();
..\HARDWARE\HMI_DRIVE\src\hmi_driver.c(741): warning:  #223-D: function "delay_ms" declared implicitly
  	END_CMD();
..\HARDWARE\HMI_DRIVE\src\hmi_driver.c(746): warning:  #223-D: function "HMI_SendSingleChar" declared implicitly
  	BEGIN_CMD();
..\HARDWARE\HMI_DRIVE\src\hmi_driver.c(752): warning:  #223-D: function "delay_ms" declared implicitly
  	END_CMD();
..\HARDWARE\HMI_DRIVE\src\hmi_driver.c(757): warning:  #223-D: function "HMI_SendSingleChar" declared implicitly
  	BEGIN_CMD();
..\HARDWARE\HMI_DRIVE\src\hmi_driver.c(762): warning:  #223-D: function "delay_ms" declared implicitly
  	END_CMD();
..\HARDWARE\HMI_DRIVE\src\hmi_driver.c(767): warning:  #223-D: function "HMI_SendSingleChar" declared implicitly
  	BEGIN_CMD();
..\HARDWARE\HMI_DRIVE\src\hmi_driver.c(772): warning:  #223-D: function "delay_ms" declared implicitly
  	END_CMD();
..\HARDWARE\HMI_DRIVE\src\hmi_driver.c(777): warning:  #223-D: function "HMI_SendSingleChar" declared implicitly
  	BEGIN_CMD();
..\HARDWARE\HMI_DRIVE\src\hmi_driver.c(784): warning:  #223-D: function "delay_ms" declared implicitly
  	END_CMD();
..\HARDWARE\HMI_DRIVE\src\hmi_driver.c(789): warning:  #223-D: function "HMI_SendSingleChar" declared implicitly
  	BEGIN_CMD();
..\HARDWARE\HMI_DRIVE\src\hmi_driver.c(795): warning:  #223-D: function "delay_ms" declared implicitly
  	END_CMD();
..\HARDWARE\HMI_DRIVE\src\hmi_driver.c(800): warning:  #223-D: function "HMI_SendSingleChar" declared implicitly
  	BEGIN_CMD();
..\HARDWARE\HMI_DRIVE\src\hmi_driver.c(808): warning:  #223-D: function "delay_ms" declared implicitly
  	END_CMD();
..\HARDWARE\HMI_DRIVE\src\hmi_driver.c(813): warning:  #223-D: function "HMI_SendSingleChar" declared implicitly
  	BEGIN_CMD();
..\HARDWARE\HMI_DRIVE\src\hmi_driver.c(819): warning:  #223-D: function "delay_ms" declared implicitly
  	END_CMD();
..\HARDWARE\HMI_DRIVE\src\hmi_driver.c(824): warning:  #223-D: function "HMI_SendSingleChar" declared implicitly
  	BEGIN_CMD();
..\HARDWARE\HMI_DRIVE\src\hmi_driver.c(833): warning:  #223-D: function "delay_ms" declared implicitly
  	END_CMD();
..\HARDWARE\HMI_DRIVE\src\hmi_driver.c(838): warning:  #223-D: function "HMI_SendSingleChar" declared implicitly
  	BEGIN_CMD();
..\HARDWARE\HMI_DRIVE\src\hmi_driver.c(846): warning:  #223-D: function "HMI_SendSingleChar" declared implicitly
  	TX_16(control_id);
..\HARDWARE\HMI_DRIVE\src\hmi_driver.c(853): warning:  #223-D: function "HMI_SendSingleChar" declared implicitly
  	TX_16(control_id);
..\HARDWARE\HMI_DRIVE\src\hmi_driver.c(860): warning:  #223-D: function "HMI_SendSingleChar" declared implicitly
  	TX_16(control_id);
..\HARDWARE\HMI_DRIVE\src\hmi_driver.c(867): warning:  #223-D: function "HMI_SendSingleChar" declared implicitly
  	TX_16(control_id);
..\HARDWARE\HMI_DRIVE\src\hmi_driver.c(885): warning:  #223-D: function "HMI_SendSingleChar" declared implicitly
  	TX_16(control_id);
..\HARDWARE\HMI_DRIVE\src\hmi_driver.c(892): warning:  #223-D: function "HMI_SendSingleChar" declared implicitly
  	TX_16(control_id);
..\HARDWARE\HMI_DRIVE\src\hmi_driver.c(899): warning:  #223-D: function "HMI_SendSingleChar" declared implicitly
  	END_CMD();
..\HARDWARE\HMI_DRIVE\src\hmi_driver.c(899): warning:  #223-D: function "delay_ms" declared implicitly
  	END_CMD();
..\HARDWARE\HMI_DRIVE\src\hmi_driver.c(904): warning:  #223-D: function "HMI_SendSingleChar" declared implicitly
  	BEGIN_CMD();
..\HARDWARE\HMI_DRIVE\src\hmi_driver.c(910): warning:  #223-D: function "delay_ms" declared implicitly
  	END_CMD();
..\HARDWARE\HMI_DRIVE\src\hmi_driver.c(915): warning:  #223-D: function "HMI_SendSingleChar" declared implicitly
  	BEGIN_CMD();
..\HARDWARE\HMI_DRIVE\src\hmi_driver.c(920): warning:  #223-D: function "delay_ms" declared implicitly
  	END_CMD();
..\HARDWARE\HMI_DRIVE\src\hmi_driver.c(925): warning:  #223-D: function "HMI_SendSingleChar" declared implicitly
  	BEGIN_CMD();
..\HARDWARE\HMI_DRIVE\src\hmi_driver.c(930): warning:  #223-D: function "delay_ms" declared implicitly
  	END_CMD();
..\HARDWARE\HMI_DRIVE\src\hmi_driver.c(935): warning:  #223-D: function "HMI_SendSingleChar" declared implicitly
  	BEGIN_CMD();
..\HARDWARE\HMI_DRIVE\src\hmi_driver.c(940): warning:  #223-D: function "delay_ms" declared implicitly
  	END_CMD();
..\HARDWARE\HMI_DRIVE\src\hmi_driver.c(945): warning:  #223-D: function "HMI_SendSingleChar" declared implicitly
  	BEGIN_CMD();
..\HARDWARE\HMI_DRIVE\src\hmi_driver.c(951): warning:  #223-D: function "delay_ms" declared implicitly
  	END_CMD();
..\HARDWARE\HMI_DRIVE\src\hmi_driver.c(956): warning:  #223-D: function "HMI_SendSingleChar" declared implicitly
  	BEGIN_CMD();
..\HARDWARE\HMI_DRIVE\src\hmi_driver.c(962): warning:  #223-D: function "delay_ms" declared implicitly
  	END_CMD();
..\HARDWARE\HMI_DRIVE\src\hmi_driver.c(967): warning:  #223-D: function "HMI_SendSingleChar" declared implicitly
  	BEGIN_CMD();
..\HARDWARE\HMI_DRIVE\src\hmi_driver.c(971): warning:  #223-D: function "delay_ms" declared implicitly
  	END_CMD();
..\HARDWARE\HMI_DRIVE\src\hmi_driver.c(976): warning:  #223-D: function "HMI_SendSingleChar" declared implicitly
  	BEGIN_CMD();
..\HARDWARE\HMI_DRIVE\src\hmi_driver.c(980): warning:  #223-D: function "delay_ms" declared implicitly
  	END_CMD();
..\HARDWARE\HMI_DRIVE\src\hmi_driver.c(985): warning:  #223-D: function "HMI_SendSingleChar" declared implicitly
  	BEGIN_CMD();
..\HARDWARE\HMI_DRIVE\src\hmi_driver.c(992): warning:  #223-D: function "delay_ms" declared implicitly
  	END_CMD();
..\HARDWARE\HMI_DRIVE\src\hmi_driver.c(997): warning:  #223-D: function "HMI_SendSingleChar" declared implicitly
  	BEGIN_CMD();
..\HARDWARE\HMI_DRIVE\src\hmi_driver.c(1005): warning:  #223-D: function "delay_ms" declared implicitly
  	END_CMD();
..\HARDWARE\HMI_DRIVE\src\hmi_driver.c(1015): warning:  #223-D: function "HMI_SendSingleChar" declared implicitly
  	BEGIN_CMD();
..\HARDWARE\HMI_DRIVE\src\hmi_driver.c(1017): warning:  #223-D: function "delay_ms" declared implicitly
  	END_CMD();
..\HARDWARE\HMI_DRIVE\src\hmi_driver.c(1023): warning:  #223-D: function "HMI_SendSingleChar" declared implicitly
  	BEGIN_CMD();
..\HARDWARE\HMI_DRIVE\src\hmi_driver.c(1032): warning:  #223-D: function "delay_ms" declared implicitly
  	END_CMD();
..\HARDWARE\HMI_DRIVE\src\hmi_driver.c(1094): warning:  #1-D: last line of file ends without a newline
  }
..\HARDWARE\HMI_DRIVE\src\hmi_driver.c: 183 warnings, 0 errors
compiling Bell.c...
..\HARDWARE\Other\Bell\Bell.c(24): warning:  #111-D: statement is unreachable
  	if(cmd)
..\HARDWARE\Other\Bell\Bell.c: 1 warning, 0 errors
compiling led.c...
compiling w25qxx.c...
..\HARDWARE\Flash\w25qxx.c(250): warning:  #223-D: function "delay_us" declared implicitly
      delay_us(3);                               //等待TPD  
..\HARDWARE\Flash\w25qxx.c(258): warning:  #223-D: function "delay_us" declared implicitly
      delay_us(3);                               //等待TRES1
..\HARDWARE\Flash\w25qxx.c: 2 warnings, 0 errors
compiling 24cxx.c...
compiling EEP_I2C.c...
compiling hmi_usart.c...
..\SYSTEM\Timer\timer.h(20): warning:  #1-D: last line of file ends without a newline
  #endif
..\LWIP\arch/cc.h(89): warning:  #1-D: last line of file ends without a newline
  #endif /* __CC_H__ */
..\APP\APP_Params.h(520): warning:  #1-D: last line of file ends without a newline
  #endif
..\HARDWARE\TemperatureHumidity\DHTxx.h(27): warning:  #1-D: last line of file ends without a newline
  #endif
..\HARDWARE\GPIO\GPIO.h(261): warning:  #1295-D: Deprecated declaration Check_Dispensing_IO_Status - give arg types
  POWER_STATUS Check_Dispensing_IO_Status();
..\HARDWARE\GPIO\GPIO.h(263): warning:  #1-D: last line of file ends without a newline
  #endif
..\HARDWARE\HMI_DRIVE\inc\hmi_usart.h(21): warning:  #1-D: last line of file ends without a newline
  #endif
..\APP\App_Comm.h(12): warning:  #1-D: last line of file ends without a newline
  #endif
..\HARDWARE\HMI_DRIVE\inc\hmi_usart.h(21): warning:  #1-D: last line of file ends without a newline
  #endif
..\HARDWARE\HMI_DRIVE\src\hmi_usart.c: 9 warnings, 0 errors
compiling Flash_spi.c...
compiling lan8720.c...
..\HARDWARE\ETHERNET\lan8720.c(266): warning:  #1-D: last line of file ends without a newline
  }
..\HARDWARE\ETHERNET\lan8720.c: 1 warning, 0 errors
compiling DHTxx.c...
..\SYSTEM\Timer\timer.h(20): warning:  #1-D: last line of file ends without a newline
  #endif
..\LWIP\arch/cc.h(89): warning:  #1-D: last line of file ends without a newline
  #endif /* __CC_H__ */
..\APP\APP_Params.h(520): warning:  #1-D: last line of file ends without a newline
  #endif
..\HARDWARE\TemperatureHumidity\DHTxx.h(27): warning:  #1-D: last line of file ends without a newline
  #endif
..\HARDWARE\GPIO\GPIO.h(261): warning:  #1295-D: Deprecated declaration Check_Dispensing_IO_Status - give arg types
  POWER_STATUS Check_Dispensing_IO_Status();
..\HARDWARE\GPIO\GPIO.h(263): warning:  #1-D: last line of file ends without a newline
  #endif
..\HARDWARE\HMI_DRIVE\inc\hmi_usart.h(21): warning:  #1-D: last line of file ends without a newline
  #endif
..\APP\App_Comm.h(12): warning:  #1-D: last line of file ends without a newline
  #endif
..\HARDWARE\TemperatureHumidity\DHTxx.h(27): warning:  #1-D: last line of file ends without a newline
  #endif
..\HARDWARE\TemperatureHumidity\DHTxx.c: 9 warnings, 0 errors
compiling bsp_esp8266.c...
..\SYSTEM\Timer\timer.h(20): warning:  #1-D: last line of file ends without a newline
  #endif
..\LWIP\arch/cc.h(89): warning:  #1-D: last line of file ends without a newline
  #endif /* __CC_H__ */
..\APP\APP_Params.h(520): warning:  #1-D: last line of file ends without a newline
  #endif
..\HARDWARE\TemperatureHumidity\DHTxx.h(27): warning:  #1-D: last line of file ends without a newline
  #endif
..\HARDWARE\GPIO\GPIO.h(261): warning:  #1295-D: Deprecated declaration Check_Dispensing_IO_Status - give arg types
  POWER_STATUS Check_Dispensing_IO_Status();
..\HARDWARE\GPIO\GPIO.h(263): warning:  #1-D: last line of file ends without a newline
  #endif
..\HARDWARE\HMI_DRIVE\inc\hmi_usart.h(21): warning:  #1-D: last line of file ends without a newline
  #endif
..\APP\App_Comm.h(12): warning:  #1-D: last line of file ends without a newline
  #endif
..\HARDWARE\COMM\bsp_esp8266.c: 8 warnings, 0 errors
compiling Pressure.c...
..\SYSTEM\Timer\timer.h(20): warning:  #1-D: last line of file ends without a newline
  #endif
..\LWIP\arch/cc.h(89): warning:  #1-D: last line of file ends without a newline
  #endif /* __CC_H__ */
..\APP\APP_Params.h(520): warning:  #1-D: last line of file ends without a newline
  #endif
..\HARDWARE\TemperatureHumidity\DHTxx.h(27): warning:  #1-D: last line of file ends without a newline
  #endif
..\HARDWARE\GPIO\GPIO.h(261): warning:  #1295-D: Deprecated declaration Check_Dispensing_IO_Status - give arg types
  POWER_STATUS Check_Dispensing_IO_Status();
..\HARDWARE\GPIO\GPIO.h(263): warning:  #1-D: last line of file ends without a newline
  #endif
..\HARDWARE\HMI_DRIVE\inc\hmi_usart.h(21): warning:  #1-D: last line of file ends without a newline
  #endif
..\APP\App_Comm.h(12): warning:  #1-D: last line of file ends without a newline
  #endif
..\HARDWARE\Pressure\Pressure.c(399): warning:  #940-D: missing return statement at end of non-void function "getOutputPercent" 
  }
..\HARDWARE\Pressure\Pressure.c(442): warning:  #1035-D: single-precision operand implicitly converted to double-precision
  	float _DeltaPressure_Vacuum = 8.7224*Sys_Params.Pressure_Param.Targetvacuum +0.4392-0.5704*Sys_Params.Pressure_Param.Targetvacuum*Sys_Params.Pressure_Param.Targetvacuum; //负压转换为正压
..\HARDWARE\Pressure\Pressure.c(442): warning:  #1035-D: single-precision operand implicitly converted to double-precision
  	float _DeltaPressure_Vacuum = 8.7224*Sys_Params.Pressure_Param.Targetvacuum +0.4392-0.5704*Sys_Params.Pressure_Param.Targetvacuum*Sys_Params.Pressure_Param.Targetvacuum; //负压转换为正压
..\HARDWARE\Pressure\Pressure.c(456): warning:  #940-D: missing return statement at end of non-void function "getOutputPercent_Vacuum" 
  }
..\HARDWARE\Pressure\Pressure.c(488): warning:  #1-D: last line of file ends without a newline
   
..\HARDWARE\Pressure\Pressure.c: 13 warnings, 0 errors
compiling GPIO.c...
..\LWIP\arch/cc.h(89): warning:  #1-D: last line of file ends without a newline
  #endif /* __CC_H__ */
..\APP\APP_Params.h(520): warning:  #1-D: last line of file ends without a newline
  #endif
..\SYSTEM\Timer\timer.h(20): warning:  #1-D: last line of file ends without a newline
  #endif
..\HARDWARE\TemperatureHumidity\DHTxx.h(27): warning:  #1-D: last line of file ends without a newline
  #endif
..\HARDWARE\GPIO\GPIO.h(263): warning:  #1-D: last line of file ends without a newline
  #endif
..\HARDWARE\HMI_DRIVE\inc\hmi_usart.h(21): warning:  #1-D: last line of file ends without a newline
  #endif
..\APP\App_Comm.h(12): warning:  #1-D: last line of file ends without a newline
  #endif
..\HARDWARE\GPIO\gpio.h(261): warning:  #1295-D: Deprecated declaration Check_Dispensing_IO_Status - give arg types
  POWER_STATUS Check_Dispensing_IO_Status();
..\HARDWARE\GPIO\gpio.h(263): warning:  #1-D: last line of file ends without a newline
  #endif
..\HARDWARE\GPIO\GPIO.c(228): warning:  #188-D: enumerated type mixed with another type
  		_Power_Status=(GPIO_IN[DI_FOOT_SWITCH].GPIO_Value)||(GPIO_IN[DI_DISPENSE_SWITCH].GPIO_Value);
..\HARDWARE\GPIO\GPIO.c: 10 warnings, 0 errors
compiling bsp_hc05.c...
..\SYSTEM\Timer\timer.h(20): warning:  #1-D: last line of file ends without a newline
  #endif
..\LWIP\arch/cc.h(89): warning:  #1-D: last line of file ends without a newline
  #endif /* __CC_H__ */
..\APP\APP_Params.h(520): warning:  #1-D: last line of file ends without a newline
  #endif
..\HARDWARE\TemperatureHumidity\DHTxx.h(27): warning:  #1-D: last line of file ends without a newline
  #endif
..\HARDWARE\GPIO\GPIO.h(261): warning:  #1295-D: Deprecated declaration Check_Dispensing_IO_Status - give arg types
  POWER_STATUS Check_Dispensing_IO_Status();
..\HARDWARE\GPIO\GPIO.h(263): warning:  #1-D: last line of file ends without a newline
  #endif
..\HARDWARE\HMI_DRIVE\inc\hmi_usart.h(21): warning:  #1-D: last line of file ends without a newline
  #endif
..\APP\App_Comm.h(12): warning:  #1-D: last line of file ends without a newline
  #endif
..\HARDWARE\COMM\bsp_hc05.c: 8 warnings, 0 errors
assembling startup_stm32f40_41xxx.s...
compiling bsp_ethernet.c...
..\SYSTEM\Timer\timer.h(20): warning:  #1-D: last line of file ends without a newline
  #endif
..\LWIP\arch/cc.h(89): warning:  #1-D: last line of file ends without a newline
  #endif /* __CC_H__ */
..\APP\APP_Params.h(520): warning:  #1-D: last line of file ends without a newline
  #endif
..\HARDWARE\TemperatureHumidity\DHTxx.h(27): warning:  #1-D: last line of file ends without a newline
  #endif
..\HARDWARE\GPIO\GPIO.h(261): warning:  #1295-D: Deprecated declaration Check_Dispensing_IO_Status - give arg types
  POWER_STATUS Check_Dispensing_IO_Status();
..\HARDWARE\GPIO\GPIO.h(263): warning:  #1-D: last line of file ends without a newline
  #endif
..\HARDWARE\HMI_DRIVE\inc\hmi_usart.h(21): warning:  #1-D: last line of file ends without a newline
  #endif
..\APP\App_Comm.h(12): warning:  #1-D: last line of file ends without a newline
  #endif
..\HARDWARE\COMM\bsp_ethernet.c: 8 warnings, 0 errors
compiling sys.c...
compiling Timer.c...
..\SYSTEM\Timer\timer.h(20): warning:  #1-D: last line of file ends without a newline
  #endif
..\SYSTEM\Timer\Timer.c(89): warning:  #1-D: last line of file ends without a newline
  }
..\SYSTEM\Timer\Timer.c: 2 warnings, 0 errors
compiling misc.c...
compiling delay.c...
compiling stm32f4xx_gpio.c...
compiling bsp_comm.c...
..\SYSTEM\Timer\timer.h(20): warning:  #1-D: last line of file ends without a newline
  #endif
..\LWIP\arch/cc.h(89): warning:  #1-D: last line of file ends without a newline
  #endif /* __CC_H__ */
..\APP\APP_Params.h(520): warning:  #1-D: last line of file ends without a newline
  #endif
..\HARDWARE\TemperatureHumidity\DHTxx.h(27): warning:  #1-D: last line of file ends without a newline
  #endif
..\HARDWARE\GPIO\GPIO.h(261): warning:  #1295-D: Deprecated declaration Check_Dispensing_IO_Status - give arg types
  POWER_STATUS Check_Dispensing_IO_Status();
..\HARDWARE\GPIO\GPIO.h(263): warning:  #1-D: last line of file ends without a newline
  #endif
..\HARDWARE\HMI_DRIVE\inc\hmi_usart.h(21): warning:  #1-D: last line of file ends without a newline
  #endif
..\APP\App_Comm.h(12): warning:  #1-D: last line of file ends without a newline
  #endif
..\HARDWARE\COMM\bsp_comm.c(355): warning:  #550-D: variable "data"  was set but never used
  	u16 data;
..\HARDWARE\COMM\bsp_comm.c(426): warning:  #940-D: missing return statement at end of non-void function "Wifi_Send" 
   }
..\HARDWARE\COMM\bsp_comm.c(501): warning:  #177-D: variable "retry"  was declared but never referenced
      u8 retry=0;
..\HARDWARE\COMM\bsp_comm.c: 11 warnings, 0 errors
compiling stm32f4xx_rcc.c...
compiling stm32f4xx_syscfg.c...
compiling stm32f4xx_spi.c...
compiling stm32f4xx_i2c.c...
compiling stm32f4xx_usart.c...
compiling stm32f4xx_adc.c...
compiling stm32f4xx_dac.c...
compiling stm32f4xx_sdio.c...
compiling stm32f4xx_dma.c...
compiling stm32f4xx_exti.c...
compiling stm32f4xx_iwdg.c...
compiling stm32f4xx_dcmi.c...
compiling stm32f4xx_tim.c...
compiling stm32f4x7_eth.c...
compiling malloc.c...
compiling list.c...
compiling croutine.c...
compiling timers.c...
compiling event_groups.c...
compiling queue.c...
compiling tasks.c...
compiling shell_cmd_list.c...
compiling shell.c...
compiling shell_ext.c...
compiling sys_wdg.c...
..\FreeRTOS\Core\sys_wdg.c(77): warning:  #1-D: last line of file ends without a newline
  /************************************文件结束*********************************/
..\FreeRTOS\Core\sys_wdg.c: 1 warning, 0 errors
compiling stm32f4xx_it.c...
compiling system_stm32f4xx.c...
compiling heap_4.c...
compiling port.c...
compiling etharp.c...
..\LWIP\arch/cc.h(89): warning:  #1-D: last line of file ends without a newline
  #endif /* __CC_H__ */
..\LWIP\lwip-1.4.1\src\netif\etharp.c: 1 warning, 0 errors
compiling dhcp.c...
..\LWIP\arch/cc.h(89): warning:  #1-D: last line of file ends without a newline
  #endif /* __CC_H__ */
..\LWIP\lwip-1.4.1\src\core\dhcp.c: 1 warning, 0 errors
compiling dns.c...
..\LWIP\arch/cc.h(89): warning:  #1-D: last line of file ends without a newline
  #endif /* __CC_H__ */
..\LWIP\lwip-1.4.1\src\core\dns.c: 1 warning, 0 errors
compiling def.c...
..\LWIP\arch/cc.h(89): warning:  #1-D: last line of file ends without a newline
  #endif /* __CC_H__ */
..\LWIP\lwip-1.4.1\src\core\def.c: 1 warning, 0 errors
compiling lwip_sys.c...
..\LWIP\arch/cc.h(89): warning:  #1-D: last line of file ends without a newline
  #endif /* __CC_H__ */
..\LWIP\lwip-1.4.1\src\core\lwip_sys.c: 1 warning, 0 errors
compiling ethernetif.c...
..\LWIP\arch/cc.h(89): warning:  #1-D: last line of file ends without a newline
  #endif /* __CC_H__ */
..\SYSTEM\Timer\timer.h(20): warning:  #1-D: last line of file ends without a newline
  #endif
..\APP\APP_Params.h(520): warning:  #1-D: last line of file ends without a newline
  #endif
..\HARDWARE\TemperatureHumidity\DHTxx.h(27): warning:  #1-D: last line of file ends without a newline
  #endif
..\HARDWARE\GPIO\GPIO.h(261): warning:  #1295-D: Deprecated declaration Check_Dispensing_IO_Status - give arg types
  POWER_STATUS Check_Dispensing_IO_Status();
..\HARDWARE\GPIO\GPIO.h(263): warning:  #1-D: last line of file ends without a newline
  #endif
..\HARDWARE\HMI_DRIVE\inc\hmi_usart.h(21): warning:  #1-D: last line of file ends without a newline
  #endif
..\APP\App_Comm.h(12): warning:  #1-D: last line of file ends without a newline
  #endif
..\LWIP\lwip-1.4.1\src\netif\ethernetif.c: 8 warnings, 0 errors
compiling init.c...
..\LWIP\arch/cc.h(89): warning:  #1-D: last line of file ends without a newline
  #endif /* __CC_H__ */
..\LWIP\lwip-1.4.1\src\core\init.c: 1 warning, 0 errors
compiling mem.c...
..\LWIP\arch/cc.h(89): warning:  #1-D: last line of file ends without a newline
  #endif /* __CC_H__ */
..\LWIP\lwip-1.4.1\src\core\mem.c: 1 warning, 0 errors
compiling stats.c...
..\LWIP\arch/cc.h(89): warning:  #1-D: last line of file ends without a newline
  #endif /* __CC_H__ */
..\LWIP\lwip-1.4.1\src\core\stats.c: 1 warning, 0 errors
compiling raw.c...
..\LWIP\arch/cc.h(89): warning:  #1-D: last line of file ends without a newline
  #endif /* __CC_H__ */
..\LWIP\lwip-1.4.1\src\core\raw.c: 1 warning, 0 errors
compiling pbuf.c...
..\LWIP\arch/cc.h(89): warning:  #1-D: last line of file ends without a newline
  #endif /* __CC_H__ */
..\LWIP\lwip-1.4.1\src\core\pbuf.c: 1 warning, 0 errors
compiling netif.c...
..\LWIP\arch/cc.h(89): warning:  #1-D: last line of file ends without a newline
  #endif /* __CC_H__ */
..\LWIP\lwip-1.4.1\src\core\netif.c: 1 warning, 0 errors
compiling memp.c...
..\LWIP\arch/cc.h(89): warning:  #1-D: last line of file ends without a newline
  #endif /* __CC_H__ */
..\LWIP\lwip-1.4.1\src\core\memp.c: 1 warning, 0 errors
compiling tcp.c...
..\LWIP\arch/cc.h(89): warning:  #1-D: last line of file ends without a newline
  #endif /* __CC_H__ */
..\LWIP\lwip-1.4.1\src\core\tcp.c: 1 warning, 0 errors
compiling tcp_in.c...
..\LWIP\arch/cc.h(89): warning:  #1-D: last line of file ends without a newline
  #endif /* __CC_H__ */
..\LWIP\lwip-1.4.1\src\core\tcp_in.c: 1 warning, 0 errors
compiling autoip.c...
..\LWIP\arch/cc.h(89): warning:  #1-D: last line of file ends without a newline
  #endif /* __CC_H__ */
..\LWIP\lwip-1.4.1\src\core\ipv4\autoip.c: 1 warning, 0 errors
compiling igmp.c...
..\LWIP\arch/cc.h(89): warning:  #1-D: last line of file ends without a newline
  #endif /* __CC_H__ */
..\LWIP\lwip-1.4.1\src\core\ipv4\igmp.c: 1 warning, 0 errors
compiling udp.c...
..\LWIP\arch/cc.h(89): warning:  #1-D: last line of file ends without a newline
  #endif /* __CC_H__ */
..\LWIP\lwip-1.4.1\src\core\udp.c: 1 warning, 0 errors
compiling inet.c...
..\LWIP\arch/cc.h(89): warning:  #1-D: last line of file ends without a newline
  #endif /* __CC_H__ */
..\LWIP\lwip-1.4.1\src\core\ipv4\inet.c: 1 warning, 0 errors
compiling icmp.c...
..\LWIP\arch/cc.h(89): warning:  #1-D: last line of file ends without a newline
  #endif /* __CC_H__ */
..\LWIP\lwip-1.4.1\src\core\ipv4\icmp.c: 1 warning, 0 errors
compiling timers.c...
..\LWIP\arch/cc.h(89): warning:  #1-D: last line of file ends without a newline
  #endif /* __CC_H__ */
..\LWIP\lwip-1.4.1\src\core\timers.c: 1 warning, 0 errors
compiling tcp_out.c...
..\LWIP\arch/cc.h(89): warning:  #1-D: last line of file ends without a newline
  #endif /* __CC_H__ */
..\LWIP\lwip-1.4.1\src\core\tcp_out.c(845): warning:  #550-D: variable "tcphdr"  was set but never used
    struct tcp_hdr *tcphdr;
..\LWIP\lwip-1.4.1\src\core\tcp_out.c(1367): warning:  #550-D: variable "tcphdr"  was set but never used
    struct tcp_hdr *tcphdr;
..\LWIP\lwip-1.4.1\src\core\tcp_out.c: 3 warnings, 0 errors
compiling err.c...
..\LWIP\arch/cc.h(89): warning:  #1-D: last line of file ends without a newline
  #endif /* __CC_H__ */
..\LWIP\lwip-1.4.1\src\api\err.c: 1 warning, 0 errors
compiling inet_chksum.c...
..\LWIP\arch/cc.h(89): warning:  #1-D: last line of file ends without a newline
  #endif /* __CC_H__ */
..\LWIP\lwip-1.4.1\src\core\ipv4\inet_chksum.c: 1 warning, 0 errors
compiling ip_addr.c...
..\LWIP\arch/cc.h(89): warning:  #1-D: last line of file ends without a newline
  #endif /* __CC_H__ */
..\LWIP\lwip-1.4.1\src\core\ipv4\ip_addr.c: 1 warning, 0 errors
compiling ip.c...
..\LWIP\arch/cc.h(89): warning:  #1-D: last line of file ends without a newline
  #endif /* __CC_H__ */
..\LWIP\lwip-1.4.1\src\core\ipv4\ip.c: 1 warning, 0 errors
compiling ip_frag.c...
..\LWIP\arch/cc.h(89): warning:  #1-D: last line of file ends without a newline
  #endif /* __CC_H__ */
..\LWIP\lwip-1.4.1\src\core\ipv4\ip_frag.c: 1 warning, 0 errors
compiling api_lib.c...
..\LWIP\arch/cc.h(89): warning:  #1-D: last line of file ends without a newline
  #endif /* __CC_H__ */
..\LWIP\lwip-1.4.1\src\api\api_lib.c: 1 warning, 0 errors
compiling api_msg.c...
..\LWIP\arch/cc.h(89): warning:  #1-D: last line of file ends without a newline
  #endif /* __CC_H__ */
..\LWIP\lwip-1.4.1\src\api\api_msg.c: 1 warning, 0 errors
compiling netdb.c...
..\LWIP\arch/cc.h(89): warning:  #1-D: last line of file ends without a newline
  #endif /* __CC_H__ */
..\LWIP\lwip-1.4.1\src\api\netdb.c: 1 warning, 0 errors
compiling netifapi.c...
..\LWIP\arch/cc.h(89): warning:  #1-D: last line of file ends without a newline
  #endif /* __CC_H__ */
..\LWIP\lwip-1.4.1\src\api\netifapi.c: 1 warning, 0 errors
compiling sys_arch.c...
..\LWIP\arch/cc.h(89): warning:  #1-D: last line of file ends without a newline
  #endif /* __CC_H__ */
..\LWIP\arch\sys_arch.c: 1 warning, 0 errors
compiling netbuf.c...
..\LWIP\arch/cc.h(89): warning:  #1-D: last line of file ends without a newline
  #endif /* __CC_H__ */
..\LWIP\lwip-1.4.1\src\api\netbuf.c: 1 warning, 0 errors
compiling tcpip.c...
..\LWIP\arch/cc.h(89): warning:  #1-D: last line of file ends without a newline
  #endif /* __CC_H__ */
..\LWIP\lwip-1.4.1\src\api\tcpip.c: 1 warning, 0 errors
compiling sockets.c...
..\LWIP\arch/cc.h(89): warning:  #1-D: last line of file ends without a newline
  #endif /* __CC_H__ */
..\LWIP\lwip-1.4.1\src\api\sockets.c: 1 warning, 0 errors
linking...
Program Size: Code=106812 RO-data=1088 RW-data=2232 ZI-data=834688  
FromELF: creating hex file...
After Build - User command #1: C:\Keil_v5\ARM\ARMCC\bin\fromelf.exe --bin -o ..\BIN\syringe.bin ..\OBJ\syringe.axf
"..\OBJ\syringe.axf" - 0 Error(s), 398 Warning(s).

<h2>Software Packages used:</h2>

Package Vendor: Keil
                http://www.keil.com/pack/Keil.STM32F4xx_DFP.1.0.8.pack
                Keil.STM32F4xx_DFP.1.0.8
                STMicroelectronics STM32F4 Series Device Support, Drivers and Examples

<h2>Collection of Component include folders:</h2>
  C:\Keil_v5\ARM\PACK\Keil\STM32F4xx_DFP\1.0.8\Device\Include

<h2>Collection of Component Files used:</h2>
Build Time Elapsed:  00:00:30
</pre>
</body>
</html>
